Archive member included to satisfy reference by file (symbol)

c:/program files (x86)/gnu tools arm embedded/8 2019-q3-update/bin/../lib/gcc/arm-none-eabi/8.3.1/../../../../arm-none-eabi/lib/thumb/v6-m/nofp\libc_nano.a(lib_a-exit.o)
                              c:/program files (x86)/gnu tools arm embedded/8 2019-q3-update/bin/../lib/gcc/arm-none-eabi/8.3.1/../../../../arm-none-eabi/lib/thumb/v6-m/nofp/crt0.o (exit)
c:/program files (x86)/gnu tools arm embedded/8 2019-q3-update/bin/../lib/gcc/arm-none-eabi/8.3.1/../../../../arm-none-eabi/lib/thumb/v6-m/nofp\libc_nano.a(lib_a-impure.o)
                              c:/program files (x86)/gnu tools arm embedded/8 2019-q3-update/bin/../lib/gcc/arm-none-eabi/8.3.1/../../../../arm-none-eabi/lib/thumb/v6-m/nofp\libc_nano.a(lib_a-exit.o) (_global_impure_ptr)
c:/program files (x86)/gnu tools arm embedded/8 2019-q3-update/bin/../lib/gcc/arm-none-eabi/8.3.1/../../../../arm-none-eabi/lib/thumb/v6-m/nofp\libc_nano.a(lib_a-init.o)
                              c:/program files (x86)/gnu tools arm embedded/8 2019-q3-update/bin/../lib/gcc/arm-none-eabi/8.3.1/../../../../arm-none-eabi/lib/thumb/v6-m/nofp/crt0.o (__libc_init_array)
c:/program files (x86)/gnu tools arm embedded/8 2019-q3-update/bin/../lib/gcc/arm-none-eabi/8.3.1/../../../../arm-none-eabi/lib/thumb/v6-m/nofp\libc_nano.a(lib_a-memset.o)
                              c:/program files (x86)/gnu tools arm embedded/8 2019-q3-update/bin/../lib/gcc/arm-none-eabi/8.3.1/../../../../arm-none-eabi/lib/thumb/v6-m/nofp/crt0.o (memset)
c:/program files (x86)/gnu tools arm embedded/8 2019-q3-update/bin/../lib/gcc/arm-none-eabi/8.3.1/../../../../arm-none-eabi/lib/thumb/v6-m/nofp\libnosys.a(_exit.o)
                              c:/program files (x86)/gnu tools arm embedded/8 2019-q3-update/bin/../lib/gcc/arm-none-eabi/8.3.1/../../../../arm-none-eabi/lib/thumb/v6-m/nofp\libc_nano.a(lib_a-exit.o) (_exit)
c:/program files (x86)/gnu tools arm embedded/8 2019-q3-update/bin/../lib/gcc/arm-none-eabi/8.3.1/thumb/v6-m/nofp\libgcc.a(_thumb1_case_sqi.o)
                              _build/nrf51422_xxac_fds.c.o (__gnu_thumb1_case_sqi)
c:/program files (x86)/gnu tools arm embedded/8 2019-q3-update/bin/../lib/gcc/arm-none-eabi/8.3.1/thumb/v6-m/nofp\libgcc.a(_thumb1_case_uqi.o)
                              _build/nrf51422_xxac_nrf_log_backend_serial.c.o (__gnu_thumb1_case_uqi)
c:/program files (x86)/gnu tools arm embedded/8 2019-q3-update/bin/../lib/gcc/arm-none-eabi/8.3.1/thumb/v6-m/nofp\libgcc.a(_thumb1_case_uhi.o)
                              _build/nrf51422_xxac_fds.c.o (__gnu_thumb1_case_uhi)
c:/program files (x86)/gnu tools arm embedded/8 2019-q3-update/bin/../lib/gcc/arm-none-eabi/8.3.1/thumb/v6-m/nofp\libgcc.a(_udivsi3.o)
                              _build/nrf51422_xxac_bsp.c.o (__aeabi_uidiv)
c:/program files (x86)/gnu tools arm embedded/8 2019-q3-update/bin/../lib/gcc/arm-none-eabi/8.3.1/thumb/v6-m/nofp\libgcc.a(_divsi3.o)
                              _build/nrf51422_xxac_bsp.c.o (__aeabi_idiv)
c:/program files (x86)/gnu tools arm embedded/8 2019-q3-update/bin/../lib/gcc/arm-none-eabi/8.3.1/thumb/v6-m/nofp\libgcc.a(_dvmd_tls.o)
                              c:/program files (x86)/gnu tools arm embedded/8 2019-q3-update/bin/../lib/gcc/arm-none-eabi/8.3.1/thumb/v6-m/nofp\libgcc.a(_udivsi3.o) (__aeabi_idiv0)
c:/program files (x86)/gnu tools arm embedded/8 2019-q3-update/bin/../lib/gcc/arm-none-eabi/8.3.1/thumb/v6-m/nofp\libgcc.a(_fixunssfsi.o)
                              _build/nrf51422_xxac_bsp_sensor.c.o (__aeabi_f2uiz)
c:/program files (x86)/gnu tools arm embedded/8 2019-q3-update/bin/../lib/gcc/arm-none-eabi/8.3.1/thumb/v6-m/nofp\libgcc.a(mulsf3.o)
                              _build/nrf51422_xxac_bsp_sensor.c.o (__aeabi_fmul)
c:/program files (x86)/gnu tools arm embedded/8 2019-q3-update/bin/../lib/gcc/arm-none-eabi/8.3.1/thumb/v6-m/nofp\libgcc.a(subsf3.o)
                              c:/program files (x86)/gnu tools arm embedded/8 2019-q3-update/bin/../lib/gcc/arm-none-eabi/8.3.1/thumb/v6-m/nofp\libgcc.a(_fixunssfsi.o) (__aeabi_fsub)
c:/program files (x86)/gnu tools arm embedded/8 2019-q3-update/bin/../lib/gcc/arm-none-eabi/8.3.1/thumb/v6-m/nofp\libgcc.a(fixsfsi.o)
                              c:/program files (x86)/gnu tools arm embedded/8 2019-q3-update/bin/../lib/gcc/arm-none-eabi/8.3.1/thumb/v6-m/nofp\libgcc.a(_fixunssfsi.o) (__aeabi_f2iz)
c:/program files (x86)/gnu tools arm embedded/8 2019-q3-update/bin/../lib/gcc/arm-none-eabi/8.3.1/thumb/v6-m/nofp\libgcc.a(muldf3.o)
                              _build/nrf51422_xxac_cpt_sht3x_data.c.o (__aeabi_dmul)
c:/program files (x86)/gnu tools arm embedded/8 2019-q3-update/bin/../lib/gcc/arm-none-eabi/8.3.1/thumb/v6-m/nofp\libgcc.a(subdf3.o)
                              _build/nrf51422_xxac_cpt_sht3x_data.c.o (__aeabi_dsub)
c:/program files (x86)/gnu tools arm embedded/8 2019-q3-update/bin/../lib/gcc/arm-none-eabi/8.3.1/thumb/v6-m/nofp\libgcc.a(floatsidf.o)
[...]
Memory Configuration

Name             Origin             Length             Attributes
FLASH            0x0001b000         0x00025000         xr
RAM              0x20001fe8         0x00006018         xrw
*default*        0x00000000         0xffffffff

Linker script and memory map


.text           0x0001b000     0x9ce8
 *(.isr_vector)
 .isr_vector    0x0001b000       0xc0 _build/nrf51422_xxac_gcc_startup_nrf51.S.o
                0x0001b000                __isr_vector
 *(.text*)
 .text          0x0001b0c0       0x48 c:/program files (x86)/gnu tools arm embedded/8 2019-q3-update/bin/../lib/gcc/arm-none-eabi/8.3.1/thumb/v6-m/nofp/crtbegin.o
 .text          0x0001b108       0x78 c:/program files (x86)/gnu tools arm embedded/8 2019-q3-update/bin/../lib/gcc/arm-none-eabi/8.3.1/../../../../arm-none-eabi/lib/thumb/v6-m/nofp/crt0.o
                0x0001b108                _start
                0x0001b108                _mainCRTStartup
 .text.exit     0x0001b180       0x2c c:/program files (x86)/gnu tools arm embedded/8 2019-q3-update/bin/../lib/gcc/arm-none-eabi/8.3.1/../../../../arm-none-eabi/lib/thumb/v6-m/nofp\libc_nano.a(lib_a-exit.o)
                0x0001b180                exit
 .text.__libc_init_array
                0x0001b1ac       0x48 c:/program files (x86)/gnu tools arm embedded/8 2019-q3-update/bin/../lib/gcc/arm-none-eabi/8.3.1/../../../../arm-none-eabi/lib/thumb/v6-m/nofp\libc_nano.a(lib_a-init.o)
                0x0001b1ac                __libc_init_array
 .text.memset   0x0001b1f4       0x10 c:/program files (x86)/gnu tools arm embedded/8 2019-q3-update/bin/../lib/gcc/arm-none-eabi/8.3.1/../../../../arm-none-eabi/lib/thumb/v6-m/nofp\libc_nano.a(lib_a-memset.o)
                0x0001b1f4                memset
 .text._exit    0x0001b204        0x4 c:/program files (x86)/gnu tools arm embedded/8 2019-q3-update/bin/../lib/gcc/arm-none-eabi/8.3.1/../../../../arm-none-eabi/lib/thumb/v6-m/nofp\libnosys.a(_exit.o)
                0x0001b204                _exit
 .text.serial_tx
                0x0001b208       0x2a _build/nrf51422_xxac_nrf_log_backend_serial.c.o
 *fill*         0x0001b232        0x2 
 .text.nrf_log_backend_serial_hexdump_handler
                0x0001b234      0x140 _build/nrf51422_xxac_nrf_log_backend_serial.c.o
 .text.nrf_log_backend_serial_std_handler
                0x0001b374      0x138 _build/nrf51422_xxac_nrf_log_backend_serial.c.o
 .text.nrf_log_backend_init
                0x0001b4ac       0x2c _build/nrf51422_xxac_nrf_log_backend_serial.c.o
                0x0001b4ac                nrf_log_backend_init
 .text.nrf_log_backend_std_handler_get
                0x0001b4d8        0x8 _build/nrf51422_xxac_nrf_log_backend_serial.c.o
                0x0001b4d8                nrf_log_backend_std_handler_get
 .text.nrf_log_backend_hexdump_handler_get
                0x0001b4e0        0x8 _build/nrf51422_xxac_nrf_log_backend_serial.c.o
                0x0001b4e0                nrf_log_backend_hexdump_handler_get
 .text.nrf_log_direct_feed
                0x0001b4e8       0x18 _build/nrf51422_xxac_nrf_log_frontend.c.o
 .text.nrf_log_init
                0x0001b500       0x24 _build/nrf51422_xxac_nrf_log_frontend.c.o
                0x0001b500                nrf_log_init
 .text.nrf_log_frontend_std_0
                0x0001b524        0xc _build/nrf51422_xxac_nrf_log_frontend.c.o
                0x0001b524                nrf_log_frontend_std_0
 .text.nrf_log_frontend_std_1
                0x0001b530        0xe _build/nrf51422_xxac_nrf_log_frontend.c.o
                0x0001b530                nrf_log_frontend_std_1
 *fill*         0x0001b53e        0x2 
 .text.app_error_handler_bare
                0x0001b540       0x1c _build/nrf51422_xxac_app_error.c.o
                0x0001b540                app_error_handler_bare
 .text.app_error_fault_handler
                0x0001b55c       0x28 _build/nrf51422_xxac_app_error_weak.c.o
                0x0001b55c                app_error_fault_handler
 .text.user_op_alloc
                0x0001b584       0x2c _build/nrf51422_xxac_app_timer.c.o
 .text.timer_stop_op_schedule
                0x0001b5b0       0x58 _build/nrf51422_xxac_app_timer.c.o
 .text.nrf_delay_us.part.1.constprop.6
                0x0001b608       0x2c _build/nrf51422_xxac_app_timer.c.o
 .text.rtc1_stop
                0x0001b634       0x44 _build/nrf51422_xxac_app_timer.c.o
 .text.RTC1_IRQHandler
                0x0001b678       0xbc _build/nrf51422_xxac_app_timer.c.o
                0x0001b678                RTC1_IRQHandler
 .text.SWI0_IRQHandler
                0x0001b734      0x370 _build/nrf51422_xxac_app_timer.c.o
                0x0001b734                SWI0_IRQHandler
 .text.app_timer_init
                0x0001baa4       0xa4 _build/nrf51422_xxac_app_timer.c.o
                0x0001baa4                app_timer_init
 .text.app_timer_create
                0x0001bb48       0x30 _build/nrf51422_xxac_app_timer.c.o
                0x0001bb48                app_timer_create
 .text.app_timer_start
                0x0001bb78       0x98 _build/nrf51422_xxac_app_timer.c.o
                0x0001bb78                app_timer_start
 .text.app_timer_stop
                0x0001bc10       0x2c _build/nrf51422_xxac_app_timer.c.o
                0x0001bc10                app_timer_stop
 .text.app_util_critical_region_enter
                0x0001bc3c       0x3c _build/nrf51422_xxac_app_util_platform.c.o
                0x0001bc3c                app_util_critical_region_enter
 .text.app_util_critical_region_exit
                0x0001bc78       0x2c _build/nrf51422_xxac_app_util_platform.c.o
                0x0001bc78                app_util_critical_region_exit
 .text.event_send
                0x0001bca4       0x20 _build/nrf51422_xxac_fds.c.o
 .text.write_space_reserve
                0x0001bcc4       0x50 _build/nrf51422_xxac_fds.c.o
 .text.gc_page_erase
                0x0001bd14       0x48 _build/nrf51422_xxac_fds.c.o
 .text.page_tag_write_swap
                0x0001bd5c       0x24 _build/nrf51422_xxac_fds.c.o
 .text.page_tag_write_data
                0x0001bd80       0x1c _build/nrf51422_xxac_fds.c.o
 .text.record_header_flag_dirty
                0x0001bd9c       0x38 _build/nrf51422_xxac_fds.c.o
 .text.gc_record_copy
                0x0001bdd4       0x34 _build/nrf51422_xxac_fds.c.o
 .text.record_find_next
                0x0001be08       0x58 _build/nrf51422_xxac_fds.c.o
 .text.record_find_by_desc
                0x0001be60       0xac _build/nrf51422_xxac_fds.c.o
 .text.record_find
                0x0001bf0c       0x84 _build/nrf51422_xxac_fds.c.o
 .text.gc_record_find_next
                0x0001bf90       0x20 _build/nrf51422_xxac_fds.c.o
 .text.queue_process
                0x0001bfb0      0x534 _build/nrf51422_xxac_fds.c.o
 .text.fs_event_handler
                0x0001c4e4        0xa _build/nrf51422_xxac_fds.c.o
 *fill*         0x0001c4ee        0x2 
 .text.queue_start
                0x0001c4f0       0x1c _build/nrf51422_xxac_fds.c.o
 .text.chunk_queue_next
                0x0001c50c       0x18 _build/nrf51422_xxac_fds.c.o
                0x0001c50c                chunk_queue_next
 .text.op_enqueue
                0x0001c524       0x8c _build/nrf51422_xxac_fds.c.o
 .text.write_enqueue
                0x0001c5b0      0x10c _build/nrf51422_xxac_fds.c.o
 .text.fds_record_open
                0x0001c6bc       0x48 _build/nrf51422_xxac_fds.c.o
                0x0001c6bc                fds_record_open
 .text.fds_record_close
                0x0001c704       0x44 _build/nrf51422_xxac_fds.c.o
                0x0001c704                fds_record_close
 .text.fds_reserve
                0x0001c748       0x34 _build/nrf51422_xxac_fds.c.o
                0x0001c748                fds_reserve
 .text.fds_reserve_cancel
                0x0001c77c       0x44 _build/nrf51422_xxac_fds.c.o
                0x0001c77c                fds_reserve_cancel
 .text.fds_record_write
                0x0001c7c0        0xc _build/nrf51422_xxac_fds.c.o
                0x0001c7c0                fds_record_write
 .text.fds_record_write_reserved
                0x0001c7cc       0x14 _build/nrf51422_xxac_fds.c.o
                0x0001c7cc                fds_record_write_reserved
 .text.fds_record_update
                0x0001c7e0       0x16 _build/nrf51422_xxac_fds.c.o
                0x0001c7e0                fds_record_update
 *fill*         0x0001c7f6        0x2 
 .text.fds_file_delete
                0x0001c7f8       0x48 _build/nrf51422_xxac_fds.c.o
                0x0001c7f8                fds_file_delete
 .text.fds_record_find
                0x0001c840       0x16 _build/nrf51422_xxac_fds.c.o
                0x0001c840                fds_record_find
 .text.fds_record_find_by_key
                0x0001c856       0x16 _build/nrf51422_xxac_fds.c.o
                0x0001c856                fds_record_find_by_key
 .text.fds_record_find_in_file
                0x0001c86c       0x16 _build/nrf51422_xxac_fds.c.o
                0x0001c86c                fds_record_find_in_file
 .text.fds_record_id_from_desc
                0x0001c882       0x14 _build/nrf51422_xxac_fds.c.o
                0x0001c882                fds_record_id_from_desc
 .text.sd_flash_write
                0x0001c896        0x4 _build/nrf51422_xxac_fstorage.c.o
 .text.sd_flash_page_erase
                0x0001c89a        0x4 _build/nrf51422_xxac_fstorage.c.o
 *fill*         0x0001c89e        0x2 
 .text.queue_advance
                0x0001c8a0       0x30 _build/nrf51422_xxac_fstorage.c.o
 .text.queue_get_next_free
                0x0001c8d0       0x34 _build/nrf51422_xxac_fstorage.c.o
 .text.send_event
                0x0001c904       0x52 _build/nrf51422_xxac_fstorage.c.o
 *fill*         0x0001c956        0x2 
 .text.queue_process
                0x0001c958       0x78 _build/nrf51422_xxac_fstorage.c.o
 .text.queue_start
                0x0001c9d0       0x1c _build/nrf51422_xxac_fstorage.c.o
 .text.fs_store
                0x0001c9ec       0x8c _build/nrf51422_xxac_fstorage.c.o
                0x0001c9ec                fs_store
 .text.fs_erase
                0x0001ca78       0x80 _build/nrf51422_xxac_fstorage.c.o
                0x0001ca78                fs_erase
 .text.fs_queued_op_count_get
                0x0001caf8       0x18 _build/nrf51422_xxac_fstorage.c.o
                0x0001caf8                fs_queued_op_count_get
 .text.fs_sys_event_handler
                0x0001cb10       0xb8 _build/nrf51422_xxac_fstorage.c.o
                0x0001cb10                fs_sys_event_handler
 .text.sdk_mapped_flags_first_key_index_get
                0x0001cbc8       0x20 _build/nrf51422_xxac_sdk_mapped_flags.c.o
                0x0001cbc8                sdk_mapped_flags_first_key_index_get
 .text.sdk_mapped_flags_bulk_update_by_key
                0x0001cbe8       0x48 _build/nrf51422_xxac_sdk_mapped_flags.c.o
                0x0001cbe8                sdk_mapped_flags_bulk_update_by_key
 .text.sdk_mapped_flags_update_by_key
                0x0001cc30        0xe _build/nrf51422_xxac_sdk_mapped_flags.c.o
                0x0001cc30                sdk_mapped_flags_update_by_key
 .text.sdk_mapped_flags_get_by_key
                0x0001cc3e       0x24 _build/nrf51422_xxac_sdk_mapped_flags.c.o
                0x0001cc3e                sdk_mapped_flags_get_by_key
 .text.sdk_mapped_flags_key_list_get
                0x0001cc62       0x2a _build/nrf51422_xxac_sdk_mapped_flags.c.o
                0x0001cc62                sdk_mapped_flags_key_list_get
 .text._GetAvailWriteSpace
                0x0001cc8c       0x12 _build/nrf51422_xxac_SEGGER_RTT.c.o
 .text._WriteNoCheck
                0x0001cc9e       0x30 _build/nrf51422_xxac_SEGGER_RTT.c.o
 .text._WriteBlocking
                0x0001ccce       0x5a _build/nrf51422_xxac_SEGGER_RTT.c.o
 .text._DoInit  0x0001cd28       0x64 _build/nrf51422_xxac_SEGGER_RTT.c.o
 .text.SEGGER_RTT_WriteNoLock
                0x0001cd8c       0x6c _build/nrf51422_xxac_SEGGER_RTT.c.o
                0x0001cd8c                SEGGER_RTT_WriteNoLock
 .text.SEGGER_RTT_Init
                0x0001cdf8       0x14 _build/nrf51422_xxac_SEGGER_RTT.c.o
                0x0001cdf8                SEGGER_RTT_Init
 .text.bsp_board_led_state_get
                0x0001ce0c       0x1c _build/nrf51422_xxac_boards.c.o
                0x0001ce0c                bsp_board_led_state_get
 .text.bsp_board_led_on
                0x0001ce28       0x1c _build/nrf51422_xxac_boards.c.o
                0x0001ce28                bsp_board_led_on
 .text.bsp_board_led_off
                0x0001ce44       0x18 _build/nrf51422_xxac_boards.c.o
                0x0001ce44                bsp_board_led_off
 .text.bsp_board_leds_off
                0x0001ce5c       0x1c _build/nrf51422_xxac_boards.c.o
                0x0001ce5c                bsp_board_leds_off
 .text.bsp_board_leds_on
                0x0001ce78       0x1c _build/nrf51422_xxac_boards.c.o
                0x0001ce78                bsp_board_leds_on
 .text.bsp_board_led_invert
                0x0001ce94       0x30 _build/nrf51422_xxac_boards.c.o
                0x0001ce94                bsp_board_led_invert
 .text.bsp_board_button_idx_to_pin
                0x0001cec4        0xc _build/nrf51422_xxac_boards.c.o
                0x0001cec4                bsp_board_button_idx_to_pin
 .text.nrf_drv_common_irq_enable
                0x0001ced0       0x64 _build/nrf51422_xxac_nrf_drv_common.c.o
                0x0001ced0                nrf_drv_common_irq_enable
 .text.nrf_gpio_cfg_sense_set
                0x0001cf34       0x24 _build/nrf51422_xxac_nrf_drv_gpiote.c.o
 .text.GPIOTE_IRQHandler
                0x0001cf58      0x160 _build/nrf51422_xxac_nrf_drv_gpiote.c.o
                0x0001cf58                GPIOTE_IRQHandler
 .text.rx_done_event.constprop.11
                0x0001d0b8       0x1c _build/nrf51422_xxac_nrf_drv_uart.c.o
 .text.UART0_IRQHandler
                0x0001d0d4      0x14c _build/nrf51422_xxac_nrf_drv_uart.c.o
                0x0001d0d4                UART0_IRQHandler
 .text.twi_transfer
                0x0001d220       0xd0 _build/nrf51422_xxac_hal_drv_twi.c.o
 .text.twi_tx_start_transfer.part.2
                0x0001d2f0       0x3c _build/nrf51422_xxac_hal_drv_twi.c.o
 .text.twi_rx_start_transfer
                0x0001d32c       0x7c _build/nrf51422_xxac_hal_drv_twi.c.o
 .text.nrf_delay_us.part.1.constprop.5
                0x0001d3a8       0x2c _build/nrf51422_xxac_hal_drv_twi.c.o
 .text.twi_tx_start_transfer
                0x0001d3d4       0x9c _build/nrf51422_xxac_hal_drv_twi.c.o
 .text.nrf_drv_twi_init
                0x0001d470      0x154 _build/nrf51422_xxac_hal_drv_twi.c.o
                0x0001d470                nrf_drv_twi_init
 .text.nrf_drv_twi_enable
                0x0001d5c4       0x20 _build/nrf51422_xxac_hal_drv_twi.c.o
                0x0001d5c4                nrf_drv_twi_enable
 .text.nrf_drv_twi_xfer
                0x0001d5e4       0xd8 _build/nrf51422_xxac_hal_drv_twi.c.o
                0x0001d5e4                nrf_drv_twi_xfer
 .text.nrf_drv_twi_tx
                0x0001d6bc       0x3a _build/nrf51422_xxac_hal_drv_twi.c.o
                0x0001d6bc                nrf_drv_twi_tx
 .text.nrf_drv_twi_rx
                0x0001d6f6       0x34 _build/nrf51422_xxac_hal_drv_twi.c.o
                0x0001d6f6                nrf_drv_twi_rx
 *fill*         0x0001d72a        0x2 
 .text.SPI0_TWI0_IRQHandler
                0x0001d72c       0xbc _build/nrf51422_xxac_hal_drv_twi.c.o
                0x0001d72c                SPI0_TWI0_IRQHandler
 .text.read_data
                0x0001d7e8       0x68 _build/nrf51422_xxac_cpt_sht3x_data.c.o
                0x0001d7e8                read_data
 .text.twi_handler
                0x0001d850       0xd4 _build/nrf51422_xxac_cpt_sht3x_data.c.o
                0x0001d850                twi_handler
 .text.twi_init
                0x0001d924       0x3c _build/nrf51422_xxac_cpt_sht3x_data.c.o
                0x0001d924                twi_init
 .text.sht3x_set_mode
                0x0001d960       0x40 _build/nrf51422_xxac_cpt_sht3x_data.c.o
                0x0001d960                sht3x_set_mode
 .text.sht3x_set_SENSOR
                0x0001d9a0       0x48 _build/nrf51422_xxac_cpt_sht3x_data.c.o
                0x0001d9a0                sht3x_set_SENSOR
 .text.nrf_delay_us.constprop.0
                0x0001d9e8       0x30 _build/nrf51422_xxac_bsp_sensor.c.o
 .text.bsp_Sensor0init
                0x0001da18        0x8 _build/nrf51422_xxac_bsp_sensor.c.o
                0x0001da18                bsp_Sensor0init
 .text.bsp_ReadSensor0read
                0x0001da20       0xc0 _build/nrf51422_xxac_bsp_sensor.c.o
                0x0001da20                bsp_ReadSensor0read
 .text.bsp_ReadSensor1read
                0x0001dae0       0xb8 _build/nrf51422_xxac_bsp_sensor.c.o
                0x0001dae0                bsp_ReadSensor1read
 .text.bsp_ReadSensor2read
                0x0001db98       0xb8 _build/nrf51422_xxac_bsp_sensor.c.o
                0x0001db98                bsp_ReadSensor2read
 .text.bsp_ReadSensor3read
                0x0001dc50       0xb8 _build/nrf51422_xxac_bsp_sensor.c.o
                0x0001dc50                bsp_ReadSensor3read
 .text.bsp_ReadSensor4read
                0x0001dd08       0xb8 _build/nrf51422_xxac_bsp_sensor.c.o
                0x0001dd08                bsp_ReadSensor4read
 .text.bsp_ReadSensor5read
                0x0001ddc0       0xb8 _build/nrf51422_xxac_bsp_sensor.c.o
                0x0001ddc0                bsp_ReadSensor5read
 .text.bsp_ReadSensor6read
                0x0001de78       0xb4 _build/nrf51422_xxac_bsp_sensor.c.o
                0x0001de78                bsp_ReadSensor6read
 .text.bsp_ReadSensor7read
                0x0001df2c       0xb8 _build/nrf51422_xxac_bsp_sensor.c.o
                0x0001df2c                bsp_ReadSensor7read
 .text.bsp_led_indication
                0x0001dfe4      0x1ec _build/nrf51422_xxac_bsp.c.o
 .text.bsp_indication_set
                0x0001e1d0       0x1c _build/nrf51422_xxac_bsp.c.o
                0x0001e1d0                bsp_indication_set
 .text.bsp_event_to_button_action_assign
                0x0001e1ec       0x50 _build/nrf51422_xxac_bsp.c.o
                0x0001e1ec                bsp_event_to_button_action_assign
 .text.bsp_wakeup_button_enable
                0x0001e23c       0x2c _build/nrf51422_xxac_bsp.c.o
                0x0001e23c                bsp_wakeup_button_enable
 .text.advertising_buttons_configure
                0x0001e268       0x3c _build/nrf51422_xxac_bsp_btn_ble.c.o
 .text.bsp_btn_ble_sleep_mode_prepare
                0x0001e2a4       0x22 _build/nrf51422_xxac_bsp_btn_ble.c.o
                0x0001e2a4                bsp_btn_ble_sleep_mode_prepare
 *fill*         0x0001e2c6        0x2 
 .text.bsp_btn_ble_on_ble_evt
                0x0001e2c8       0x88 _build/nrf51422_xxac_bsp_btn_ble.c.o
                0x0001e2c8                bsp_btn_ble_on_ble_evt
 .text.startup.main
                0x0001e350       0x1c _build/nrf51422_xxac_main.c.o
                0x0001e350                main
 .text.sd_ble_gap_disconnect
                0x0001e36c        0x4 _build/nrf51422_xxac_ble_interface.c.o
 .text.sd_ble_gap_appearance_set
                0x0001e370        0x4 _build/nrf51422_xxac_ble_interface.c.o
 .text.sd_ble_gap_ppcp_set
                0x0001e374        0x4 _build/nrf51422_xxac_ble_interface.c.o
 .text.sd_ble_gap_device_name_set
                0x0001e378        0x4 _build/nrf51422_xxac_ble_interface.c.o
 .text.sd_ble_gatts_rw_authorize_reply
                0x0001e37c        0x4 _build/nrf51422_xxac_ble_interface.c.o
 .text.sd_ble_user_mem_reply
                0x0001e380        0x4 _build/nrf51422_xxac_ble_interface.c.o
 .text.sd_power_system_off
                0x0001e384        0x4 _build/nrf51422_xxac_ble_interface.c.o
 .text.sd_app_evt_wait
                0x0001e388        0x4 _build/nrf51422_xxac_ble_interface.c.o
 .text.battery_level_meas_timeout_handler
                0x0001e38c        0x2 _build/nrf51422_xxac_ble_interface.c.o
 .text.conn_params_error_handler
                0x0001e38e        0x8 _build/nrf51422_xxac_ble_interface.c.o
 .text.sleep_mode_enter
                0x0001e396       0x2a _build/nrf51422_xxac_ble_interface.c.o
 .text.gatt_evt_handler
                0x0001e3c0       0x10 _build/nrf51422_xxac_ble_interface.c.o
                0x0001e3c0                gatt_evt_handler
 .text.heart_rate_meas_timeout_handler
                0x0001e3d0       0x64 _build/nrf51422_xxac_ble_interface.c.o
 .text.sys_evt_dispatch
                0x0001e434       0x10 _build/nrf51422_xxac_ble_interface.c.o
 .text.ble_evt_dispatch
                0x0001e444       0xe4 _build/nrf51422_xxac_ble_interface.c.o
 .text.on_conn_params_evt
                0x0001e528       0x20 _build/nrf51422_xxac_ble_interface.c.o
 .text.on_adv_evt
                0x0001e548       0x2c _build/nrf51422_xxac_ble_interface.c.o
 .text.rr_interval_timeout_handler
                0x0001e574      0x128 _build/nrf51422_xxac_ble_interface.c.o
 .text.sensor_contact_detected_timeout_handler
                0x0001e69c        0x2 _build/nrf51422_xxac_ble_interface.c.o
 .text.advertising_start
                0x0001e69e       0x12 _build/nrf51422_xxac_ble_interface.c.o
                0x0001e69e                advertising_start
 .text.gatt_init
                0x0001e6b0       0x1c _build/nrf51422_xxac_ble_interface.c.o
                0x0001e6b0                gatt_init
 .text.ble_init
                0x0001e6cc      0x34c _build/nrf51422_xxac_ble_interface.c.o
                0x0001e6cc                ble_init
 .text.sd_ble_gap_address_get
                0x0001ea18        0x4 _build/nrf51422_xxac_ble_advdata.c.o
 .text.sd_ble_gap_adv_data_set
                0x0001ea1c        0x4 _build/nrf51422_xxac_ble_advdata.c.o
 .text.sd_ble_gap_appearance_get
                0x0001ea20        0x4 _build/nrf51422_xxac_ble_advdata.c.o
 .text.sd_ble_gap_device_name_get
                0x0001ea24        0x4 _build/nrf51422_xxac_ble_advdata.c.o
 .text.sd_ble_uuid_encode
                0x0001ea28        0x4 _build/nrf51422_xxac_ble_advdata.c.o
 .text.uuid_list_sized_encode
                0x0001ea2c       0xb8 _build/nrf51422_xxac_ble_advdata.c.o
 .text.uuid_list_encode
                0x0001eae4       0x34 _build/nrf51422_xxac_ble_advdata.c.o
 .text.adv_data_encode
                0x0001eb18      0x3a0 _build/nrf51422_xxac_ble_advdata.c.o
                0x0001eb18                adv_data_encode
 .text.ble_advdata_set
                0x0001eeb8       0x62 _build/nrf51422_xxac_ble_advdata.c.o
                0x0001eeb8                ble_advdata_set
 .text.sd_ble_gap_adv_start
                0x0001ef1a        0x4 _build/nrf51422_xxac_ble_advertising.c.o
 *fill*         0x0001ef1e        0x2 
 .text.ble_advertising_init
                0x0001ef20      0x16c _build/nrf51422_xxac_ble_advertising.c.o
                0x0001ef20                ble_advertising_init
 .text.ble_advertising_start
                0x0001f08c      0x220 _build/nrf51422_xxac_ble_advertising.c.o
                0x0001f08c                ble_advertising_start
 .text.ble_advertising_on_ble_evt
                0x0001f2ac       0x6c _build/nrf51422_xxac_ble_advertising.c.o
                0x0001f2ac                ble_advertising_on_ble_evt
 .text.ble_advertising_on_sys_evt
                0x0001f318       0x38 _build/nrf51422_xxac_ble_advertising.c.o
                0x0001f318                ble_advertising_on_sys_evt
 .text.sd_ble_gap_conn_param_update
                0x0001f350        0x4 _build/nrf51422_xxac_ble_conn_params.c.o
 .text.sd_ble_gap_disconnect
                0x0001f354        0x4 _build/nrf51422_xxac_ble_conn_params.c.o
 .text.sd_ble_gap_ppcp_set
                0x0001f358        0x4 _build/nrf51422_xxac_ble_conn_params.c.o
 .text.sd_ble_gap_ppcp_get
                0x0001f35c        0x4 _build/nrf51422_xxac_ble_conn_params.c.o
 .text.update_timeout_handler
                0x0001f360       0x70 _build/nrf51422_xxac_ble_conn_params.c.o
 .text.conn_params_negotiation
                0x0001f3d0       0x7c _build/nrf51422_xxac_ble_conn_params.c.o
 .text.ble_conn_params_init
                0x0001f44c       0x70 _build/nrf51422_xxac_ble_conn_params.c.o
                0x0001f44c                ble_conn_params_init
 .text.ble_conn_params_on_ble_evt
                0x0001f4bc       0xac _build/nrf51422_xxac_ble_conn_params.c.o
                0x0001f4bc                ble_conn_params_on_ble_evt
 .text.ble_conn_state_on_ble_evt
                0x0001f568       0xe8 _build/nrf51422_xxac_ble_conn_state.c.o
                0x0001f568                ble_conn_state_on_ble_evt
 .text.ble_conn_state_role
                0x0001f650       0x30 _build/nrf51422_xxac_ble_conn_state.c.o
                0x0001f650                ble_conn_state_role
 .text.ble_conn_state_encrypted
                0x0001f680       0x14 _build/nrf51422_xxac_ble_conn_state.c.o
                0x0001f680                ble_conn_state_encrypted
 .text.ble_conn_state_mitm_protected
                0x0001f694       0x14 _build/nrf51422_xxac_ble_conn_state.c.o
                0x0001f694                ble_conn_state_mitm_protected
 .text.ble_conn_state_conn_handles
                0x0001f6a8       0x18 _build/nrf51422_xxac_ble_conn_state.c.o
                0x0001f6a8                ble_conn_state_conn_handles
 .text.ble_conn_state_user_flag_get
                0x0001f6c0       0x24 _build/nrf51422_xxac_ble_conn_state.c.o
                0x0001f6c0                ble_conn_state_user_flag_get
 .text.ble_conn_state_user_flag_set
                0x0001f6e4       0x24 _build/nrf51422_xxac_ble_conn_state.c.o
                0x0001f6e4                ble_conn_state_user_flag_set
 .text.ble_conn_state_user_flag_collection
                0x0001f708       0x1c _build/nrf51422_xxac_ble_conn_state.c.o
                0x0001f708                ble_conn_state_user_flag_collection
 .text.ble_srv_is_notification_enabled
                0x0001f724        0x8 _build/nrf51422_xxac_ble_srv_common.c.o
                0x0001f724                ble_srv_is_notification_enabled
 .text.ble_srv_report_ref_encode
                0x0001f72c        0xc _build/nrf51422_xxac_ble_srv_common.c.o
                0x0001f72c                ble_srv_report_ref_encode
 .text.ble_srv_ascii_to_utf8
                0x0001f738       0x12 _build/nrf51422_xxac_ble_srv_common.c.o
                0x0001f738                ble_srv_ascii_to_utf8
 .text.evt_send.part.0
                0x0001f74a        0x8 _build/nrf51422_xxac_gatt_cache_manager.c.o
 *fill*         0x0001f752        0x2 
 .text.local_db_update_in_evt
                0x0001f754       0x80 _build/nrf51422_xxac_gatt_cache_manager.c.o
 .text.local_db_apply_in_evt
                0x0001f7d4       0x84 _build/nrf51422_xxac_gatt_cache_manager.c.o
 .text.service_changed_pending_flags_check
                0x0001f858       0xf0 _build/nrf51422_xxac_gatt_cache_manager.c.o
 .text.gcm_gscm_evt_handler
                0x0001f948       0x68 _build/nrf51422_xxac_gatt_cache_manager.c.o
                0x0001f948                gcm_gscm_evt_handler
 .text.gcm_im_evt_handler
                0x0001f9b0       0x2c _build/nrf51422_xxac_gatt_cache_manager.c.o
                0x0001f9b0                gcm_im_evt_handler
 .text.gcm_smd_evt_handler
                0x0001f9dc       0x10 _build/nrf51422_xxac_gatt_cache_manager.c.o
                0x0001f9dc                gcm_smd_evt_handler
 .text.gcm_ble_evt_handler
                0x0001f9ec       0xec _build/nrf51422_xxac_gatt_cache_manager.c.o
                0x0001f9ec                gcm_ble_evt_handler
 .text.sd_ble_gatts_service_changed
                0x0001fad8        0x4 _build/nrf51422_xxac_gatts_cache_manager.c.o
 .text.sd_ble_gatts_sys_attr_set
                0x0001fadc        0x4 _build/nrf51422_xxac_gatts_cache_manager.c.o
 .text.sd_ble_gatts_sys_attr_get
                0x0001fae0        0x4 _build/nrf51422_xxac_gatts_cache_manager.c.o
 .text.service_changed_pending_set
                0x0001fae4       0x3c _build/nrf51422_xxac_gatts_cache_manager.c.o
 .text.gscm_pdb_evt_handler
                0x0001fb20       0x4c _build/nrf51422_xxac_gatts_cache_manager.c.o
                0x0001fb20                gscm_pdb_evt_handler
 .text.gscm_local_db_cache_update
                0x0001fb6c       0x88 _build/nrf51422_xxac_gatts_cache_manager.c.o
                0x0001fb6c                gscm_local_db_cache_update
 .text.gscm_local_db_cache_apply
                0x0001fbf4       0x80 _build/nrf51422_xxac_gatts_cache_manager.c.o
                0x0001fbf4                gscm_local_db_cache_apply
 .text.gscm_service_changed_ind_needed
                0x0001fc74       0x1c _build/nrf51422_xxac_gatts_cache_manager.c.o
                0x0001fc74                gscm_service_changed_ind_needed
 .text.gscm_service_changed_ind_send
                0x0001fc90       0x2c _build/nrf51422_xxac_gatts_cache_manager.c.o
                0x0001fc90                gscm_service_changed_ind_send
 .text.gscm_db_change_notification_done
                0x0001fcbc       0x1c _build/nrf51422_xxac_gatts_cache_manager.c.o
                0x0001fcbc                gscm_db_change_notification_done
 .text.sd_ecb_block_encrypt
                0x0001fcd8        0x4 _build/nrf51422_xxac_id_manager.c.o
 .text.evt_send
                0x0001fcdc       0x10 _build/nrf51422_xxac_id_manager.c.o
 .text.get_free_connection
                0x0001fcec       0x2c _build/nrf51422_xxac_id_manager.c.o
                0x0001fcec                get_free_connection
 .text.get_connection_by_conn_handle
                0x0001fd18       0x38 _build/nrf51422_xxac_id_manager.c.o
                0x0001fd18                get_connection_by_conn_handle
 .text.new_connection
                0x0001fd50       0x5c _build/nrf51422_xxac_id_manager.c.o
                0x0001fd50                new_connection
 .text.is_valid_irk
                0x0001fdac       0x18 _build/nrf51422_xxac_id_manager.c.o
                0x0001fdac                is_valid_irk
 .text.addr_compare
                0x0001fdc4       0x28 _build/nrf51422_xxac_id_manager.c.o
                0x0001fdc4                addr_compare
 .text.im_is_duplicate_bonding_data
                0x0001fdec       0x34 _build/nrf51422_xxac_id_manager.c.o
                0x0001fdec                im_is_duplicate_bonding_data
 .text.im_peer_id_get_by_conn_handle
                0x0001fe20       0x20 _build/nrf51422_xxac_id_manager.c.o
                0x0001fe20                im_peer_id_get_by_conn_handle
 .text.im_ble_addr_get
                0x0001fe40       0x2c _build/nrf51422_xxac_id_manager.c.o
                0x0001fe40                im_ble_addr_get
 .text.im_conn_handle_get
                0x0001fe6c       0x2c _build/nrf51422_xxac_id_manager.c.o
                0x0001fe6c                im_conn_handle_get
 .text.im_pdb_evt_handler
                0x0001fe98       0x68 _build/nrf51422_xxac_id_manager.c.o
                0x0001fe98                im_pdb_evt_handler
 .text.im_master_id_is_valid
                0x0001ff00       0x20 _build/nrf51422_xxac_id_manager.c.o
                0x0001ff00                im_master_id_is_valid
 .text.im_master_ids_compare
                0x0001ff20       0x2a _build/nrf51422_xxac_id_manager.c.o
                0x0001ff20                im_master_ids_compare
 *fill*         0x0001ff4a        0x2 
 .text.im_peer_id_get_by_master_id
                0x0001ff4c       0x4c _build/nrf51422_xxac_id_manager.c.o
                0x0001ff4c                im_peer_id_get_by_master_id
 .text.im_new_peer_id
                0x0001ff98       0x1c _build/nrf51422_xxac_id_manager.c.o
                0x0001ff98                im_new_peer_id
 .text.im_peer_free
                0x0001ffb4       0x40 _build/nrf51422_xxac_id_manager.c.o
                0x0001ffb4                im_peer_free
 .text.ah       0x0001fff4       0x58 _build/nrf51422_xxac_id_manager.c.o
                0x0001fff4                ah
 .text.im_address_resolve
                0x0002004c       0x42 _build/nrf51422_xxac_id_manager.c.o
                0x0002004c                im_address_resolve
 *fill*         0x0002008e        0x2 
 .text.im_ble_evt_handler
                0x00020090       0xb8 _build/nrf51422_xxac_id_manager.c.o
                0x00020090                im_ble_evt_handler
 .text.nrf_ble_gatt_init
                0x00020148        0x4 _build/nrf51422_xxac_nrf_ble_gatt.c.o
                0x00020148                nrf_ble_gatt_init
 .text.nrf_ble_gatt_on_ble_evt
                0x0002014c        0x2 _build/nrf51422_xxac_nrf_ble_gatt.c.o
                0x0002014c                nrf_ble_gatt_on_ble_evt
 .text.peer_data_id_is_valid
                0x0002014e       0x16 _build/nrf51422_xxac_peer_data_storage.c.o
 .text.peer_data_find
                0x00020164       0x30 _build/nrf51422_xxac_peer_data_storage.c.o
 .text.pds_evt_send.part.0
                0x00020194        0x8 _build/nrf51422_xxac_peer_data_storage.c.o
 .text.peer_data_delete
                0x0002019c       0x8c _build/nrf51422_xxac_peer_data_storage.c.o
 .text.pds_peer_data_read
                0x00020228       0x6c _build/nrf51422_xxac_peer_data_storage.c.o
                0x00020228                pds_peer_data_read
 .text.pds_peer_data_iterate_prepare
                0x00020294       0x14 _build/nrf51422_xxac_peer_data_storage.c.o
                0x00020294                pds_peer_data_iterate_prepare
 .text.pds_peer_data_iterate
                0x000202a8       0x58 _build/nrf51422_xxac_peer_data_storage.c.o
                0x000202a8                pds_peer_data_iterate
 .text.pds_space_reserve
                0x00020300       0x2c _build/nrf51422_xxac_peer_data_storage.c.o
                0x00020300                pds_space_reserve
 .text.pds_space_reserve_cancel
                0x0002032c       0x12 _build/nrf51422_xxac_peer_data_storage.c.o
                0x0002032c                pds_space_reserve_cancel
 *fill*         0x0002033e        0x2 
 .text.pds_peer_data_store
                0x00020340       0xb0 _build/nrf51422_xxac_peer_data_storage.c.o
                0x00020340                pds_peer_data_store
 .text.pds_peer_id_allocate
                0x000203f0       0x10 _build/nrf51422_xxac_peer_data_storage.c.o
                0x000203f0                pds_peer_id_allocate
 .text.pds_peer_id_free
                0x00020400       0x16 _build/nrf51422_xxac_peer_data_storage.c.o
                0x00020400                pds_peer_id_free
 .text.pds_peer_id_is_allocated
                0x00020416        0x8 _build/nrf51422_xxac_peer_data_storage.c.o
                0x00020416                pds_peer_id_is_allocated
 .text.pds_next_peer_id_get
                0x0002041e        0x8 _build/nrf51422_xxac_peer_data_storage.c.o
                0x0002041e                pds_next_peer_id_get
 .text.pds_next_deleted_peer_id_get
                0x00020426        0x8 _build/nrf51422_xxac_peer_data_storage.c.o
                0x00020426                pds_next_deleted_peer_id_get
 *fill*         0x0002042e        0x2 
 .text.pdb_evt_send
                0x00020430       0x1c _build/nrf51422_xxac_peer_database.c.o
 .text.write_buf_length_words_set
                0x0002044c       0x2c _build/nrf51422_xxac_peer_database.c.o
 .text.write_buffer_record_find
                0x00020478       0x50 _build/nrf51422_xxac_peer_database.c.o
 .text.write_buffer_record_release
                0x000204c8       0x40 _build/nrf51422_xxac_peer_database.c.o
 .text.pdb_peer_allocate
                0x00020508        0x8 _build/nrf51422_xxac_peer_database.c.o
                0x00020508                pdb_peer_allocate
 .text.pdb_peer_data_ptr_get
                0x00020510        0xa _build/nrf51422_xxac_peer_database.c.o
                0x00020510                pdb_peer_data_ptr_get
 *fill*         0x0002051a        0x2 
 .text.pdb_write_buf_get
                0x0002051c      0x12c _build/nrf51422_xxac_peer_database.c.o
                0x0002051c                pdb_write_buf_get
 .text.pdb_write_buf_release
                0x00020648       0x28 _build/nrf51422_xxac_peer_database.c.o
                0x00020648                pdb_write_buf_release
 .text.pdb_peer_free
                0x00020670       0x70 _build/nrf51422_xxac_peer_database.c.o
                0x00020670                pdb_peer_free
 .text.pdb_write_buf_store_prepare
                0x000206e0       0x68 _build/nrf51422_xxac_peer_database.c.o
                0x000206e0                pdb_write_buf_store_prepare
 .text.pdb_write_buf_store
                0x00020748       0xd4 _build/nrf51422_xxac_peer_database.c.o
                0x00020748                pdb_write_buf_store
 .text.pdb_pds_evt_handler
                0x0002081c      0x144 _build/nrf51422_xxac_peer_database.c.o
                0x0002081c                pdb_pds_evt_handler
 .text.pdb_next_peer_id_get
                0x00020960        0x8 _build/nrf51422_xxac_peer_database.c.o
                0x00020960                pdb_next_peer_id_get
 .text.pdb_next_deleted_peer_id_get
                0x00020968        0x8 _build/nrf51422_xxac_peer_database.c.o
                0x00020968                pdb_next_deleted_peer_id_get
 .text.pdb_raw_store
                0x00020970        0xc _build/nrf51422_xxac_peer_database.c.o
                0x00020970                pdb_raw_store
 .text.claim    0x0002097c       0x38 _build/nrf51422_xxac_peer_id.c.o
 .text.peer_id_allocate
                0x000209b4       0x10 _build/nrf51422_xxac_peer_id.c.o
                0x000209b4                peer_id_allocate
 .text.peer_id_delete
                0x000209c4       0x28 _build/nrf51422_xxac_peer_id.c.o
                0x000209c4                peer_id_delete
 .text.peer_id_free
                0x000209ec       0x24 _build/nrf51422_xxac_peer_id.c.o
                0x000209ec                peer_id_free
 .text.peer_id_is_allocated
                0x00020a10       0x18 _build/nrf51422_xxac_peer_id.c.o
                0x00020a10                peer_id_is_allocated
 .text.peer_id_is_deleted
                0x00020a28       0x18 _build/nrf51422_xxac_peer_id.c.o
                0x00020a28                peer_id_is_deleted
 .text.next_id_get
                0x00020a40       0x30 _build/nrf51422_xxac_peer_id.c.o
                0x00020a40                next_id_get
 .text.peer_id_get_next_used
                0x00020a70       0x30 _build/nrf51422_xxac_peer_id.c.o
                0x00020a70                peer_id_get_next_used
 .text.peer_id_get_next_deleted
                0x00020aa0       0x10 _build/nrf51422_xxac_peer_id.c.o
                0x00020aa0                peer_id_get_next_deleted
 .text.evt_send
                0x00020ab0       0x28 _build/nrf51422_xxac_peer_manager.c.o
 .text.pm_pdb_evt_handler
                0x00020ad8      0x17c _build/nrf51422_xxac_peer_manager.c.o
                0x00020ad8                pm_pdb_evt_handler
 .text.pm_sm_evt_handler
                0x00020c54      0x13c _build/nrf51422_xxac_peer_manager.c.o
                0x00020c54                pm_sm_evt_handler
 .text.pm_gcm_evt_handler
                0x00020d90       0x6e _build/nrf51422_xxac_peer_manager.c.o
                0x00020d90                pm_gcm_evt_handler
 *fill*         0x00020dfe        0x2 
 .text.pm_on_ble_evt
                0x00020e00       0x24 _build/nrf51422_xxac_peer_manager.c.o
                0x00020e00                pm_on_ble_evt
 .text.pm_peer_delete
                0x00020e24       0x1c _build/nrf51422_xxac_peer_manager.c.o
                0x00020e24                pm_peer_delete
 .text.pm_im_evt_handler
                0x00020e40       0x4c _build/nrf51422_xxac_peer_manager.c.o
                0x00020e40                pm_im_evt_handler
 .text.pm_buffer_ptr_get
                0x00020e8c       0x32 _build/nrf51422_xxac_pm_buffer.c.o
                0x00020e8c                pm_buffer_ptr_get
 .text.pm_buffer_release
                0x00020ebe       0x2c _build/nrf51422_xxac_pm_buffer.c.o
                0x00020ebe                pm_buffer_release
 .text.pm_buffer_block_acquire
                0x00020eea       0x60 _build/nrf51422_xxac_pm_buffer.c.o
                0x00020eea                pm_buffer_block_acquire
 .text.pm_mutex_lock
                0x00020f4a       0x3e _build/nrf51422_xxac_pm_mutex.c.o
                0x00020f4a                pm_mutex_lock
 .text.pm_mutex_unlock
                0x00020f88       0x36 _build/nrf51422_xxac_pm_mutex.c.o
                0x00020f88                pm_mutex_unlock
 .text.pm_mutex_lock_first_available
                0x00020fbe       0x64 _build/nrf51422_xxac_pm_mutex.c.o
                0x00020fbe                pm_mutex_lock_first_available
 .text.pm_mutex_lock_status_get
                0x00021022       0x1e _build/nrf51422_xxac_pm_mutex.c.o
                0x00021022                pm_mutex_lock_status_get
 .text.sd_ble_gap_authenticate
                0x00021040        0x4 _build/nrf51422_xxac_security_dispatcher.c.o
 .text.sd_ble_gap_sec_params_reply
                0x00021044        0x4 _build/nrf51422_xxac_security_dispatcher.c.o
 .text.sd_ble_gap_encrypt
                0x00021048        0x4 _build/nrf51422_xxac_security_dispatcher.c.o
 .text.sd_ble_gap_sec_info_reply
                0x0002104c        0x4 _build/nrf51422_xxac_security_dispatcher.c.o
 .text.evt_send
                0x00021050       0x10 _build/nrf51422_xxac_security_dispatcher.c.o
 .text.sec_start_send
                0x00021060       0x22 _build/nrf51422_xxac_security_dispatcher.c.o
 *fill*         0x00021082        0x2 
 .text.encryption_failure
                0x00021084       0x3c _build/nrf51422_xxac_security_dispatcher.c.o
 .text.sec_proc_start
                0x000210c0       0x58 _build/nrf51422_xxac_security_dispatcher.c.o
 .text.link_secure_failure.part.2
                0x00021118       0xa0 _build/nrf51422_xxac_security_dispatcher.c.o
 .text.smd_pdb_evt_handler
                0x000211b8       0x30 _build/nrf51422_xxac_security_dispatcher.c.o
                0x000211b8                smd_pdb_evt_handler
 .text.smd_params_reply
                0x000211e8      0x138 _build/nrf51422_xxac_security_dispatcher.c.o
                0x000211e8                smd_params_reply
 .text.smd_link_secure
                0x00021320      0x194 _build/nrf51422_xxac_security_dispatcher.c.o
                0x00021320                smd_link_secure
 .text.smd_ble_evt_handler
                0x000214b4      0x250 _build/nrf51422_xxac_security_dispatcher.c.o
                0x000214b4                smd_ble_evt_handler
 .text.events_send_from_err_code.part.1
                0x00021704       0x2e _build/nrf51422_xxac_security_manager.c.o
 *fill*         0x00021732        0x2 
 .text.link_secure
                0x00021734       0xf0 _build/nrf51422_xxac_security_manager.c.o
 .text.link_secure_pending_process
                0x00021824       0x64 _build/nrf51422_xxac_security_manager.c.o
 .text.smd_params_reply_perform
                0x00021888       0xf8 _build/nrf51422_xxac_security_manager.c.o
 .text.params_reply_pending_process.part.2
                0x00021980       0x36 _build/nrf51422_xxac_security_manager.c.o
 *fill*         0x000219b6        0x2 
 .text.sm_smd_evt_handler
                0x000219b8       0x74 _build/nrf51422_xxac_security_manager.c.o
                0x000219b8                sm_smd_evt_handler
 .text.sm_pdb_evt_handler
                0x00021a2c       0x58 _build/nrf51422_xxac_security_manager.c.o
                0x00021a2c                sm_pdb_evt_handler
 .text.sm_ble_evt_handler
                0x00021a84       0x14 _build/nrf51422_xxac_security_manager.c.o
                0x00021a84                sm_ble_evt_handler
 .text          0x00021a98       0x4c _build/nrf51422_xxac_gcc_startup_nrf51.S.o
                0x00021a98                Reset_Handler
                0x00021ad8                NMI_Handler
                0x00021ada                HardFault_Handler
                0x00021adc                SVC_Handler
                0x00021ade                PendSV_Handler
                0x00021ae0                SysTick_Handler
                0x00021ae2                POWER_CLOCK_IRQHandler
                0x00021ae2                RTC0_IRQHandler
                0x00021ae2                LPCOMP_IRQHandler
                0x00021ae2                SWI4_IRQHandler
                0x00021ae2                TEMP_IRQHandler
                0x00021ae2                QDEC_IRQHandler
                0x00021ae2                SWI5_IRQHandler
                0x00021ae2                TIMER0_IRQHandler
                0x00021ae2                RADIO_IRQHandler
                0x00021ae2                TIMER1_IRQHandler
                0x00021ae2                ECB_IRQHandler
                0x00021ae2                Default_Handler
                0x00021ae2                ADC_IRQHandler
                0x00021ae2                SWI3_IRQHandler
                0x00021ae2                CCM_AAR_IRQHandler
                0x00021ae2                WDT_IRQHandler
                0x00021ae2                TIMER2_IRQHandler
                0x00021ae2                RNG_IRQHandler
                0x00021ae2                SPI1_TWI1_IRQHandler
                0x00021ae2                SWI1_IRQHandler
 .text.SystemInit
                0x00021ae4       0xd8 _build/nrf51422_xxac_system_nrf51.c.o
                0x00021ae4                SystemInit
 .text.sd_ble_gatts_service_add
                0x00021bbc        0x4 _build/nrf51422_xxac_ble_bas.c.o
 .text.sd_ble_gatts_characteristic_add
                0x00021bc0        0x4 _build/nrf51422_xxac_ble_bas.c.o
 .text.sd_ble_gatts_descriptor_add
                0x00021bc4        0x4 _build/nrf51422_xxac_ble_bas.c.o
 .text.ble_bas_on_ble_evt
                0x00021bc8       0x56 _build/nrf51422_xxac_ble_bas.c.o
                0x00021bc8                ble_bas_on_ble_evt
 *fill*         0x00021c1e        0x2 
 .text.ble_bas_init
                0x00021c20      0x174 _build/nrf51422_xxac_ble_bas.c.o
                0x00021c20                ble_bas_init
 .text.sd_ble_gatts_service_add
                0x00021d94        0x4 _build/nrf51422_xxac_ble_dis.c.o
 .text.sd_ble_gatts_characteristic_add
                0x00021d98        0x4 _build/nrf51422_xxac_ble_dis.c.o
 .text.char_add
                0x00021d9c       0xa4 _build/nrf51422_xxac_ble_dis.c.o
 .text.ble_dis_init
                0x00021e40      0x1a8 _build/nrf51422_xxac_ble_dis.c.o
                0x00021e40                ble_dis_init
 .text.sd_ble_gatts_service_add
                0x00021fe8        0x4 _build/nrf51422_xxac_ble_hrs.c.o
 .text.sd_ble_gatts_characteristic_add
                0x00021fec        0x4 _build/nrf51422_xxac_ble_hrs.c.o
 .text.sd_ble_gatts_hvx
                0x00021ff0        0x4 _build/nrf51422_xxac_ble_hrs.c.o
 .text.hrm_encode
                0x00021ff4       0xa2 _build/nrf51422_xxac_ble_hrs.c.o
 .text.ble_hrs_on_ble_evt
                0x00022096       0x4a _build/nrf51422_xxac_ble_hrs.c.o
                0x00022096                ble_hrs_on_ble_evt
 .text.ble_hrs_init
                0x000220e0      0x178 _build/nrf51422_xxac_ble_hrs.c.o
                0x000220e0                ble_hrs_init
 .text.ble_hrs_heart_rate_measurement_send
                0x00022258       0x60 _build/nrf51422_xxac_ble_hrs.c.o
                0x00022258                ble_hrs_heart_rate_measurement_send
 .text.ble_hrs_rr_interval_add
                0x000222b8       0x30 _build/nrf51422_xxac_ble_hrs.c.o
                0x000222b8                ble_hrs_rr_interval_add
 .text.ble_hrs_on_gatt_evt
                0x000222e8       0x12 _build/nrf51422_xxac_ble_hrs.c.o
                0x000222e8                ble_hrs_on_gatt_evt
 .text.sd_evt_get
                0x000222fa        0x4 _build/nrf51422_xxac_softdevice_handler.c.o
 .text.sd_softdevice_enable
                0x000222fe        0x4 _build/nrf51422_xxac_softdevice_handler.c.o
 .text.sd_ble_enable
                0x00022302        0x4 _build/nrf51422_xxac_softdevice_handler.c.o
 .text.sd_ble_evt_get
                0x00022306        0x4 _build/nrf51422_xxac_softdevice_handler.c.o
 .text.softdevice_fault_handler
                0x0002230a        0x8 _build/nrf51422_xxac_softdevice_handler.c.o
                0x0002230a                softdevice_fault_handler
 *fill*         0x00022312        0x2 
 .text.sd_nvic_EnableIRQ.constprop.4
                0x00022314       0x38 _build/nrf51422_xxac_softdevice_handler.c.o
 .text.intern_softdevice_events_execute
                0x0002234c       0xac _build/nrf51422_xxac_softdevice_handler.c.o
                0x0002234c                intern_softdevice_events_execute
 .text.softdevice_handler_init
                0x000223f8       0x48 _build/nrf51422_xxac_softdevice_handler.c.o
                0x000223f8                softdevice_handler_init
 .text.softdevice_ble_evt_handler_set
                0x00022440       0x14 _build/nrf51422_xxac_softdevice_handler.c.o
                0x00022440                softdevice_ble_evt_handler_set
 .text.softdevice_sys_evt_handler_set
                0x00022454       0x14 _build/nrf51422_xxac_softdevice_handler.c.o
                0x00022454                softdevice_sys_evt_handler_set
 .text.SWI2_IRQHandler
                0x00022468       0x20 _build/nrf51422_xxac_softdevice_handler.c.o
                0x00022468                SWI2_IRQHandler
 .text.softdevice_enable_get_default_config
                0x00022488       0x2e _build/nrf51422_xxac_softdevice_handler.c.o
                0x00022488                softdevice_enable_get_default_config
 *fill*         0x000224b6        0x2 
 .text.softdevice_enable
                0x000224b8       0x60 _build/nrf51422_xxac_softdevice_handler.c.o
                0x000224b8                softdevice_enable
 .text          0x00022518       0x14 c:/program files (x86)/gnu tools arm embedded/8 2019-q3-update/bin/../lib/gcc/arm-none-eabi/8.3.1/thumb/v6-m/nofp\libgcc.a(_thumb1_case_sqi.o)
                0x00022518                __gnu_thumb1_case_sqi
 .text          0x0002252c       0x14 c:/program files (x86)/gnu tools arm embedded/8 2019-q3-update/bin/../lib/gcc/arm-none-eabi/8.3.1/thumb/v6-m/nofp\libgcc.a(_thumb1_case_uqi.o)
                0x0002252c                __gnu_thumb1_case_uqi
 .text          0x00022540       0x14 c:/program files (x86)/gnu tools arm embedded/8 2019-q3-update/bin/../lib/gcc/arm-none-eabi/8.3.1/thumb/v6-m/nofp\libgcc.a(_thumb1_case_uhi.o)
                0x00022540                __gnu_thumb1_case_uhi
 .text          0x00022554      0x114 c:/program files (x86)/gnu tools arm embedded/8 2019-q3-update/bin/../lib/gcc/arm-none-eabi/8.3.1/thumb/v6-m/nofp\libgcc.a(_udivsi3.o)
                0x00022554                __aeabi_uidiv
                0x00022554                __udivsi3
                0x00022660                __aeabi_uidivmod
 .text          0x00022668      0x1d4 c:/program files (x86)/gnu tools arm embedded/8 2019-q3-update/bin/../lib/gcc/arm-none-eabi/8.3.1/thumb/v6-m/nofp\libgcc.a(_divsi3.o)
                0x00022668                __divsi3
                0x00022668                __aeabi_idiv
                0x00022834                __aeabi_idivmod
 .text          0x0002283c        0x4 c:/program files (x86)/gnu tools arm embedded/8 2019-q3-update/bin/../lib/gcc/arm-none-eabi/8.3.1/thumb/v6-m/nofp\libgcc.a(_dvmd_tls.o)
                0x0002283c                __aeabi_idiv0
                0x0002283c                __aeabi_ldiv0
 .text          0x00022840       0x30 c:/program files (x86)/gnu tools arm embedded/8 2019-q3-update/bin/../lib/gcc/arm-none-eabi/8.3.1/thumb/v6-m/nofp\libgcc.a(_fixunssfsi.o)
                0x00022840                __fixunssfsi
                0x00022840                __aeabi_f2uiz
 .text          0x00022870      0x22c c:/program files (x86)/gnu tools arm embedded/8 2019-q3-update/bin/../lib/gcc/arm-none-eabi/8.3.1/thumb/v6-m/nofp\libgcc.a(mulsf3.o)
                0x00022870                __aeabi_fmul
 .text          0x00022a9c      0x348 c:/program files (x86)/gnu tools arm embedded/8 2019-q3-update/bin/../lib/gcc/arm-none-eabi/8.3.1/thumb/v6-m/nofp\libgcc.a(subsf3.o)
                0x00022a9c                __aeabi_fsub
 .text          0x00022de4       0x40 c:/program files (x86)/gnu tools arm embedded/8 2019-q3-update/bin/../lib/gcc/arm-none-eabi/8.3.1/thumb/v6-m/nofp\libgcc.a(fixsfsi.o)
                0x00022de4                __aeabi_f2iz
 .text          0x00022e24      0x4e4 c:/program files (x86)/gnu tools arm embedded/8 2019-q3-update/bin/../lib/gcc/arm-none-eabi/8.3.1/thumb/v6-m/nofp\libgcc.a(muldf3.o)
                0x00022e24                __aeabi_dmul
 .text          0x00023308      0x738 c:/program files (x86)/gnu tools arm embedded/8 2019-q3-update/bin/../lib/gcc/arm-none-eabi/8.3.1/thumb/v6-m/nofp\libgcc.a(subdf3.o)
                0x00023308                __aeabi_dsub
 .text          0x00023a40       0x78 c:/program files (x86)/gnu tools arm embedded/8 2019-q3-update/bin/../lib/gcc/arm-none-eabi/8.3.1/thumb/v6-m/nofp\libgcc.a(floatsidf.o)
                0x00023a40                __aeabi_i2d
 .text          0x00023ab8      0x110 c:/program files (x86)/gnu tools arm embedded/8 2019-q3-update/bin/../lib/gcc/arm-none-eabi/8.3.1/thumb/v6-m/nofp\libgcc.a(truncdfsf2.o)
                0x00023ab8                __aeabi_d2f
 .text          0x00023bc8       0x74 c:/program files (x86)/gnu tools arm embedded/8 2019-q3-update/bin/../lib/gcc/arm-none-eabi/8.3.1/thumb/v6-m/nofp\libgcc.a(_arm_cmpsf2.o)
                0x00023bc8                __aeabi_cfrcmple
                0x00023bd0                __aeabi_cfcmpeq
                0x00023bd0                __aeabi_cfcmple
                0x00023be0                __aeabi_fcmpeq
                0x00023bec                __aeabi_fcmplt
                0x00023c00                __aeabi_fcmple
                0x00023c14                __aeabi_fcmpgt
                0x00023c28                __aeabi_fcmpge
 .text          0x00023c3c       0x3c c:/program files (x86)/gnu tools arm embedded/8 2019-q3-update/bin/../lib/gcc/arm-none-eabi/8.3.1/thumb/v6-m/nofp\libgcc.a(_clzsi2.o)
                0x00023c3c                __clzsi2
 .text          0x00023c78       0x50 c:/program files (x86)/gnu tools arm embedded/8 2019-q3-update/bin/../lib/gcc/arm-none-eabi/8.3.1/thumb/v6-m/nofp\libgcc.a(eqsf2.o)
                0x00023c78                __eqsf2
                0x00023c78                __nesf2
 .text          0x00023cc8       0x98 c:/program files (x86)/gnu tools arm embedded/8 2019-q3-update/bin/../lib/gcc/arm-none-eabi/8.3.1/thumb/v6-m/nofp\libgcc.a(gesf2.o)
                0x00023cc8                __gesf2
                0x00023cc8                __gtsf2
 .text          0x00023d60       0x94 c:/program files (x86)/gnu tools arm embedded/8 2019-q3-update/bin/../lib/gcc/arm-none-eabi/8.3.1/thumb/v6-m/nofp\libgcc.a(lesf2.o)
                0x00023d60                __ltsf2
                0x00023d60                __lesf2
 .text.memcmp   0x00023df4       0x1c c:/program files (x86)/gnu tools arm embedded/8 2019-q3-update/bin/../lib/gcc/arm-none-eabi/8.3.1/../../../../arm-none-eabi/lib/thumb/v6-m/nofp\libc_nano.a(lib_a-memcmp.o)
                0x00023df4                memcmp
 .text.memcpy   0x00023e10       0x12 c:/program files (x86)/gnu tools arm embedded/8 2019-q3-update/bin/../lib/gcc/arm-none-eabi/8.3.1/../../../../arm-none-eabi/lib/thumb/v6-m/nofp\libc_nano.a(lib_a-memcpy-stub.o)
                0x00023e10                memcpy
 .text.memmove  0x00023e22       0x26 c:/program files (x86)/gnu tools arm embedded/8 2019-q3-update/bin/../lib/gcc/arm-none-eabi/8.3.1/../../../../arm-none-eabi/lib/thumb/v6-m/nofp\libc_nano.a(lib_a-memmove.o)
                0x00023e22                memmove
 .text.snprintf
                0x00023e48       0x64 c:/program files (x86)/gnu tools arm embedded/8 2019-q3-update/bin/../lib/gcc/arm-none-eabi/8.3.1/../../../../arm-none-eabi/lib/thumb/v6-m/nofp\libc_nano.a(lib_a-snprintf.o)
                0x00023e48                sniprintf
                0x00023e48                snprintf
 .text.strcpy   0x00023eac       0x10 c:/program files (x86)/gnu tools arm embedded/8 2019-q3-update/bin/../lib/gcc/arm-none-eabi/8.3.1/../../../../arm-none-eabi/lib/thumb/v6-m/nofp\libc_nano.a(lib_a-strcpy.o)
                0x00023eac                strcpy
 .text          0x00023ebc        0xe c:/program files (x86)/gnu tools arm embedded/8 2019-q3-update/bin/../lib/gcc/arm-none-eabi/8.3.1/../../../../arm-none-eabi/lib/thumb/v6-m/nofp\libc_nano.a(lib_a-strlen.o)
                0x00023ebc                strlen
 *fill*         0x00023eca        0x2 
 .text.__ssputs_r
                0x00023ecc       0xc4 c:/program files (x86)/gnu tools arm embedded/8 2019-q3-update/bin/../lib/gcc/arm-none-eabi/8.3.1/../../../../arm-none-eabi/lib/thumb/v6-m/nofp\libc_nano.a(lib_a-nano-svfprintf.o)
                0x00023ecc                __ssputs_r
 .text._svfprintf_r
                0x00023f90      0x1fc c:/program files (x86)/gnu tools arm embedded/8 2019-q3-update/bin/../lib/gcc/arm-none-eabi/8.3.1/../../../../arm-none-eabi/lib/thumb/v6-m/nofp\libc_nano.a(lib_a-nano-svfprintf.o)
                0x00023f90                _svfiprintf_r
                0x00023f90                _svfprintf_r
 .text._printf_common
                0x0002418c       0xda c:/program files (x86)/gnu tools arm embedded/8 2019-q3-update/bin/../lib/gcc/arm-none-eabi/8.3.1/../../../../arm-none-eabi/lib/thumb/v6-m/nofp\libc_nano.a(lib_a-nano-vfprintf_i.o)
                0x0002418c                _printf_common
 *fill*         0x00024266        0x2 
 .text._printf_i
                0x00024268      0x214 c:/program files (x86)/gnu tools arm embedded/8 2019-q3-update/bin/../lib/gcc/arm-none-eabi/8.3.1/../../../../arm-none-eabi/lib/thumb/v6-m/nofp\libc_nano.a(lib_a-nano-vfprintf_i.o)
                0x00024268                _printf_i
 .text.memchr   0x0002447c       0x16 c:/program files (x86)/gnu tools arm embedded/8 2019-q3-update/bin/../lib/gcc/arm-none-eabi/8.3.1/../../../../arm-none-eabi/lib/thumb/v6-m/nofp\libc_nano.a(lib_a-memchr-stub.o)
                0x0002447c                memchr
 *fill*         0x00024492        0x2 
 .text._free_r  0x00024494       0x94 c:/program files (x86)/gnu tools arm embedded/8 2019-q3-update/bin/../lib/gcc/arm-none-eabi/8.3.1/../../../../arm-none-eabi/lib/thumb/v6-m/nofp\libc_nano.a(lib_a-nano-freer.o)
                0x00024494                _free_r
 .text._malloc_r
                0x00024528       0xbc c:/program files (x86)/gnu tools arm embedded/8 2019-q3-update/bin/../lib/gcc/arm-none-eabi/8.3.1/../../../../arm-none-eabi/lib/thumb/v6-m/nofp\libc_nano.a(lib_a-nano-mallocr.o)
                0x00024528                _malloc_r
 .text._realloc_r
                0x000245e4       0x4c c:/program files (x86)/gnu tools arm embedded/8 2019-q3-update/bin/../lib/gcc/arm-none-eabi/8.3.1/../../../../arm-none-eabi/lib/thumb/v6-m/nofp\libc_nano.a(lib_a-nano-reallocr.o)
                0x000245e4                _realloc_r
 .text._sbrk_r  0x00024630       0x24 c:/program files (x86)/gnu tools arm embedded/8 2019-q3-update/bin/../lib/gcc/arm-none-eabi/8.3.1/../../../../arm-none-eabi/lib/thumb/v6-m/nofp\libc_nano.a(lib_a-sbrkr.o)
                0x00024630                _sbrk_r
 .text.__malloc_lock
                0x00024654       0x10 c:/program files (x86)/gnu tools arm embedded/8 2019-q3-update/bin/../lib/gcc/arm-none-eabi/8.3.1/../../../../arm-none-eabi/lib/thumb/v6-m/nofp\libc_nano.a(lib_a-mlock.o)
                0x00024654                __malloc_lock
 .text.__malloc_unlock
                0x00024664       0x10 c:/program files (x86)/gnu tools arm embedded/8 2019-q3-update/bin/../lib/gcc/arm-none-eabi/8.3.1/../../../../arm-none-eabi/lib/thumb/v6-m/nofp\libc_nano.a(lib_a-mlock.o)
                0x00024664                __malloc_unlock
 .text._malloc_usable_size_r
                0x00024674       0x10 c:/program files (x86)/gnu tools arm embedded/8 2019-q3-update/bin/../lib/gcc/arm-none-eabi/8.3.1/../../../../arm-none-eabi/lib/thumb/v6-m/nofp\libc_nano.a(lib_a-nano-msizer.o)
                0x00024674                _malloc_usable_size_r
 .text.__retarget_lock_acquire_recursive
                0x00024684        0x2 c:/program files (x86)/gnu tools arm embedded/8 2019-q3-update/bin/../lib/gcc/arm-none-eabi/8.3.1/../../../../arm-none-eabi/lib/thumb/v6-m/nofp\libc_nano.a(lib_a-lock.o)
                0x00024684                __retarget_lock_acquire_recursive
 .text.__retarget_lock_release_recursive
                0x00024686        0x2 c:/program files (x86)/gnu tools arm embedded/8 2019-q3-update/bin/../lib/gcc/arm-none-eabi/8.3.1/../../../../arm-none-eabi/lib/thumb/v6-m/nofp\libc_nano.a(lib_a-lock.o)
                0x00024686                __retarget_lock_release_recursive
 .text._sbrk    0x00024688       0x1c c:/program files (x86)/gnu tools arm embedded/8 2019-q3-update/bin/../lib/gcc/arm-none-eabi/8.3.1/../../../../arm-none-eabi/lib/thumb/v6-m/nofp\libnosys.a(sbrk.o)
                0x00024688                _sbrk
 *(.init)
 .init          0x000246a4        0x4 c:/program files (x86)/gnu tools arm embedded/8 2019-q3-update/bin/../lib/gcc/arm-none-eabi/8.3.1/thumb/v6-m/nofp/crti.o
                0x000246a4                _init
 .init          0x000246a8        0x8 c:/program files (x86)/gnu tools arm embedded/8 2019-q3-update/bin/../lib/gcc/arm-none-eabi/8.3.1/thumb/v6-m/nofp/crtn.o
 *(.fini)
 .fini          0x000246b0        0x4 c:/program files (x86)/gnu tools arm embedded/8 2019-q3-update/bin/../lib/gcc/arm-none-eabi/8.3.1/thumb/v6-m/nofp/crti.o
                0x000246b0                _fini
 .fini          0x000246b4        0x8 c:/program files (x86)/gnu tools arm embedded/8 2019-q3-update/bin/../lib/gcc/arm-none-eabi/8.3.1/thumb/v6-m/nofp/crtn.o
 *crtbegin.o(.ctors)
 *crtbegin?.o(.ctors)
 *(EXCLUDE_FILE(*crtend.o *crtend?.o) .ctors)
 *(SORT_BY_NAME(.ctors.*))
 *(.ctors)
 *crtbegin.o(.dtors)
 *crtbegin?.o(.dtors)
 *(EXCLUDE_FILE(*crtend.o *crtend?.o) .dtors)
 *(SORT_BY_NAME(.dtors.*))
 *(.dtors)
 *(.rodata*)
 .rodata._global_impure_ptr
                0x000246bc        0x4 c:/program files (x86)/gnu tools arm embedded/8 2019-q3-update/bin/../lib/gcc/arm-none-eabi/8.3.1/../../../../arm-none-eabi/lib/thumb/v6-m/nofp\libc_nano.a(lib_a-impure.o)
                0x000246bc                _global_impure_ptr
 .rodata.nrf_log_backend_serial_hexdump_handler.str1.1
                0x000246c0        0x7 _build/nrf51422_xxac_nrf_log_backend_serial.c.o
 .rodata.app_error_fault_handler.str1.1
                0x000246c7       0x18 _build/nrf51422_xxac_app_error_weak.c.o
 *fill*         0x000246df        0x1 
 .rodata.m_fds_tl_dirty
                0x000246e0        0x4 _build/nrf51422_xxac_fds.c.o
 .rodata.page_tag_data.6332
                0x000246e4        0x8 _build/nrf51422_xxac_fds.c.o
 .rodata.page_tag_swap.6328
                0x000246ec        0x8 _build/nrf51422_xxac_fds.c.o
 .rodata._DoInit.str1.1
                0x000246f4       0x14 _build/nrf51422_xxac_SEGGER_RTT.c.o
 .rodata.m_board_btn_list
                0x00024708        0x4 _build/nrf51422_xxac_boards.c.o
 .rodata.m_board_led_list
                0x0002470c        0x4 _build/nrf51422_xxac_boards.c.o
 .rodata.m_twi_sht3x
                0x00024710        0x8 _build/nrf51422_xxac_cpt_sht3x_data.c.o
 .rodata.sht3x_set_SENSOR.str1.1
                0x00024718       0x19 _build/nrf51422_xxac_cpt_sht3x_data.c.o
 .rodata.sht3x_set_mode.str1.1
                0x00024731       0x16 _build/nrf51422_xxac_cpt_sht3x_data.c.o
 .rodata.twi_handler.str1.1
                0x00024747       0x39 _build/nrf51422_xxac_cpt_sht3x_data.c.o
 .rodata.bsp_ReadSensor0read.str1.1
                0x00024780       0x50 _build/nrf51422_xxac_bsp_sensor.c.o
 .rodata.bsp_ReadSensor1read.str1.1
                0x000247d0       0x33 _build/nrf51422_xxac_bsp_sensor.c.o
 .rodata.bsp_ReadSensor2read.str1.1
                0x00024803       0x33 _build/nrf51422_xxac_bsp_sensor.c.o
 .rodata.bsp_ReadSensor3read.str1.1
                0x00024836       0x34 _build/nrf51422_xxac_bsp_sensor.c.o
 .rodata.bsp_ReadSensor4read.str1.1
                0x0002486a       0x35 _build/nrf51422_xxac_bsp_sensor.c.o
 .rodata.bsp_ReadSensor5read.str1.1
                0x0002489f       0x36 _build/nrf51422_xxac_bsp_sensor.c.o
 .rodata.bsp_ReadSensor6read.str1.1
                0x000248d5       0x33 _build/nrf51422_xxac_bsp_sensor.c.o
 .rodata.bsp_ReadSensor7read.str1.1
                0x00024908       0x33 _build/nrf51422_xxac_bsp_sensor.c.o
 .rodata.main.str1.1
                0x0002493b       0x19 _build/nrf51422_xxac_main.c.o
 .rodata.ble_evt_dispatch.str1.1
                0x00024954       0x32 _build/nrf51422_xxac_ble_interface.c.o
 .rodata.ble_init.str1.1
                0x00024986       0xa6 _build/nrf51422_xxac_ble_interface.c.o
 .rodata.m_battery_timer_id
                0x00024a2c        0x4 _build/nrf51422_xxac_ble_interface.c.o
 .rodata.m_heart_rate_timer_id
                0x00024a30        0x4 _build/nrf51422_xxac_ble_interface.c.o
 .rodata.m_rr_interval_timer_id
                0x00024a34        0x4 _build/nrf51422_xxac_ble_interface.c.o
 .rodata.m_sensor_contact_timer_id
                0x00024a38        0x4 _build/nrf51422_xxac_ble_interface.c.o
 .rodata.on_adv_evt.str1.1
                0x00024a3c       0x19 _build/nrf51422_xxac_ble_interface.c.o
 *fill*         0x00024a55        0x3 
 .rodata.m_conn_params_timer_id
                0x00024a58        0x4 _build/nrf51422_xxac_ble_conn_params.c.o
 .rodata        0x00024a5c       0x10 _build/nrf51422_xxac_gatts_cache_manager.c.o
 .rodata.service_changed_pending.7203
                0x00024a6c        0x4 _build/nrf51422_xxac_gatts_cache_manager.c.o
 .rodata.service_changed_pending.7266
                0x00024a70        0x4 _build/nrf51422_xxac_gatts_cache_manager.c.o
 .rodata.CSWTCH.10
                0x00024a74        0xa _build/nrf51422_xxac_peer_data_storage.c.o
 *fill*         0x00024a7e        0x2 
 .rodata.m_evt_handlers
                0x00024a80       0x14 _build/nrf51422_xxac_peer_database.c.o
 .rodata.softdevice_enable.str1.1
                0x00024a94       0x9b _build/nrf51422_xxac_softdevice_handler.c.o
 *fill*         0x00024b2f        0x1 
 .rodata        0x00024b30       0x40 c:/program files (x86)/gnu tools arm embedded/8 2019-q3-update/bin/../lib/gcc/arm-none-eabi/8.3.1/thumb/v6-m/nofp\libgcc.a(mulsf3.o)
 .rodata        0x00024b70       0x40 c:/program files (x86)/gnu tools arm embedded/8 2019-q3-update/bin/../lib/gcc/arm-none-eabi/8.3.1/thumb/v6-m/nofp\libgcc.a(muldf3.o)
 .rodata._ctype_
                0x00024bb0      0x101 c:/program files (x86)/gnu tools arm embedded/8 2019-q3-update/bin/../lib/gcc/arm-none-eabi/8.3.1/../../../../arm-none-eabi/lib/thumb/v6-m/nofp\libc_nano.a(lib_a-ctype_.o)
                0x00024bb0                _ctype_
 .rodata._svfprintf_r.str1.1
                0x00024cb1       0x11 c:/program files (x86)/gnu tools arm embedded/8 2019-q3-update/bin/../lib/gcc/arm-none-eabi/8.3.1/../../../../arm-none-eabi/lib/thumb/v6-m/nofp\libc_nano.a(lib_a-nano-svfprintf.o)
 .rodata._printf_i.str1.1
                0x00024cc2       0x22 c:/program files (x86)/gnu tools arm embedded/8 2019-q3-update/bin/../lib/gcc/arm-none-eabi/8.3.1/../../../../arm-none-eabi/lib/thumb/v6-m/nofp\libc_nano.a(lib_a-nano-vfprintf_i.o)
 *(.eh_frame*)
 .eh_frame      0x00024ce4        0x0 c:/program files (x86)/gnu tools arm embedded/8 2019-q3-update/bin/../lib/gcc/arm-none-eabi/8.3.1/thumb/v6-m/nofp/crtbegin.o
 .eh_frame      0x00024ce4        0x4 c:/program files (x86)/gnu tools arm embedded/8 2019-q3-update/bin/../lib/gcc/arm-none-eabi/8.3.1/thumb/v6-m/nofp/crtend.o

.glue_7         0x00024ce8        0x0
 .glue_7        0x00024ce8        0x0 linker stubs

.glue_7t        0x00024ce8        0x0
 .glue_7t       0x00024ce8        0x0 linker stubs

.vfp11_veneer   0x00024ce8        0x0
 .vfp11_veneer  0x00024ce8        0x0 linker stubs

.v4_bx          0x00024ce8        0x0
 .v4_bx         0x00024ce8        0x0 linker stubs

.iplt           0x00024ce8        0x0
 .iplt          0x00024ce8        0x0 c:/program files (x86)/gnu tools arm embedded/8 2019-q3-update/bin/../lib/gcc/arm-none-eabi/8.3.1/thumb/v6-m/nofp/crtbegin.o

.ARM.extab
 *(.ARM.extab* .gnu.linkonce.armextab.*)
                0x00024ce8                __exidx_start = .

.ARM.exidx      0x00024ce8        0x8
 *(.ARM.exidx* .gnu.linkonce.armexidx.*)
 .ARM.exidx     0x00024ce8        0x8 c:/program files (x86)/gnu tools arm embedded/8 2019-q3-update/bin/../lib/gcc/arm-none-eabi/8.3.1/../../../../arm-none-eabi/lib/thumb/v6-m/nofp/crt0.o
                0x00024cf0                __exidx_end = .
                0x00024cf0                __etext = .

.rel.dyn        0x00024cf0        0x0
 .rel.iplt      0x00024cf0        0x0 c:/program files (x86)/gnu tools arm embedded/8 2019-q3-update/bin/../lib/gcc/arm-none-eabi/8.3.1/thumb/v6-m/nofp/crtbegin.o

.data           0x20001fe8       0x9c load address 0x00024cf0
                0x20001fe8                __data_start__ = .
 *(vtable)
 *(.data*)
 .data._impure_ptr
                0x20001fe8        0x4 c:/program files (x86)/gnu tools arm embedded/8 2019-q3-update/bin/../lib/gcc/arm-none-eabi/8.3.1/../../../../arm-none-eabi/lib/thumb/v6-m/nofp\libc_nano.a(lib_a-impure.o)
                0x20001fe8                _impure_ptr
 .data.impure_data
                0x20001fec       0x60 c:/program files (x86)/gnu tools arm embedded/8 2019-q3-update/bin/../lib/gcc/arm-none-eabi/8.3.1/../../../../arm-none-eabi/lib/thumb/v6-m/nofp\libc_nano.a(lib_a-impure.o)
 .data.m_adv_uuids
                0x2000204c        0xc _build/nrf51422_xxac_ble_interface.c.o
 .data.m_conn_handle
                0x20002058        0x2 _build/nrf51422_xxac_ble_interface.c.o
 .data.m_rr_interval_enabled
                0x2000205a        0x1 _build/nrf51422_xxac_ble_interface.c.o
 *fill*         0x2000205b        0x1 
 .data.m_whitelist
                0x2000205c       0x10 _build/nrf51422_xxac_ble_advertising.c.o
 .data.m_flag_sec_proc
                0x2000206c        0x1 _build/nrf51422_xxac_security_dispatcher.c.o
 .data.m_flag_sec_proc_new_peer
                0x2000206d        0x1 _build/nrf51422_xxac_security_dispatcher.c.o
 .data.m_flag_sec_proc_pairing
                0x2000206e        0x1 _build/nrf51422_xxac_security_dispatcher.c.o
 .data.m_flag_link_secure_force_repairing
                0x2000206f        0x1 _build/nrf51422_xxac_security_manager.c.o
 .data.m_flag_link_secure_null_params
                0x20002070        0x1 _build/nrf51422_xxac_security_manager.c.o
 .data.m_flag_link_secure_pending_busy
                0x20002071        0x1 _build/nrf51422_xxac_security_manager.c.o
 .data.m_flag_link_secure_pending_flash_full
                0x20002072        0x1 _build/nrf51422_xxac_security_manager.c.o
 .data.m_flag_params_reply_pending_busy
                0x20002073        0x1 _build/nrf51422_xxac_security_manager.c.o
 .data.m_flag_params_reply_pending_flash_full
                0x20002074        0x1 _build/nrf51422_xxac_security_manager.c.o
 .data.m_flag_reject_pairing
                0x20002075        0x1 _build/nrf51422_xxac_security_manager.c.o
 *fill*         0x20002076        0x2 
 .data.SystemCoreClock
                0x20002078        0x4 _build/nrf51422_xxac_system_nrf51.c.o
                0x20002078                SystemCoreClock
                0x2000207c                . = ALIGN (0x4)
                0x2000207c                PROVIDE (__preinit_array_start = .)
 *(.preinit_array)
                0x2000207c                PROVIDE (__preinit_array_end = .)
                0x2000207c                . = ALIGN (0x4)
                0x2000207c                PROVIDE (__init_array_start = .)
 *(SORT_BY_NAME(.init_array.*))
 *(.init_array)
 .init_array    0x2000207c        0x4 c:/program files (x86)/gnu tools arm embedded/8 2019-q3-update/bin/../lib/gcc/arm-none-eabi/8.3.1/thumb/v6-m/nofp/crtbegin.o
                0x20002080                PROVIDE (__init_array_end = .)
                0x20002080                . = ALIGN (0x4)
                [!provide]                PROVIDE (__fini_array_start = .)
 *(SORT_BY_NAME(.fini_array.*))
 *(.fini_array)
 .fini_array    0x20002080        0x4 c:/program files (x86)/gnu tools arm embedded/8 2019-q3-update/bin/../lib/gcc/arm-none-eabi/8.3.1/thumb/v6-m/nofp/crtbegin.o
                [!provide]                PROVIDE (__fini_array_end = .)
 *(.jcr*)
                0x20002084                . = ALIGN (0x4)
                0x20002084                __data_end__ = .
LOAD c:/program files (x86)/gnu tools arm embedded/8 2019-q3-update/bin/../lib/gcc/arm-none-eabi/8.3.1/thumb/v6-m/nofp/crti.o
LOAD c:/program files (x86)/gnu tools arm embedded/8 2019-q3-update/bin/../lib/gcc/arm-none-eabi/8.3.1/thumb/v6-m/nofp/crtbegin.o
LOAD c:/program files (x86)/gnu tools arm embedded/8 2019-q3-update/bin/../lib/gcc/arm-none-eabi/8.3.1/../../../../arm-none-eabi/lib/thumb/v6-m/nofp/crt0.o
LOAD c:/program files (x86)/gnu tools arm embedded/8 2019-q3-update/bin/../lib/gcc/arm-none-eabi/8.3.1/../../../../arm-none-eabi/lib/thumb/v6-m/nofp\libc_nano.a
LOAD c:/program files (x86)/gnu tools arm embedded/8 2019-q3-update/bin/../lib/gcc/arm-none-eabi/8.3.1/../../../../arm-none-eabi/lib/thumb/v6-m/nofp\libnosys.a
LOAD _build/nrf51422_xxac_nrf_log_backend_serial.c.o
LOAD _build/nrf51422_xxac_nrf_log_frontend.c.o
LOAD _build/nrf51422_xxac_app_button.c.o
LOAD _build/nrf51422_xxac_app_error.c.o
LOAD _build/nrf51422_xxac_app_error_weak.c.o
LOAD _build/nrf51422_xxac_app_timer.c.o
LOAD _build/nrf51422_xxac_app_util_platform.c.o
LOAD _build/nrf51422_xxac_crc16.c.o
LOAD _build/nrf51422_xxac_fds.c.o
LOAD _build/nrf51422_xxac_fstorage.c.o
LOAD _build/nrf51422_xxac_hardfault_implementation.c.o
LOAD _build/nrf51422_xxac_nrf_assert.c.o
LOAD _build/nrf51422_xxac_sdk_errors.c.o
LOAD _build/nrf51422_xxac_sdk_mapped_flags.c.o
LOAD _build/nrf51422_xxac_RTT_Syscalls_GCC.c.o
LOAD _build/nrf51422_xxac_SEGGER_RTT.c.o
LOAD _build/nrf51422_xxac_SEGGER_RTT_printf.c.o
LOAD _build/nrf51422_xxac_sensorsim.c.o
LOAD _build/nrf51422_xxac_boards.c.o
LOAD _build/nrf51422_xxac_nrf_drv_clock.c.o
LOAD _build/nrf51422_xxac_nrf_drv_common.c.o
LOAD _build/nrf51422_xxac_nrf_drv_gpiote.c.o
LOAD _build/nrf51422_xxac_nrf_drv_uart.c.o
LOAD _build/nrf51422_xxac_hal_drv_twi.c.o
LOAD _build/nrf51422_xxac_cpt_sht3x_data.c.o
LOAD _build/nrf51422_xxac_cpt_btn.c.o
LOAD _build/nrf51422_xxac_bsp_sensor.c.o
LOAD _build/nrf51422_xxac_bsp_btn.c.o
LOAD _build/nrf51422_xxac_bsp.c.o
LOAD _build/nrf51422_xxac_bsp_btn_ble.c.o
LOAD _build/nrf51422_xxac_bsp_nfc.c.o
LOAD _build/nrf51422_xxac_main.c.o
LOAD _build/nrf51422_xxac_ble_interface.c.o
LOAD _build/nrf51422_xxac_ble_advdata.c.o
LOAD _build/nrf51422_xxac_ble_advertising.c.o
LOAD _build/nrf51422_xxac_ble_conn_params.c.o
LOAD _build/nrf51422_xxac_ble_conn_state.c.o
LOAD _build/nrf51422_xxac_ble_srv_common.c.o
LOAD _build/nrf51422_xxac_gatt_cache_manager.c.o
LOAD _build/nrf51422_xxac_gatts_cache_manager.c.o
LOAD _build/nrf51422_xxac_id_manager.c.o
LOAD _build/nrf51422_xxac_nrf_ble_gatt.c.o
LOAD _build/nrf51422_xxac_peer_data.c.o
LOAD _build/nrf51422_xxac_peer_data_storage.c.o
LOAD _build/nrf51422_xxac_peer_database.c.o
LOAD _build/nrf51422_xxac_peer_id.c.o
LOAD _build/nrf51422_xxac_peer_manager.c.o
LOAD _build/nrf51422_xxac_pm_buffer.c.o
LOAD _build/nrf51422_xxac_pm_mutex.c.o
LOAD _build/nrf51422_xxac_security_dispatcher.c.o
LOAD _build/nrf51422_xxac_security_manager.c.o
LOAD _build/nrf51422_xxac_gcc_startup_nrf51.S.o
LOAD _build/nrf51422_xxac_system_nrf51.c.o
LOAD _build/nrf51422_xxac_ble_bas.c.o
LOAD _build/nrf51422_xxac_ble_dis.c.o
LOAD _build/nrf51422_xxac_ble_hrs.c.o
LOAD _build/nrf51422_xxac_softdevice_handler.c.o
LOAD c:/program files (x86)/gnu tools arm embedded/8 2019-q3-update/bin/../lib/gcc/arm-none-eabi/8.3.1/../../../../arm-none-eabi/lib/thumb/v6-m/nofp\libm.a
START GROUP
LOAD c:/program files (x86)/gnu tools arm embedded/8 2019-q3-update/bin/../lib/gcc/arm-none-eabi/8.3.1/thumb/v6-m/nofp\libgcc.a
LOAD c:/program files (x86)/gnu tools arm embedded/8 2019-q3-update/bin/../lib/gcc/arm-none-eabi/8.3.1/../../../../arm-none-eabi/lib/thumb/v6-m/nofp\libc_nano.a
END GROUP
START GROUP
LOAD c:/program files (x86)/gnu tools arm embedded/8 2019-q3-update/bin/../lib/gcc/arm-none-eabi/8.3.1/thumb/v6-m/nofp\libgcc.a
LOAD c:/program files (x86)/gnu tools arm embedded/8 2019-q3-update/bin/../lib/gcc/arm-none-eabi/8.3.1/../../../../arm-none-eabi/lib/thumb/v6-m/nofp\libc_nano.a
END GROUP
LOAD c:/program files (x86)/gnu tools arm embedded/8 2019-q3-update/bin/../lib/gcc/arm-none-eabi/8.3.1/thumb/v6-m/nofp/crtend.o
LOAD c:/program files (x86)/gnu tools arm embedded/8 2019-q3-update/bin/../lib/gcc/arm-none-eabi/8.3.1/thumb/v6-m/nofp/crtn.o
START GROUP
LOAD c:/program files (x86)/gnu tools arm embedded/8 2019-q3-update/bin/../lib/gcc/arm-none-eabi/8.3.1/thumb/v6-m/nofp\libgcc.a
LOAD c:/program files (x86)/gnu tools arm embedded/8 2019-q3-update/bin/../lib/gcc/arm-none-eabi/8.3.1/../../../../arm-none-eabi/lib/thumb/v6-m/nofp\libc.a
LOAD c:/program files (x86)/gnu tools arm embedded/8 2019-q3-update/bin/../lib/gcc/arm-none-eabi/8.3.1/../../../../arm-none-eabi/lib/thumb/v6-m/nofp\libnosys.a
END GROUP

.igot.plt       0x20002084        0x0 load address 0x00024d8c
 .igot.plt      0x20002084        0x0 c:/program files (x86)/gnu tools arm embedded/8 2019-q3-update/bin/../lib/gcc/arm-none-eabi/8.3.1/thumb/v6-m/nofp/crtbegin.o

.fs_data        0x20002084       0x10 load address 0x00024d8c
                0x20002084                PROVIDE (__start_fs_data = .)
 *(.fs_data)
 .fs_data       0x20002084       0x10 _build/nrf51422_xxac_fds.c.o
                0x20002094                PROVIDE (__stop_fs_data = .)

.pwr_mgmt_data  0x20002094        0x0
                [!provide]                PROVIDE (__start_pwr_mgmt_data = .)
 *(.pwr_mgmt_data)
                [!provide]                PROVIDE (__stop_pwr_mgmt_data = .)

.bss            0x20002094      0xef0 load address 0x00024d9c
                0x20002094                . = ALIGN (0x4)
                0x20002094                __bss_start__ = .
 *(.bss*)
 .bss           0x20002094       0x1c c:/program files (x86)/gnu tools arm embedded/8 2019-q3-update/bin/../lib/gcc/arm-none-eabi/8.3.1/thumb/v6-m/nofp/crtbegin.o
 .bss.m_blocking_mode
                0x200020b0        0x1 _build/nrf51422_xxac_nrf_log_backend_serial.c.o
 .bss.m_initialized
                0x200020b1        0x1 _build/nrf51422_xxac_nrf_log_backend_serial.c.o
 *fill*         0x200020b2        0x2 
 .bss.m_log_data
                0x200020b4       0x1c _build/nrf51422_xxac_nrf_log_frontend.c.o
 .bss.m_evt_schedule_func
                0x200020d0        0x4 _build/nrf51422_xxac_app_timer.c.o
 .bss.m_op_queue
                0x200020d4        0x8 _build/nrf51422_xxac_app_timer.c.o
 .bss.m_rtc1_reset
                0x200020dc        0x1 _build/nrf51422_xxac_app_timer.c.o
 .bss.m_rtc1_running
                0x200020dd        0x1 _build/nrf51422_xxac_app_timer.c.o
 *fill*         0x200020de        0x2 
 .bss.m_ticks_elapsed
                0x200020e0        0x8 _build/nrf51422_xxac_app_timer.c.o
 .bss.m_ticks_elapsed_q_read_ind
                0x200020e8        0x1 _build/nrf51422_xxac_app_timer.c.o
 .bss.m_ticks_elapsed_q_write_ind
                0x200020e9        0x1 _build/nrf51422_xxac_app_timer.c.o
 *fill*         0x200020ea        0x2 
 .bss.m_ticks_latest
                0x200020ec        0x4 _build/nrf51422_xxac_app_timer.c.o
 .bss.mp_timer_id_head
                0x200020f0        0x4 _build/nrf51422_xxac_app_timer.c.o
 .bss.desc.6561
                0x200020f4        0xc _build/nrf51422_xxac_fds.c.o
 .bss.m_cb_table
                0x20002100       0x20 _build/nrf51422_xxac_fds.c.o
 .bss.m_chunk_queue
                0x20002120       0x48 _build/nrf51422_xxac_fds.c.o
 .bss.m_flags   0x20002168        0x1 _build/nrf51422_xxac_fds.c.o
 *fill*         0x20002169        0x3 
 .bss.m_gc      0x2000216c       0x10 _build/nrf51422_xxac_fds.c.o
 .bss.m_latest_rec_id
                0x2000217c        0x4 _build/nrf51422_xxac_fds.c.o
 .bss.m_op_queue
                0x20002180       0x78 _build/nrf51422_xxac_fds.c.o
 .bss.m_pages   0x200021f8       0x20 _build/nrf51422_xxac_fds.c.o
 .bss.m_swap_page
                0x20002218        0x8 _build/nrf51422_xxac_fds.c.o
 .bss.page.6562
                0x20002220        0x2 _build/nrf51422_xxac_fds.c.o
 *fill*         0x20002222        0x2 
 .bss.tok.6467  0x20002224        0x8 _build/nrf51422_xxac_fds.c.o
 .bss.m_flags   0x2000222c        0x1 _build/nrf51422_xxac_fstorage.c.o
 *fill*         0x2000222d        0x3 
 .bss.m_queue   0x20002230       0x68 _build/nrf51422_xxac_fstorage.c.o
 .bss.m_retry_count
                0x20002298        0x1 _build/nrf51422_xxac_fstorage.c.o
 .bss._acDownBuffer
                0x20002299       0x40 _build/nrf51422_xxac_SEGGER_RTT.c.o
 .bss._acUpBuffer
                0x200022d9      0x400 _build/nrf51422_xxac_SEGGER_RTT.c.o
 *fill*         0x200026d9        0x3 
 .bss.m_cb      0x200026dc       0x4c _build/nrf51422_xxac_nrf_drv_gpiote.c.o
 .bss.m_cb      0x20002728       0x1c _build/nrf51422_xxac_nrf_drv_uart.c.o
 .bss.m_cb      0x20002744       0x28 _build/nrf51422_xxac_hal_drv_twi.c.o
 .bss.m_sample.6282
                0x2000276c        0x6 _build/nrf51422_xxac_cpt_sht3x_data.c.o
 .bss.m_xfer_done
                0x20002772        0x1 _build/nrf51422_xxac_cpt_sht3x_data.c.o
 .bss.reg.6306  0x20002773        0x2 _build/nrf51422_xxac_cpt_sht3x_data.c.o
 .bss.reg.6312  0x20002775        0x1 _build/nrf51422_xxac_cpt_sht3x_data.c.o
 *fill*         0x20002776        0x2 
 .bss.m_alert_timer_id_data
                0x20002778       0x20 _build/nrf51422_xxac_bsp.c.o
 .bss.m_app_ticks_per_100ms
                0x20002798        0x4 _build/nrf51422_xxac_bsp.c.o
 .bss.m_events_list
                0x2000279c        0xc _build/nrf51422_xxac_bsp.c.o
 .bss.m_indication_type
                0x200027a8        0x4 _build/nrf51422_xxac_bsp.c.o
 .bss.m_leds_clear
                0x200027ac        0x1 _build/nrf51422_xxac_bsp.c.o
 *fill*         0x200027ad        0x3 
 .bss.m_leds_timer_id_data
                0x200027b0       0x20 _build/nrf51422_xxac_bsp.c.o
 .bss.m_stable_state
                0x200027d0        0x1 _build/nrf51422_xxac_bsp.c.o
 *fill*         0x200027d1        0x3 
 .bss.m_error_handler
                0x200027d4        0x4 _build/nrf51422_xxac_bsp_btn_ble.c.o
 .bss.m_num_connections
                0x200027d8        0x4 _build/nrf51422_xxac_bsp_btn_ble.c.o
 .bss.APP_TIMER_BUF.8977
                0x200027dc       0x78 _build/nrf51422_xxac_ble_interface.c.o
 .bss.BLE_EVT_BUFFER.9072
                0x20002854       0xd0 _build/nrf51422_xxac_ble_interface.c.o
 .bss.CheckSum  0x20002924        0x2 _build/nrf51422_xxac_ble_interface.c.o
 *fill*         0x20002926        0x2 
 .bss.dataPacket
                0x20002928        0x4 _build/nrf51422_xxac_ble_interface.c.o
 .bss.heart_rate
                0x2000292c        0x2 _build/nrf51422_xxac_ble_interface.c.o
 .bss.hrm_value
                0x2000292e        0x2 _build/nrf51422_xxac_ble_interface.c.o
 .bss.i         0x20002930        0x4 _build/nrf51422_xxac_ble_interface.c.o
 .bss.m_bas     0x20002934       0x18 _build/nrf51422_xxac_ble_interface.c.o
 .bss.m_battery_timer_id_data
                0x2000294c       0x20 _build/nrf51422_xxac_ble_interface.c.o
 .bss.m_gatt    0x2000296c       0x10 _build/nrf51422_xxac_ble_interface.c.o
 .bss.m_heart_rate_timer_id_data
                0x2000297c       0x20 _build/nrf51422_xxac_ble_interface.c.o
 .bss.m_hrs     0x2000299c       0x50 _build/nrf51422_xxac_ble_interface.c.o
 .bss.m_rr_interval_timer_id_data
                0x200029ec       0x20 _build/nrf51422_xxac_ble_interface.c.o
 .bss.m_sensor_contact_timer_id_data
                0x20002a0c       0x20 _build/nrf51422_xxac_ble_interface.c.o
 .bss.m_adv_evt
                0x20002a2c        0x1 _build/nrf51422_xxac_ble_advertising.c.o
 .bss.m_adv_mode_current
                0x20002a2d        0x1 _build/nrf51422_xxac_ble_advertising.c.o
 *fill*         0x20002a2e        0x2 
 .bss.m_adv_modes_config
                0x20002a30       0x20 _build/nrf51422_xxac_ble_advertising.c.o
 .bss.m_advdata
                0x20002a50       0x3c _build/nrf51422_xxac_ble_advertising.c.o
 .bss.m_advertising_start_pending
                0x20002a8c        0x1 _build/nrf51422_xxac_ble_advertising.c.o
 *fill*         0x20002a8d        0x1 
 .bss.m_current_slave_link_conn_handle
                0x20002a8e        0x2 _build/nrf51422_xxac_ble_advertising.c.o
 .bss.m_error_handler
                0x20002a90        0x4 _build/nrf51422_xxac_ble_advertising.c.o
 .bss.m_evt_handler
                0x20002a94        0x4 _build/nrf51422_xxac_ble_advertising.c.o
 .bss.m_initialized
                0x20002a98        0x1 _build/nrf51422_xxac_ble_advertising.c.o
 .bss.m_manuf_data_array
                0x20002a99       0x1f _build/nrf51422_xxac_ble_advertising.c.o
 .bss.m_manuf_specific_data
                0x20002ab8        0xc _build/nrf51422_xxac_ble_advertising.c.o
 .bss.m_p_whitelist_addrs
                0x20002ac4       0x20 _build/nrf51422_xxac_ble_advertising.c.o
 .bss.m_p_whitelist_irks
                0x20002ae4       0x20 _build/nrf51422_xxac_ble_advertising.c.o
 .bss.m_peer_addr_reply_expected
                0x20002b04        0x1 _build/nrf51422_xxac_ble_advertising.c.o
 .bss.m_peer_address
                0x20002b05        0x7 _build/nrf51422_xxac_ble_advertising.c.o
 .bss.m_service_data
                0x20002b0c        0xc _build/nrf51422_xxac_ble_advertising.c.o
 .bss.m_service_data_array
                0x20002b18       0x1f _build/nrf51422_xxac_ble_advertising.c.o
 *fill*         0x20002b37        0x1 
 .bss.m_slave_conn_int
                0x20002b38        0x4 _build/nrf51422_xxac_ble_advertising.c.o
 .bss.m_whitelist_addrs
                0x20002b3c       0x38 _build/nrf51422_xxac_ble_advertising.c.o
 .bss.m_whitelist_irks
                0x20002b74       0x80 _build/nrf51422_xxac_ble_advertising.c.o
 .bss.m_whitelist_reply_expected
                0x20002bf4        0x1 _build/nrf51422_xxac_ble_advertising.c.o
 .bss.m_whitelist_temporarily_disabled
                0x20002bf5        0x1 _build/nrf51422_xxac_ble_advertising.c.o
 .bss.m_change_param
                0x20002bf6        0x1 _build/nrf51422_xxac_ble_conn_params.c.o
 *fill*         0x20002bf7        0x1 
 .bss.m_conn_handle
                0x20002bf8        0x2 _build/nrf51422_xxac_ble_conn_params.c.o
 *fill*         0x20002bfa        0x2 
 .bss.m_conn_params_config
                0x20002bfc       0x1c _build/nrf51422_xxac_ble_conn_params.c.o
 .bss.m_conn_params_timer_id_data
                0x20002c18       0x20 _build/nrf51422_xxac_ble_conn_params.c.o
 .bss.m_current_conn_params
                0x20002c38        0x8 _build/nrf51422_xxac_ble_conn_params.c.o
 .bss.m_preferred_conn_params
                0x20002c40        0x8 _build/nrf51422_xxac_ble_conn_params.c.o
 .bss.m_update_count
                0x20002c48        0x1 _build/nrf51422_xxac_ble_conn_params.c.o
 *fill*         0x20002c49        0x3 
 .bss.m_bcs     0x20002c4c       0x34 _build/nrf51422_xxac_ble_conn_state.c.o
 .bss.m_flag_local_db_apply_pending
                0x20002c80        0x1 _build/nrf51422_xxac_gatt_cache_manager.c.o
 .bss.m_flag_local_db_update_pending
                0x20002c81        0x1 _build/nrf51422_xxac_gatt_cache_manager.c.o
 .bss.m_flag_service_changed_pending
                0x20002c82        0x1 _build/nrf51422_xxac_gatt_cache_manager.c.o
 .bss.m_flag_service_changed_sent
                0x20002c83        0x1 _build/nrf51422_xxac_gatt_cache_manager.c.o
 .bss.m_current_sc_store_peer_id
                0x20002c84        0x2 _build/nrf51422_xxac_gatts_cache_manager.c.o
 .bss.start_handle.7258
                0x20002c86        0x2 _build/nrf51422_xxac_gatts_cache_manager.c.o
 .bss.m_conn_state_user_flag_id
                0x20002c88        0x1 _build/nrf51422_xxac_id_manager.c.o
 *fill*         0x20002c89        0x1 
 .bss.m_connections
                0x20002c8a       0x60 _build/nrf51422_xxac_id_manager.c.o
 *fill*         0x20002cea        0x2 
 .bss.m_fds_ftok
                0x20002cec        0x8 _build/nrf51422_xxac_peer_data_storage.c.o
 .bss.m_peer_delete_ongoing
                0x20002cf4        0x1 _build/nrf51422_xxac_peer_data_storage.c.o
 .bss.m_peer_delete_queued
                0x20002cf5        0x1 _build/nrf51422_xxac_peer_data_storage.c.o
 *fill*         0x20002cf6        0x2 
 .bss.m_n_writes
                0x20002cf8        0x4 _build/nrf51422_xxac_peer_database.c.o
 .bss.m_write_buffer
                0x20002cfc       0x10 _build/nrf51422_xxac_peer_database.c.o
 .bss.m_write_buffer_records
                0x20002d0c       0xa0 _build/nrf51422_xxac_peer_database.c.o
 .bss.m_pi      0x20002dac       0x40 _build/nrf51422_xxac_peer_id.c.o
 .bss.m_bonding_flag_id
                0x20002dec        0x1 _build/nrf51422_xxac_peer_manager.c.o
 *fill*         0x20002ded        0x3 
 .bss.m_current_highest_peer_rank
                0x20002df0        0x4 _build/nrf51422_xxac_peer_manager.c.o
 .bss.m_deleting_all
                0x20002df4        0x1 _build/nrf51422_xxac_peer_manager.c.o
 *fill*         0x20002df5        0x3 
 .bss.m_evt_handlers
                0x20002df8        0xc _build/nrf51422_xxac_peer_manager.c.o
 .bss.m_highest_ranked_peer
                0x20002e04        0x2 _build/nrf51422_xxac_peer_manager.c.o
 .bss.m_module_initialized
                0x20002e06        0x1 _build/nrf51422_xxac_peer_manager.c.o
 .bss.m_n_registrants
                0x20002e07        0x1 _build/nrf51422_xxac_peer_manager.c.o
 .bss.m_pairing_flag_id
                0x20002e08        0x1 _build/nrf51422_xxac_peer_manager.c.o
 *fill*         0x20002e09        0x3 
 .bss.m_peer_rank_token
                0x20002e0c        0x4 _build/nrf51422_xxac_peer_manager.c.o
 .bss.m_peer_pk
                0x20002e10       0x40 _build/nrf51422_xxac_security_dispatcher.c.o
 .bss.m_p_public_key
                0x20002e50        0x4 _build/nrf51422_xxac_security_manager.c.o
 .bss.m_sec_params
                0x20002e54        0x5 _build/nrf51422_xxac_security_manager.c.o
 .bss.m_sec_params_valid
                0x20002e59        0x1 _build/nrf51422_xxac_security_manager.c.o
 .bss.fw_rev_handles
                0x20002e5a        0x8 _build/nrf51422_xxac_ble_dis.c.o
 .bss.hw_rev_handles
                0x20002e62        0x8 _build/nrf51422_xxac_ble_dis.c.o
 .bss.manufact_name_handles
                0x20002e6a        0x8 _build/nrf51422_xxac_ble_dis.c.o
 .bss.model_num_handles
                0x20002e72        0x8 _build/nrf51422_xxac_ble_dis.c.o
 .bss.pnp_id_handles
                0x20002e7a        0x8 _build/nrf51422_xxac_ble_dis.c.o
 .bss.reg_cert_data_list_handles
                0x20002e82        0x8 _build/nrf51422_xxac_ble_dis.c.o
 .bss.serial_num_handles
                0x20002e8a        0x8 _build/nrf51422_xxac_ble_dis.c.o
 .bss.service_handle
                0x20002e92        0x2 _build/nrf51422_xxac_ble_dis.c.o
 .bss.sw_rev_handles
                0x20002e94        0x8 _build/nrf51422_xxac_ble_dis.c.o
 .bss.sys_id_handles
                0x20002e9c        0x8 _build/nrf51422_xxac_ble_dis.c.o
 .bss.m_ble_evt_buffer_size
                0x20002ea4        0x2 _build/nrf51422_xxac_softdevice_handler.c.o
 *fill*         0x20002ea6        0x2 
 .bss.m_ble_evt_handler
                0x20002ea8        0x4 _build/nrf51422_xxac_softdevice_handler.c.o
 .bss.m_evt_schedule_func
                0x20002eac        0x4 _build/nrf51422_xxac_softdevice_handler.c.o
 .bss.m_softdevice_enabled
                0x20002eb0        0x1 _build/nrf51422_xxac_softdevice_handler.c.o
 .bss.m_suspended
                0x20002eb1        0x1 _build/nrf51422_xxac_softdevice_handler.c.o
 *fill*         0x20002eb2        0x2 
 .bss.m_sys_evt_handler
                0x20002eb4        0x4 _build/nrf51422_xxac_softdevice_handler.c.o
 .bss.mp_ble_evt_buffer
                0x20002eb8        0x4 _build/nrf51422_xxac_softdevice_handler.c.o
 .bss.__malloc_free_list
                0x20002ebc        0x4 c:/program files (x86)/gnu tools arm embedded/8 2019-q3-update/bin/../lib/gcc/arm-none-eabi/8.3.1/../../../../arm-none-eabi/lib/thumb/v6-m/nofp\libc_nano.a(lib_a-nano-mallocr.o)
                0x20002ebc                __malloc_free_list
 .bss.__malloc_sbrk_start
                0x20002ec0        0x4 c:/program files (x86)/gnu tools arm embedded/8 2019-q3-update/bin/../lib/gcc/arm-none-eabi/8.3.1/../../../../arm-none-eabi/lib/thumb/v6-m/nofp\libc_nano.a(lib_a-nano-mallocr.o)
                0x20002ec0                __malloc_sbrk_start
 .bss.heap_end.4194
                0x20002ec4        0x4 c:/program files (x86)/gnu tools arm embedded/8 2019-q3-update/bin/../lib/gcc/arm-none-eabi/8.3.1/../../../../arm-none-eabi/lib/thumb/v6-m/nofp\libnosys.a(sbrk.o)
 *(COMMON)
 COMMON         0x20002ec8        0x8 _build/nrf51422_xxac_app_util_platform.c.o
                0x20002ec8                nrf_nvic_state
 COMMON         0x20002ed0       0x78 _build/nrf51422_xxac_SEGGER_RTT.c.o
                0x20002ed0                _SEGGER_RTT
 COMMON         0x20002f48       0x25 _build/nrf51422_xxac_cpt_sht3x_data.c.o
                0x20002f48                control_reg
                0x20002f49                fail
                0x20002f4a                k_number
                0x20002f4b                pass
                0x20002f4c                humdfloat
                0x20002f50                temperature
                0x20002f60                tempfloat
                0x20002f64                humidity
                0x20002f6c                init
 *fill*         0x20002f6d        0x3 
 COMMON         0x20002f70        0x4 _build/nrf51422_xxac_ble_interface.c.o
                0x20002f70                err_code
 COMMON         0x20002f74        0x4 c:/program files (x86)/gnu tools arm embedded/8 2019-q3-update/bin/../lib/gcc/arm-none-eabi/8.3.1/../../../../arm-none-eabi/lib/thumb/v6-m/nofp\libc_nano.a(lib_a-reent.o)
                0x20002f74                errno
 COMMON         0x20002f78        0x9 c:/program files (x86)/gnu tools arm embedded/8 2019-q3-update/bin/../lib/gcc/arm-none-eabi/8.3.1/../../../../arm-none-eabi/lib/thumb/v6-m/nofp\libc_nano.a(lib_a-lock.o)