Archive member included to satisfy reference by file (symbol)

c:/program files (x86)/gnu tools arm embedded/8 2019-q3-update/bin/../lib/gcc/arm-none-eabi/8.3.1/../../../../arm-none-eabi/lib/thumb/v6-m/nofp\libc_nano.a(lib_a-exit.o)
                              c:/program files (x86)/gnu tools arm embedded/8 2019-q3-update/bin/../lib/gcc/arm-none-eabi/8.3.1/../../../../arm-none-eabi/lib/thumb/v6-m/nofp/crt0.o (exit)
c:/program files (x86)/gnu tools arm embedded/8 2019-q3-update/bin/../lib/gcc/arm-none-eabi/8.3.1/../../../../arm-none-eabi/lib/thumb/v6-m/nofp\libc_nano.a(lib_a-impure.o)
                              c:/program files (x86)/gnu tools arm embedded/8 2019-q3-update/bin/../lib/gcc/arm-none-eabi/8.3.1/../../../../arm-none-eabi/lib/thumb/v6-m/nofp\libc_nano.a(lib_a-exit.o) (_global_impure_ptr)
c:/program files (x86)/gnu tools arm embedded/8 2019-q3-update/bin/../lib/gcc/arm-none-eabi/8.3.1/../../../../arm-none-eabi/lib/thumb/v6-m/nofp\libc_nano.a(lib_a-init.o)
                              c:/program files (x86)/gnu tools arm embedded/8 2019-q3-update/bin/../lib/gcc/arm-none-eabi/8.3.1/../../../../arm-none-eabi/lib/thumb/v6-m/nofp/crt0.o (__libc_init_array)
c:/program files (x86)/gnu tools arm embedded/8 2019-q3-update/bin/../lib/gcc/arm-none-eabi/8.3.1/../../../../arm-none-eabi/lib/thumb/v6-m/nofp\libc_nano.a(lib_a-memset.o)
                              c:/program files (x86)/gnu tools arm embedded/8 2019-q3-update/bin/../lib/gcc/arm-none-eabi/8.3.1/../../../../arm-none-eabi/lib/thumb/v6-m/nofp/crt0.o (memset)
c:/program files (x86)/gnu tools arm embedded/8 2019-q3-update/bin/../lib/gcc/arm-none-eabi/8.3.1/../../../../arm-none-eabi/lib/thumb/v6-m/nofp\libnosys.a(_exit.o)
                              c:/program files (x86)/gnu tools arm embedded/8 2019-q3-update/bin/../lib/gcc/arm-none-eabi/8.3.1/../../../../arm-none-eabi/lib/thumb/v6-m/nofp\libc_nano.a(lib_a-exit.o) (_exit)
c:/program files (x86)/gnu tools arm embedded/8 2019-q3-update/bin/../lib/gcc/arm-none-eabi/8.3.1/thumb/v6-m/nofp\libgcc.a(_thumb1_case_sqi.o)
                              _build/nrf51422_xxac_fds.c.o (__gnu_thumb1_case_sqi)
c:/program files (x86)/gnu tools arm embedded/8 2019-q3-update/bin/../lib/gcc/arm-none-eabi/8.3.1/thumb/v6-m/nofp\libgcc.a(_thumb1_case_uqi.o)
                              _build/nrf51422_xxac_nrf_log_backend_serial.c.o (__gnu_thumb1_case_uqi)
c:/program files (x86)/gnu tools arm embedded/8 2019-q3-update/bin/../lib/gcc/arm-none-eabi/8.3.1/thumb/v6-m/nofp\libgcc.a(_thumb1_case_uhi.o)
                              _build/nrf51422_xxac_fds.c.o (__gnu_thumb1_case_uhi)
c:/program files (x86)/gnu tools arm embedded/8 2019-q3-update/bin/../lib/gcc/arm-none-eabi/8.3.1/thumb/v6-m/nofp\libgcc.a(_udivsi3.o)
                              _build/nrf51422_xxac_bsp.c.o (__aeabi_uidiv)
c:/program files (x86)/gnu tools arm embedded/8 2019-q3-update/bin/../lib/gcc/arm-none-eabi/8.3.1/thumb/v6-m/nofp\libgcc.a(_divsi3.o)
                              _build/nrf51422_xxac_bsp.c.o (__aeabi_idiv)
c:/program files (x86)/gnu tools arm embedded/8 2019-q3-update/bin/../lib/gcc/arm-none-eabi/8.3.1/thumb/v6-m/nofp\libgcc.a(_dvmd_tls.o)
                              c:/program files (x86)/gnu tools arm embedded/8 2019-q3-update/bin/../lib/gcc/arm-none-eabi/8.3.1/thumb/v6-m/nofp\libgcc.a(_udivsi3.o) (__aeabi_idiv0)
c:/program files (x86)/gnu tools arm embedded/8 2019-q3-update/bin/../lib/gcc/arm-none-eabi/8.3.1/thumb/v6-m/nofp\libgcc.a(_arm_cmpsf2.o)
                              _build/nrf51422_xxac_cpt_sht3x_data.c.o (__aeabi_fcmpgt)
c:/program files (x86)/gnu tools arm embedded/8 2019-q3-update/bin/../lib/gcc/arm-none-eabi/8.3.1/thumb/v6-m/nofp\libgcc.a(_fixunssfsi.o)
                              _build/nrf51422_xxac_cpt_sht3x_data.c.o (__aeabi_f2uiz)
c:/program files (x86)/gnu tools arm embedded/8 2019-q3-update/bin/../lib/gcc/arm-none-eabi/8.3.1/thumb/v6-m/nofp\libgcc.a(eqsf2.o)
                              c:/program files (x86)/gnu tools arm embedded/8 2019-q3-update/bin/../lib/gcc/arm-none-eabi/8.3.1/thumb/v6-m/nofp\libgcc.a(_arm_cmpsf2.o) (__eqsf2)
c:/program files (x86)/gnu tools arm embedded/8 2019-q3-update/bin/../lib/gcc/arm-none-eabi/8.3.1/thumb/v6-m/nofp\libgcc.a(gesf2.o)
                              c:/program files (x86)/gnu tools arm embedded/8 2019-q3-update/bin/../lib/gcc/arm-none-eabi/8.3.1/thumb/v6-m/nofp\libgcc.a(_arm_cmpsf2.o) (__gesf2)
c:/program files (x86)/gnu tools arm embedded/8 2019-q3-update/bin/../lib/gcc/arm-none-eabi/8.3.1/thumb/v6-m/nofp\libgcc.a(lesf2.o)
                              c:/program files (x86)/gnu tools arm embedded/8 2019-q3-update/bin/../lib/gcc/arm-none-eabi/8.3.1/thumb/v6-m/nofp\libgcc.a(_arm_cmpsf2.o) (__lesf2)
c:/program files (x86)/gnu tools arm embedded/8 2019-q3-update/bin/../lib/gcc/arm-none-eabi/8.3.1/thumb/v6-m/nofp\libgcc.a(mulsf3.o)
                              _build/nrf51422_xxac_cpt_sht3x_data.c.o (__aeabi_fmul)
[...]
Memory Configuration

Name             Origin             Length             Attributes
FLASH            0x0001b000         0x00025000         xr
RAM              0x20001fe8         0x00006018         xrw
*default*        0x00000000         0xffffffff

Linker script and memory map


.text           0x0001b000     0x9b88
 *(.isr_vector)
 .isr_vector    0x0001b000       0xc0 _build/nrf51422_xxac_gcc_startup_nrf51.S.o
                0x0001b000                __isr_vector
 *(.text*)
 .text          0x0001b0c0       0x48 c:/program files (x86)/gnu tools arm embedded/8 2019-q3-update/bin/../lib/gcc/arm-none-eabi/8.3.1/thumb/v6-m/nofp/crtbegin.o
 .text          0x0001b108       0x78 c:/program files (x86)/gnu tools arm embedded/8 2019-q3-update/bin/../lib/gcc/arm-none-eabi/8.3.1/../../../../arm-none-eabi/lib/thumb/v6-m/nofp/crt0.o
                0x0001b108                _start
                0x0001b108                _mainCRTStartup
 .text.exit     0x0001b180       0x2c c:/program files (x86)/gnu tools arm embedded/8 2019-q3-update/bin/../lib/gcc/arm-none-eabi/8.3.1/../../../../arm-none-eabi/lib/thumb/v6-m/nofp\libc_nano.a(lib_a-exit.o)
                0x0001b180                exit
 .text.__libc_init_array
                0x0001b1ac       0x48 c:/program files (x86)/gnu tools arm embedded/8 2019-q3-update/bin/../lib/gcc/arm-none-eabi/8.3.1/../../../../arm-none-eabi/lib/thumb/v6-m/nofp\libc_nano.a(lib_a-init.o)
                0x0001b1ac                __libc_init_array
 .text.memset   0x0001b1f4       0x10 c:/program files (x86)/gnu tools arm embedded/8 2019-q3-update/bin/../lib/gcc/arm-none-eabi/8.3.1/../../../../arm-none-eabi/lib/thumb/v6-m/nofp\libc_nano.a(lib_a-memset.o)
                0x0001b1f4                memset
 .text._exit    0x0001b204        0x4 c:/program files (x86)/gnu tools arm embedded/8 2019-q3-update/bin/../lib/gcc/arm-none-eabi/8.3.1/../../../../arm-none-eabi/lib/thumb/v6-m/nofp\libnosys.a(_exit.o)
                0x0001b204                _exit
 .text.serial_tx
                0x0001b208       0x2a _build/nrf51422_xxac_nrf_log_backend_serial.c.o
 *fill*         0x0001b232        0x2 
 .text.nrf_log_backend_serial_hexdump_handler
                0x0001b234      0x140 _build/nrf51422_xxac_nrf_log_backend_serial.c.o
 .text.nrf_log_backend_serial_std_handler
                0x0001b374      0x138 _build/nrf51422_xxac_nrf_log_backend_serial.c.o
 .text.nrf_log_backend_init
                0x0001b4ac       0x2c _build/nrf51422_xxac_nrf_log_backend_serial.c.o
                0x0001b4ac                nrf_log_backend_init
 .text.nrf_log_backend_std_handler_get
                0x0001b4d8        0x8 _build/nrf51422_xxac_nrf_log_backend_serial.c.o
                0x0001b4d8                nrf_log_backend_std_handler_get
 .text.nrf_log_backend_hexdump_handler_get
                0x0001b4e0        0x8 _build/nrf51422_xxac_nrf_log_backend_serial.c.o
                0x0001b4e0                nrf_log_backend_hexdump_handler_get
 .text.nrf_log_direct_feed
                0x0001b4e8       0x18 _build/nrf51422_xxac_nrf_log_frontend.c.o
 .text.nrf_log_init
                0x0001b500       0x24 _build/nrf51422_xxac_nrf_log_frontend.c.o
                0x0001b500                nrf_log_init
 .text.nrf_log_frontend_std_0
                0x0001b524        0xc _build/nrf51422_xxac_nrf_log_frontend.c.o
                0x0001b524                nrf_log_frontend_std_0
 .text.nrf_log_frontend_std_1
                0x0001b530        0xe _build/nrf51422_xxac_nrf_log_frontend.c.o
                0x0001b530                nrf_log_frontend_std_1
 .text.nrf_log_frontend_std_2
                0x0001b53e       0x10 _build/nrf51422_xxac_nrf_log_frontend.c.o
                0x0001b53e                nrf_log_frontend_std_2
 *fill*         0x0001b54e        0x2 
 .text.app_error_handler_bare
                0x0001b550       0x1c _build/nrf51422_xxac_app_error.c.o
                0x0001b550                app_error_handler_bare
 .text.app_error_fault_handler
                0x0001b56c       0x28 _build/nrf51422_xxac_app_error_weak.c.o
                0x0001b56c                app_error_fault_handler
 .text.user_op_alloc
                0x0001b594       0x2c _build/nrf51422_xxac_app_timer.c.o
 .text.timer_stop_op_schedule
                0x0001b5c0       0x58 _build/nrf51422_xxac_app_timer.c.o
 .text.nrf_delay_us.part.1.constprop.6
                0x0001b618       0x2c _build/nrf51422_xxac_app_timer.c.o
 .text.rtc1_stop
                0x0001b644       0x44 _build/nrf51422_xxac_app_timer.c.o
 .text.RTC1_IRQHandler
                0x0001b688       0xbc _build/nrf51422_xxac_app_timer.c.o
                0x0001b688                RTC1_IRQHandler
 .text.SWI0_IRQHandler
                0x0001b744      0x370 _build/nrf51422_xxac_app_timer.c.o
                0x0001b744                SWI0_IRQHandler
 .text.app_timer_init
                0x0001bab4       0xa4 _build/nrf51422_xxac_app_timer.c.o
                0x0001bab4                app_timer_init
 .text.app_timer_create
                0x0001bb58       0x30 _build/nrf51422_xxac_app_timer.c.o
                0x0001bb58                app_timer_create
 .text.app_timer_start
                0x0001bb88       0x98 _build/nrf51422_xxac_app_timer.c.o
                0x0001bb88                app_timer_start
 .text.app_timer_stop
                0x0001bc20       0x2c _build/nrf51422_xxac_app_timer.c.o
                0x0001bc20                app_timer_stop
 .text.app_util_critical_region_enter
                0x0001bc4c       0x3c _build/nrf51422_xxac_app_util_platform.c.o
                0x0001bc4c                app_util_critical_region_enter
 .text.app_util_critical_region_exit
                0x0001bc88       0x2c _build/nrf51422_xxac_app_util_platform.c.o
                0x0001bc88                app_util_critical_region_exit
 .text.event_send
                0x0001bcb4       0x20 _build/nrf51422_xxac_fds.c.o
 .text.write_space_reserve
                0x0001bcd4       0x50 _build/nrf51422_xxac_fds.c.o
 .text.gc_page_erase
                0x0001bd24       0x48 _build/nrf51422_xxac_fds.c.o
 .text.page_tag_write_swap
                0x0001bd6c       0x24 _build/nrf51422_xxac_fds.c.o
 .text.page_tag_write_data
                0x0001bd90       0x1c _build/nrf51422_xxac_fds.c.o
 .text.record_header_flag_dirty
                0x0001bdac       0x38 _build/nrf51422_xxac_fds.c.o
 .text.gc_record_copy
                0x0001bde4       0x34 _build/nrf51422_xxac_fds.c.o
 .text.record_find_next
                0x0001be18       0x58 _build/nrf51422_xxac_fds.c.o
 .text.record_find_by_desc
                0x0001be70       0xac _build/nrf51422_xxac_fds.c.o
 .text.record_find
                0x0001bf1c       0x84 _build/nrf51422_xxac_fds.c.o
 .text.gc_record_find_next
                0x0001bfa0       0x20 _build/nrf51422_xxac_fds.c.o
 .text.queue_process
                0x0001bfc0      0x534 _build/nrf51422_xxac_fds.c.o
 .text.fs_event_handler
                0x0001c4f4        0xa _build/nrf51422_xxac_fds.c.o
 *fill*         0x0001c4fe        0x2 
 .text.queue_start
                0x0001c500       0x1c _build/nrf51422_xxac_fds.c.o
 .text.chunk_queue_next
                0x0001c51c       0x18 _build/nrf51422_xxac_fds.c.o
                0x0001c51c                chunk_queue_next
 .text.op_enqueue
                0x0001c534       0x8c _build/nrf51422_xxac_fds.c.o
 .text.write_enqueue
                0x0001c5c0      0x10c _build/nrf51422_xxac_fds.c.o
 .text.fds_record_open
                0x0001c6cc       0x48 _build/nrf51422_xxac_fds.c.o
                0x0001c6cc                fds_record_open
 .text.fds_record_close
                0x0001c714       0x44 _build/nrf51422_xxac_fds.c.o
                0x0001c714                fds_record_close
 .text.fds_reserve
                0x0001c758       0x34 _build/nrf51422_xxac_fds.c.o
                0x0001c758                fds_reserve
 .text.fds_reserve_cancel
                0x0001c78c       0x44 _build/nrf51422_xxac_fds.c.o
                0x0001c78c                fds_reserve_cancel
 .text.fds_record_write
                0x0001c7d0        0xc _build/nrf51422_xxac_fds.c.o
                0x0001c7d0                fds_record_write
 .text.fds_record_write_reserved
                0x0001c7dc       0x14 _build/nrf51422_xxac_fds.c.o
                0x0001c7dc                fds_record_write_reserved
 .text.fds_record_update
                0x0001c7f0       0x16 _build/nrf51422_xxac_fds.c.o
                0x0001c7f0                fds_record_update
 *fill*         0x0001c806        0x2 
 .text.fds_file_delete
                0x0001c808       0x48 _build/nrf51422_xxac_fds.c.o
                0x0001c808                fds_file_delete
 .text.fds_record_find
                0x0001c850       0x16 _build/nrf51422_xxac_fds.c.o
                0x0001c850                fds_record_find
 .text.fds_record_find_by_key
                0x0001c866       0x16 _build/nrf51422_xxac_fds.c.o
                0x0001c866                fds_record_find_by_key
 .text.fds_record_find_in_file
                0x0001c87c       0x16 _build/nrf51422_xxac_fds.c.o
                0x0001c87c                fds_record_find_in_file
 .text.fds_record_id_from_desc
                0x0001c892       0x14 _build/nrf51422_xxac_fds.c.o
                0x0001c892                fds_record_id_from_desc
 .text.sd_flash_write
                0x0001c8a6        0x4 _build/nrf51422_xxac_fstorage.c.o
 .text.sd_flash_page_erase
                0x0001c8aa        0x4 _build/nrf51422_xxac_fstorage.c.o
 *fill*         0x0001c8ae        0x2 
 .text.queue_advance
                0x0001c8b0       0x30 _build/nrf51422_xxac_fstorage.c.o
 .text.queue_get_next_free
                0x0001c8e0       0x34 _build/nrf51422_xxac_fstorage.c.o
 .text.send_event
                0x0001c914       0x52 _build/nrf51422_xxac_fstorage.c.o
 *fill*         0x0001c966        0x2 
 .text.queue_process
                0x0001c968       0x78 _build/nrf51422_xxac_fstorage.c.o
 .text.queue_start
                0x0001c9e0       0x1c _build/nrf51422_xxac_fstorage.c.o
 .text.fs_store
                0x0001c9fc       0x8c _build/nrf51422_xxac_fstorage.c.o
                0x0001c9fc                fs_store
 .text.fs_erase
                0x0001ca88       0x80 _build/nrf51422_xxac_fstorage.c.o
                0x0001ca88                fs_erase
 .text.fs_queued_op_count_get
                0x0001cb08       0x18 _build/nrf51422_xxac_fstorage.c.o
                0x0001cb08                fs_queued_op_count_get
 .text.fs_sys_event_handler
                0x0001cb20       0xb8 _build/nrf51422_xxac_fstorage.c.o
                0x0001cb20                fs_sys_event_handler
 .text.sdk_mapped_flags_first_key_index_get
                0x0001cbd8       0x20 _build/nrf51422_xxac_sdk_mapped_flags.c.o
                0x0001cbd8                sdk_mapped_flags_first_key_index_get
 .text.sdk_mapped_flags_bulk_update_by_key
                0x0001cbf8       0x48 _build/nrf51422_xxac_sdk_mapped_flags.c.o
                0x0001cbf8                sdk_mapped_flags_bulk_update_by_key
 .text.sdk_mapped_flags_update_by_key
                0x0001cc40        0xe _build/nrf51422_xxac_sdk_mapped_flags.c.o
                0x0001cc40                sdk_mapped_flags_update_by_key
 .text.sdk_mapped_flags_get_by_key
                0x0001cc4e       0x24 _build/nrf51422_xxac_sdk_mapped_flags.c.o
                0x0001cc4e                sdk_mapped_flags_get_by_key
 .text.sdk_mapped_flags_key_list_get
                0x0001cc72       0x2a _build/nrf51422_xxac_sdk_mapped_flags.c.o
                0x0001cc72                sdk_mapped_flags_key_list_get
 .text._GetAvailWriteSpace
                0x0001cc9c       0x12 _build/nrf51422_xxac_SEGGER_RTT.c.o
 .text._WriteNoCheck
                0x0001ccae       0x30 _build/nrf51422_xxac_SEGGER_RTT.c.o
 .text._WriteBlocking
                0x0001ccde       0x5a _build/nrf51422_xxac_SEGGER_RTT.c.o
 .text._DoInit  0x0001cd38       0x64 _build/nrf51422_xxac_SEGGER_RTT.c.o
 .text.SEGGER_RTT_WriteNoLock
                0x0001cd9c       0x6c _build/nrf51422_xxac_SEGGER_RTT.c.o
                0x0001cd9c                SEGGER_RTT_WriteNoLock
 .text.SEGGER_RTT_Init
                0x0001ce08       0x14 _build/nrf51422_xxac_SEGGER_RTT.c.o
                0x0001ce08                SEGGER_RTT_Init
 .text.bsp_board_led_state_get
                0x0001ce1c       0x1c _build/nrf51422_xxac_boards.c.o
                0x0001ce1c                bsp_board_led_state_get
 .text.bsp_board_led_on
                0x0001ce38       0x1c _build/nrf51422_xxac_boards.c.o
                0x0001ce38                bsp_board_led_on
 .text.bsp_board_led_off
                0x0001ce54       0x18 _build/nrf51422_xxac_boards.c.o
                0x0001ce54                bsp_board_led_off
 .text.bsp_board_leds_off
                0x0001ce6c       0x1c _build/nrf51422_xxac_boards.c.o
                0x0001ce6c                bsp_board_leds_off
 .text.bsp_board_leds_on
                0x0001ce88       0x1c _build/nrf51422_xxac_boards.c.o
                0x0001ce88                bsp_board_leds_on
 .text.bsp_board_led_invert
                0x0001cea4       0x30 _build/nrf51422_xxac_boards.c.o
                0x0001cea4                bsp_board_led_invert
 .text.bsp_board_button_idx_to_pin
                0x0001ced4        0xc _build/nrf51422_xxac_boards.c.o
                0x0001ced4                bsp_board_button_idx_to_pin
 .text.clock_clk_started_notify
                0x0001cee0       0x2c _build/nrf51422_xxac_nrf_drv_clock.c.o
 .text.nrf_drv_clock_init
                0x0001cf0c       0x48 _build/nrf51422_xxac_nrf_drv_clock.c.o
                0x0001cf0c                nrf_drv_clock_init
 .text.POWER_CLOCK_IRQHandler
                0x0001cf54       0x54 _build/nrf51422_xxac_nrf_drv_clock.c.o
                0x0001cf54                POWER_CLOCK_IRQHandler
 .text.nrf_drv_clock_on_soc_event
                0x0001cfa8        0xc _build/nrf51422_xxac_nrf_drv_clock.c.o
                0x0001cfa8                nrf_drv_clock_on_soc_event
 .text.nrf_drv_clock_on_sd_enable
                0x0001cfb4       0x34 _build/nrf51422_xxac_nrf_drv_clock.c.o
                0x0001cfb4                nrf_drv_clock_on_sd_enable
 .text.nrf_drv_common_irq_enable
                0x0001cfe8       0x64 _build/nrf51422_xxac_nrf_drv_common.c.o
                0x0001cfe8                nrf_drv_common_irq_enable
 .text.nrf_gpio_cfg_sense_set
                0x0001d04c       0x24 _build/nrf51422_xxac_nrf_drv_gpiote.c.o
 .text.GPIOTE_IRQHandler
                0x0001d070      0x160 _build/nrf51422_xxac_nrf_drv_gpiote.c.o
                0x0001d070                GPIOTE_IRQHandler
 .text.rx_done_event.constprop.11
                0x0001d1d0       0x1c _build/nrf51422_xxac_nrf_drv_uart.c.o
 .text.UART0_IRQHandler
                0x0001d1ec      0x14c _build/nrf51422_xxac_nrf_drv_uart.c.o
                0x0001d1ec                UART0_IRQHandler
 .text.twi_transfer
                0x0001d338       0xd0 _build/nrf51422_xxac_hal_drv_twi.c.o
 .text.twi_tx_start_transfer.part.2
                0x0001d408       0x3c _build/nrf51422_xxac_hal_drv_twi.c.o
 .text.twi_rx_start_transfer
                0x0001d444       0x7c _build/nrf51422_xxac_hal_drv_twi.c.o
 .text.nrf_delay_us.part.1.constprop.5
                0x0001d4c0       0x2c _build/nrf51422_xxac_hal_drv_twi.c.o
 .text.twi_tx_start_transfer
                0x0001d4ec       0x9c _build/nrf51422_xxac_hal_drv_twi.c.o
 .text.nrf_drv_twi_init
                0x0001d588      0x154 _build/nrf51422_xxac_hal_drv_twi.c.o
                0x0001d588                nrf_drv_twi_init
 .text.nrf_drv_twi_enable
                0x0001d6dc       0x20 _build/nrf51422_xxac_hal_drv_twi.c.o
                0x0001d6dc                nrf_drv_twi_enable
 .text.nrf_drv_twi_xfer
                0x0001d6fc       0xd8 _build/nrf51422_xxac_hal_drv_twi.c.o
                0x0001d6fc                nrf_drv_twi_xfer
 .text.nrf_drv_twi_tx
                0x0001d7d4       0x3a _build/nrf51422_xxac_hal_drv_twi.c.o
                0x0001d7d4                nrf_drv_twi_tx
 .text.nrf_drv_twi_rx
                0x0001d80e       0x34 _build/nrf51422_xxac_hal_drv_twi.c.o
                0x0001d80e                nrf_drv_twi_rx
 *fill*         0x0001d842        0x2 
 .text.SPI0_TWI0_IRQHandler
                0x0001d844       0xbc _build/nrf51422_xxac_hal_drv_twi.c.o
                0x0001d844                SPI0_TWI0_IRQHandler
 .text.read_data
                0x0001d900      0x120 _build/nrf51422_xxac_cpt_sht3x_data.c.o
                0x0001d900                read_data
 .text.twi_handler
                0x0001da20       0xf0 _build/nrf51422_xxac_cpt_sht3x_data.c.o
                0x0001da20                twi_handler
 .text.twi_init
                0x0001db10       0x3c _build/nrf51422_xxac_cpt_sht3x_data.c.o
                0x0001db10                twi_init
 .text.sht3x_set_mode
                0x0001db4c       0x40 _build/nrf51422_xxac_cpt_sht3x_data.c.o
                0x0001db4c                sht3x_set_mode
 .text.sht3x_set_SENSOR
                0x0001db8c       0x40 _build/nrf51422_xxac_cpt_sht3x_data.c.o
                0x0001db8c                sht3x_set_SENSOR
 .text.nrf_delay_us.constprop.0
                0x0001dbcc       0x30 _build/nrf51422_xxac_bsp_sensor.c.o
 .text.bsp_Sensor0init
                0x0001dbfc        0x8 _build/nrf51422_xxac_bsp_sensor.c.o
                0x0001dbfc                bsp_Sensor0init
 .text.bsp_ReadSensor0read
                0x0001dc04       0x34 _build/nrf51422_xxac_bsp_sensor.c.o
                0x0001dc04                bsp_ReadSensor0read
 .text.bsp_ReadSensor1read
                0x0001dc38       0x34 _build/nrf51422_xxac_bsp_sensor.c.o
                0x0001dc38                bsp_ReadSensor1read
 .text.bsp_ReadSensor2read
                0x0001dc6c       0x34 _build/nrf51422_xxac_bsp_sensor.c.o
                0x0001dc6c                bsp_ReadSensor2read
 .text.bsp_ReadSensor3read
                0x0001dca0       0x34 _build/nrf51422_xxac_bsp_sensor.c.o
                0x0001dca0                bsp_ReadSensor3read
 .text.bsp_ReadSensor4read
                0x0001dcd4       0x34 _build/nrf51422_xxac_bsp_sensor.c.o
                0x0001dcd4                bsp_ReadSensor4read
 .text.bsp_ReadSensor5read
                0x0001dd08       0x34 _build/nrf51422_xxac_bsp_sensor.c.o
                0x0001dd08                bsp_ReadSensor5read
 .text.bsp_ReadSensor6read
                0x0001dd3c       0x34 _build/nrf51422_xxac_bsp_sensor.c.o
                0x0001dd3c                bsp_ReadSensor6read
 .text.bsp_ReadSensor7read
                0x0001dd70       0x34 _build/nrf51422_xxac_bsp_sensor.c.o
                0x0001dd70                bsp_ReadSensor7read
 .text.bsp_led_indication
                0x0001dda4      0x1ec _build/nrf51422_xxac_bsp.c.o
 .text.bsp_indication_set
                0x0001df90       0x1c _build/nrf51422_xxac_bsp.c.o
                0x0001df90                bsp_indication_set
 .text.bsp_event_to_button_action_assign
                0x0001dfac       0x50 _build/nrf51422_xxac_bsp.c.o
                0x0001dfac                bsp_event_to_button_action_assign
 .text.bsp_wakeup_button_enable
                0x0001dffc       0x2c _build/nrf51422_xxac_bsp.c.o
                0x0001dffc                bsp_wakeup_button_enable
 .text.advertising_buttons_configure
                0x0001e028       0x3c _build/nrf51422_xxac_bsp_btn_ble.c.o
 .text.bsp_btn_ble_sleep_mode_prepare
                0x0001e064       0x22 _build/nrf51422_xxac_bsp_btn_ble.c.o
                0x0001e064                bsp_btn_ble_sleep_mode_prepare
 *fill*         0x0001e086        0x2 
 .text.bsp_btn_ble_on_ble_evt
                0x0001e088       0x88 _build/nrf51422_xxac_bsp_btn_ble.c.o
                0x0001e088                bsp_btn_ble_on_ble_evt
 .text.startup.main
                0x0001e110       0x1c _build/nrf51422_xxac_main.c.o
                0x0001e110                main
 .text.sd_ble_gap_disconnect
                0x0001e12c        0x4 _build/nrf51422_xxac_ble_interface.c.o
 .text.sd_ble_gap_appearance_set
                0x0001e130        0x4 _build/nrf51422_xxac_ble_interface.c.o
 .text.sd_ble_gap_ppcp_set
                0x0001e134        0x4 _build/nrf51422_xxac_ble_interface.c.o
 .text.sd_ble_gap_device_name_set
                0x0001e138        0x4 _build/nrf51422_xxac_ble_interface.c.o
 .text.sd_ble_gatts_rw_authorize_reply
                0x0001e13c        0x4 _build/nrf51422_xxac_ble_interface.c.o
 .text.sd_ble_user_mem_reply
                0x0001e140        0x4 _build/nrf51422_xxac_ble_interface.c.o
 .text.sd_power_system_off
                0x0001e144        0x4 _build/nrf51422_xxac_ble_interface.c.o
 .text.sd_app_evt_wait
                0x0001e148        0x4 _build/nrf51422_xxac_ble_interface.c.o
 .text.battery_level_meas_timeout_handler
                0x0001e14c        0x2 _build/nrf51422_xxac_ble_interface.c.o
 .text.conn_params_error_handler
                0x0001e14e        0x8 _build/nrf51422_xxac_ble_interface.c.o
 .text.sleep_mode_enter
                0x0001e156       0x2a _build/nrf51422_xxac_ble_interface.c.o
 .text.gatt_evt_handler
                0x0001e180       0x10 _build/nrf51422_xxac_ble_interface.c.o
                0x0001e180                gatt_evt_handler
 .text.heart_rate_meas_timeout_handler
                0x0001e190       0x64 _build/nrf51422_xxac_ble_interface.c.o
 .text.sys_evt_dispatch
                0x0001e1f4       0x10 _build/nrf51422_xxac_ble_interface.c.o
 .text.ble_evt_dispatch
                0x0001e204       0xe4 _build/nrf51422_xxac_ble_interface.c.o
 .text.on_conn_params_evt
                0x0001e2e8       0x20 _build/nrf51422_xxac_ble_interface.c.o
 .text.on_adv_evt
                0x0001e308       0x2c _build/nrf51422_xxac_ble_interface.c.o
 .text.rr_interval_timeout_handler
                0x0001e334      0x128 _build/nrf51422_xxac_ble_interface.c.o
 .text.sensor_contact_detected_timeout_handler
                0x0001e45c        0x2 _build/nrf51422_xxac_ble_interface.c.o
 .text.advertising_start
                0x0001e45e       0x12 _build/nrf51422_xxac_ble_interface.c.o
                0x0001e45e                advertising_start
 .text.gatt_init
                0x0001e470       0x1c _build/nrf51422_xxac_ble_interface.c.o
                0x0001e470                gatt_init
 .text.ble_init
                0x0001e48c      0x350 _build/nrf51422_xxac_ble_interface.c.o
                0x0001e48c                ble_init
 .text.sd_ble_gap_address_get
                0x0001e7dc        0x4 _build/nrf51422_xxac_ble_advdata.c.o
 .text.sd_ble_gap_adv_data_set
                0x0001e7e0        0x4 _build/nrf51422_xxac_ble_advdata.c.o
 .text.sd_ble_gap_appearance_get
                0x0001e7e4        0x4 _build/nrf51422_xxac_ble_advdata.c.o
 .text.sd_ble_gap_device_name_get
                0x0001e7e8        0x4 _build/nrf51422_xxac_ble_advdata.c.o
 .text.sd_ble_uuid_encode
                0x0001e7ec        0x4 _build/nrf51422_xxac_ble_advdata.c.o
 .text.uuid_list_sized_encode
                0x0001e7f0       0xb8 _build/nrf51422_xxac_ble_advdata.c.o
 .text.uuid_list_encode
                0x0001e8a8       0x34 _build/nrf51422_xxac_ble_advdata.c.o
 .text.adv_data_encode
                0x0001e8dc      0x3a0 _build/nrf51422_xxac_ble_advdata.c.o
                0x0001e8dc                adv_data_encode
 .text.ble_advdata_set
                0x0001ec7c       0x62 _build/nrf51422_xxac_ble_advdata.c.o
                0x0001ec7c                ble_advdata_set
 .text.sd_ble_gap_adv_start
                0x0001ecde        0x4 _build/nrf51422_xxac_ble_advertising.c.o
 *fill*         0x0001ece2        0x2 
 .text.ble_advertising_init
                0x0001ece4      0x16c _build/nrf51422_xxac_ble_advertising.c.o
                0x0001ece4                ble_advertising_init
 .text.ble_advertising_start
                0x0001ee50      0x220 _build/nrf51422_xxac_ble_advertising.c.o
                0x0001ee50                ble_advertising_start
 .text.ble_advertising_on_ble_evt
                0x0001f070       0x6c _build/nrf51422_xxac_ble_advertising.c.o
                0x0001f070                ble_advertising_on_ble_evt
 .text.ble_advertising_on_sys_evt
                0x0001f0dc       0x38 _build/nrf51422_xxac_ble_advertising.c.o
                0x0001f0dc                ble_advertising_on_sys_evt
 .text.sd_ble_gap_conn_param_update
                0x0001f114        0x4 _build/nrf51422_xxac_ble_conn_params.c.o
 .text.sd_ble_gap_disconnect
                0x0001f118        0x4 _build/nrf51422_xxac_ble_conn_params.c.o
 .text.sd_ble_gap_ppcp_set
                0x0001f11c        0x4 _build/nrf51422_xxac_ble_conn_params.c.o
 .text.sd_ble_gap_ppcp_get
                0x0001f120        0x4 _build/nrf51422_xxac_ble_conn_params.c.o
 .text.update_timeout_handler
                0x0001f124       0x70 _build/nrf51422_xxac_ble_conn_params.c.o
 .text.conn_params_negotiation
                0x0001f194       0x7c _build/nrf51422_xxac_ble_conn_params.c.o
 .text.ble_conn_params_init
                0x0001f210       0x70 _build/nrf51422_xxac_ble_conn_params.c.o
                0x0001f210                ble_conn_params_init
 .text.ble_conn_params_on_ble_evt
                0x0001f280       0xac _build/nrf51422_xxac_ble_conn_params.c.o
                0x0001f280                ble_conn_params_on_ble_evt
 .text.ble_conn_state_on_ble_evt
                0x0001f32c       0xe8 _build/nrf51422_xxac_ble_conn_state.c.o
                0x0001f32c                ble_conn_state_on_ble_evt
 .text.ble_conn_state_role
                0x0001f414       0x30 _build/nrf51422_xxac_ble_conn_state.c.o
                0x0001f414                ble_conn_state_role
 .text.ble_conn_state_encrypted
                0x0001f444       0x14 _build/nrf51422_xxac_ble_conn_state.c.o
                0x0001f444                ble_conn_state_encrypted
 .text.ble_conn_state_mitm_protected
                0x0001f458       0x14 _build/nrf51422_xxac_ble_conn_state.c.o
                0x0001f458                ble_conn_state_mitm_protected
 .text.ble_conn_state_conn_handles
                0x0001f46c       0x18 _build/nrf51422_xxac_ble_conn_state.c.o
                0x0001f46c                ble_conn_state_conn_handles
 .text.ble_conn_state_user_flag_get
                0x0001f484       0x24 _build/nrf51422_xxac_ble_conn_state.c.o
                0x0001f484                ble_conn_state_user_flag_get
 .text.ble_conn_state_user_flag_set
                0x0001f4a8       0x24 _build/nrf51422_xxac_ble_conn_state.c.o
                0x0001f4a8                ble_conn_state_user_flag_set
 .text.ble_conn_state_user_flag_collection
                0x0001f4cc       0x1c _build/nrf51422_xxac_ble_conn_state.c.o
                0x0001f4cc                ble_conn_state_user_flag_collection
 .text.ble_srv_is_notification_enabled
                0x0001f4e8        0x8 _build/nrf51422_xxac_ble_srv_common.c.o
                0x0001f4e8                ble_srv_is_notification_enabled
 .text.ble_srv_report_ref_encode
                0x0001f4f0        0xc _build/nrf51422_xxac_ble_srv_common.c.o
                0x0001f4f0                ble_srv_report_ref_encode
 .text.ble_srv_ascii_to_utf8
                0x0001f4fc       0x12 _build/nrf51422_xxac_ble_srv_common.c.o
                0x0001f4fc                ble_srv_ascii_to_utf8
 .text.evt_send.part.0
                0x0001f50e        0x8 _build/nrf51422_xxac_gatt_cache_manager.c.o
 *fill*         0x0001f516        0x2 
 .text.local_db_update_in_evt
                0x0001f518       0x80 _build/nrf51422_xxac_gatt_cache_manager.c.o
 .text.local_db_apply_in_evt
                0x0001f598       0x84 _build/nrf51422_xxac_gatt_cache_manager.c.o
 .text.service_changed_pending_flags_check
                0x0001f61c       0xf0 _build/nrf51422_xxac_gatt_cache_manager.c.o
 .text.gcm_gscm_evt_handler
                0x0001f70c       0x68 _build/nrf51422_xxac_gatt_cache_manager.c.o
                0x0001f70c                gcm_gscm_evt_handler
 .text.gcm_im_evt_handler
                0x0001f774       0x2c _build/nrf51422_xxac_gatt_cache_manager.c.o
                0x0001f774                gcm_im_evt_handler
 .text.gcm_smd_evt_handler
                0x0001f7a0       0x10 _build/nrf51422_xxac_gatt_cache_manager.c.o
                0x0001f7a0                gcm_smd_evt_handler
 .text.gcm_ble_evt_handler
                0x0001f7b0       0xec _build/nrf51422_xxac_gatt_cache_manager.c.o
                0x0001f7b0                gcm_ble_evt_handler
 .text.sd_ble_gatts_service_changed
                0x0001f89c        0x4 _build/nrf51422_xxac_gatts_cache_manager.c.o
 .text.sd_ble_gatts_sys_attr_set
                0x0001f8a0        0x4 _build/nrf51422_xxac_gatts_cache_manager.c.o
 .text.sd_ble_gatts_sys_attr_get
                0x0001f8a4        0x4 _build/nrf51422_xxac_gatts_cache_manager.c.o
 .text.service_changed_pending_set
                0x0001f8a8       0x3c _build/nrf51422_xxac_gatts_cache_manager.c.o
 .text.gscm_pdb_evt_handler
                0x0001f8e4       0x4c _build/nrf51422_xxac_gatts_cache_manager.c.o
                0x0001f8e4                gscm_pdb_evt_handler
 .text.gscm_local_db_cache_update
                0x0001f930       0x88 _build/nrf51422_xxac_gatts_cache_manager.c.o
                0x0001f930                gscm_local_db_cache_update
 .text.gscm_local_db_cache_apply
                0x0001f9b8       0x80 _build/nrf51422_xxac_gatts_cache_manager.c.o
                0x0001f9b8                gscm_local_db_cache_apply
 .text.gscm_service_changed_ind_needed
                0x0001fa38       0x1c _build/nrf51422_xxac_gatts_cache_manager.c.o
                0x0001fa38                gscm_service_changed_ind_needed
 .text.gscm_service_changed_ind_send
                0x0001fa54       0x2c _build/nrf51422_xxac_gatts_cache_manager.c.o
                0x0001fa54                gscm_service_changed_ind_send
 .text.gscm_db_change_notification_done
                0x0001fa80       0x1c _build/nrf51422_xxac_gatts_cache_manager.c.o
                0x0001fa80                gscm_db_change_notification_done
 .text.sd_ecb_block_encrypt
                0x0001fa9c        0x4 _build/nrf51422_xxac_id_manager.c.o
 .text.evt_send
                0x0001faa0       0x10 _build/nrf51422_xxac_id_manager.c.o
 .text.get_free_connection
                0x0001fab0       0x2c _build/nrf51422_xxac_id_manager.c.o
                0x0001fab0                get_free_connection
 .text.get_connection_by_conn_handle
                0x0001fadc       0x38 _build/nrf51422_xxac_id_manager.c.o
                0x0001fadc                get_connection_by_conn_handle
 .text.new_connection
                0x0001fb14       0x5c _build/nrf51422_xxac_id_manager.c.o
                0x0001fb14                new_connection
 .text.is_valid_irk
                0x0001fb70       0x18 _build/nrf51422_xxac_id_manager.c.o
                0x0001fb70                is_valid_irk
 .text.addr_compare
                0x0001fb88       0x28 _build/nrf51422_xxac_id_manager.c.o
                0x0001fb88                addr_compare
 .text.im_is_duplicate_bonding_data
                0x0001fbb0       0x34 _build/nrf51422_xxac_id_manager.c.o
                0x0001fbb0                im_is_duplicate_bonding_data
 .text.im_peer_id_get_by_conn_handle
                0x0001fbe4       0x20 _build/nrf51422_xxac_id_manager.c.o
                0x0001fbe4                im_peer_id_get_by_conn_handle
 .text.im_ble_addr_get
                0x0001fc04       0x2c _build/nrf51422_xxac_id_manager.c.o
                0x0001fc04                im_ble_addr_get
 .text.im_conn_handle_get
                0x0001fc30       0x2c _build/nrf51422_xxac_id_manager.c.o
                0x0001fc30                im_conn_handle_get
 .text.im_pdb_evt_handler
                0x0001fc5c       0x68 _build/nrf51422_xxac_id_manager.c.o
                0x0001fc5c                im_pdb_evt_handler
 .text.im_master_id_is_valid
                0x0001fcc4       0x20 _build/nrf51422_xxac_id_manager.c.o
                0x0001fcc4                im_master_id_is_valid
 .text.im_master_ids_compare
                0x0001fce4       0x2a _build/nrf51422_xxac_id_manager.c.o
                0x0001fce4                im_master_ids_compare
 *fill*         0x0001fd0e        0x2 
 .text.im_peer_id_get_by_master_id
                0x0001fd10       0x4c _build/nrf51422_xxac_id_manager.c.o
                0x0001fd10                im_peer_id_get_by_master_id
 .text.im_new_peer_id
                0x0001fd5c       0x1c _build/nrf51422_xxac_id_manager.c.o
                0x0001fd5c                im_new_peer_id
 .text.im_peer_free
                0x0001fd78       0x40 _build/nrf51422_xxac_id_manager.c.o
                0x0001fd78                im_peer_free
 .text.ah       0x0001fdb8       0x58 _build/nrf51422_xxac_id_manager.c.o
                0x0001fdb8                ah
 .text.im_address_resolve
                0x0001fe10       0x42 _build/nrf51422_xxac_id_manager.c.o
                0x0001fe10                im_address_resolve
 *fill*         0x0001fe52        0x2 
 .text.im_ble_evt_handler
                0x0001fe54       0xb8 _build/nrf51422_xxac_id_manager.c.o
                0x0001fe54                im_ble_evt_handler
 .text.nrf_ble_gatt_init
                0x0001ff0c        0x4 _build/nrf51422_xxac_nrf_ble_gatt.c.o
                0x0001ff0c                nrf_ble_gatt_init
 .text.nrf_ble_gatt_on_ble_evt
                0x0001ff10        0x2 _build/nrf51422_xxac_nrf_ble_gatt.c.o
                0x0001ff10                nrf_ble_gatt_on_ble_evt
 .text.peer_data_id_is_valid
                0x0001ff12       0x16 _build/nrf51422_xxac_peer_data_storage.c.o
 .text.peer_data_find
                0x0001ff28       0x30 _build/nrf51422_xxac_peer_data_storage.c.o
 .text.pds_evt_send.part.0
                0x0001ff58        0x8 _build/nrf51422_xxac_peer_data_storage.c.o
 .text.peer_data_delete
                0x0001ff60       0x8c _build/nrf51422_xxac_peer_data_storage.c.o
 .text.pds_peer_data_read
                0x0001ffec       0x6c _build/nrf51422_xxac_peer_data_storage.c.o
                0x0001ffec                pds_peer_data_read
 .text.pds_peer_data_iterate_prepare
                0x00020058       0x14 _build/nrf51422_xxac_peer_data_storage.c.o
                0x00020058                pds_peer_data_iterate_prepare
 .text.pds_peer_data_iterate
                0x0002006c       0x58 _build/nrf51422_xxac_peer_data_storage.c.o
                0x0002006c                pds_peer_data_iterate
 .text.pds_space_reserve
                0x000200c4       0x2c _build/nrf51422_xxac_peer_data_storage.c.o
                0x000200c4                pds_space_reserve
 .text.pds_space_reserve_cancel
                0x000200f0       0x12 _build/nrf51422_xxac_peer_data_storage.c.o
                0x000200f0                pds_space_reserve_cancel
 *fill*         0x00020102        0x2 
 .text.pds_peer_data_store
                0x00020104       0xb0 _build/nrf51422_xxac_peer_data_storage.c.o
                0x00020104                pds_peer_data_store
 .text.pds_peer_id_allocate
                0x000201b4       0x10 _build/nrf51422_xxac_peer_data_storage.c.o
                0x000201b4                pds_peer_id_allocate
 .text.pds_peer_id_free
                0x000201c4       0x16 _build/nrf51422_xxac_peer_data_storage.c.o
                0x000201c4                pds_peer_id_free
 .text.pds_peer_id_is_allocated
                0x000201da        0x8 _build/nrf51422_xxac_peer_data_storage.c.o
                0x000201da                pds_peer_id_is_allocated
 .text.pds_next_peer_id_get
                0x000201e2        0x8 _build/nrf51422_xxac_peer_data_storage.c.o
                0x000201e2                pds_next_peer_id_get
 .text.pds_next_deleted_peer_id_get
                0x000201ea        0x8 _build/nrf51422_xxac_peer_data_storage.c.o
                0x000201ea                pds_next_deleted_peer_id_get
 *fill*         0x000201f2        0x2 
 .text.pdb_evt_send
                0x000201f4       0x1c _build/nrf51422_xxac_peer_database.c.o
 .text.write_buf_length_words_set
                0x00020210       0x2c _build/nrf51422_xxac_peer_database.c.o
 .text.write_buffer_record_find
                0x0002023c       0x50 _build/nrf51422_xxac_peer_database.c.o
 .text.write_buffer_record_release
                0x0002028c       0x40 _build/nrf51422_xxac_peer_database.c.o
 .text.pdb_peer_allocate
                0x000202cc        0x8 _build/nrf51422_xxac_peer_database.c.o
                0x000202cc                pdb_peer_allocate
 .text.pdb_peer_data_ptr_get
                0x000202d4        0xa _build/nrf51422_xxac_peer_database.c.o
                0x000202d4                pdb_peer_data_ptr_get
 *fill*         0x000202de        0x2 
 .text.pdb_write_buf_get
                0x000202e0      0x12c _build/nrf51422_xxac_peer_database.c.o
                0x000202e0                pdb_write_buf_get
 .text.pdb_write_buf_release
                0x0002040c       0x28 _build/nrf51422_xxac_peer_database.c.o
                0x0002040c                pdb_write_buf_release
 .text.pdb_peer_free
                0x00020434       0x70 _build/nrf51422_xxac_peer_database.c.o
                0x00020434                pdb_peer_free
 .text.pdb_write_buf_store_prepare
                0x000204a4       0x68 _build/nrf51422_xxac_peer_database.c.o
                0x000204a4                pdb_write_buf_store_prepare
 .text.pdb_write_buf_store
                0x0002050c       0xd4 _build/nrf51422_xxac_peer_database.c.o
                0x0002050c                pdb_write_buf_store
 .text.pdb_pds_evt_handler
                0x000205e0      0x144 _build/nrf51422_xxac_peer_database.c.o
                0x000205e0                pdb_pds_evt_handler
 .text.pdb_next_peer_id_get
                0x00020724        0x8 _build/nrf51422_xxac_peer_database.c.o
                0x00020724                pdb_next_peer_id_get
 .text.pdb_next_deleted_peer_id_get
                0x0002072c        0x8 _build/nrf51422_xxac_peer_database.c.o
                0x0002072c                pdb_next_deleted_peer_id_get
 .text.pdb_raw_store
                0x00020734        0xc _build/nrf51422_xxac_peer_database.c.o
                0x00020734                pdb_raw_store
 .text.claim    0x00020740       0x38 _build/nrf51422_xxac_peer_id.c.o
 .text.peer_id_allocate
                0x00020778       0x10 _build/nrf51422_xxac_peer_id.c.o
                0x00020778                peer_id_allocate
 .text.peer_id_delete
                0x00020788       0x28 _build/nrf51422_xxac_peer_id.c.o
                0x00020788                peer_id_delete
 .text.peer_id_free
                0x000207b0       0x24 _build/nrf51422_xxac_peer_id.c.o
                0x000207b0                peer_id_free
 .text.peer_id_is_allocated
                0x000207d4       0x18 _build/nrf51422_xxac_peer_id.c.o
                0x000207d4                peer_id_is_allocated
 .text.peer_id_is_deleted
                0x000207ec       0x18 _build/nrf51422_xxac_peer_id.c.o
                0x000207ec                peer_id_is_deleted
 .text.next_id_get
                0x00020804       0x30 _build/nrf51422_xxac_peer_id.c.o
                0x00020804                next_id_get
 .text.peer_id_get_next_used
                0x00020834       0x30 _build/nrf51422_xxac_peer_id.c.o
                0x00020834                peer_id_get_next_used
 .text.peer_id_get_next_deleted
                0x00020864       0x10 _build/nrf51422_xxac_peer_id.c.o
                0x00020864                peer_id_get_next_deleted
 .text.evt_send
                0x00020874       0x28 _build/nrf51422_xxac_peer_manager.c.o
 .text.pm_pdb_evt_handler
                0x0002089c      0x17c _build/nrf51422_xxac_peer_manager.c.o
                0x0002089c                pm_pdb_evt_handler
 .text.pm_sm_evt_handler
                0x00020a18      0x13c _build/nrf51422_xxac_peer_manager.c.o
                0x00020a18                pm_sm_evt_handler
 .text.pm_gcm_evt_handler
                0x00020b54       0x6e _build/nrf51422_xxac_peer_manager.c.o
                0x00020b54                pm_gcm_evt_handler
 *fill*         0x00020bc2        0x2 
 .text.pm_on_ble_evt
                0x00020bc4       0x24 _build/nrf51422_xxac_peer_manager.c.o
                0x00020bc4                pm_on_ble_evt
 .text.pm_peer_delete
                0x00020be8       0x1c _build/nrf51422_xxac_peer_manager.c.o
                0x00020be8                pm_peer_delete
 .text.pm_im_evt_handler
                0x00020c04       0x4c _build/nrf51422_xxac_peer_manager.c.o
                0x00020c04                pm_im_evt_handler
 .text.pm_buffer_ptr_get
                0x00020c50       0x32 _build/nrf51422_xxac_pm_buffer.c.o
                0x00020c50                pm_buffer_ptr_get
 .text.pm_buffer_release
                0x00020c82       0x2c _build/nrf51422_xxac_pm_buffer.c.o
                0x00020c82                pm_buffer_release
 .text.pm_buffer_block_acquire
                0x00020cae       0x60 _build/nrf51422_xxac_pm_buffer.c.o
                0x00020cae                pm_buffer_block_acquire
 .text.pm_mutex_lock
                0x00020d0e       0x3e _build/nrf51422_xxac_pm_mutex.c.o
                0x00020d0e                pm_mutex_lock
 .text.pm_mutex_unlock
                0x00020d4c       0x36 _build/nrf51422_xxac_pm_mutex.c.o
                0x00020d4c                pm_mutex_unlock
 .text.pm_mutex_lock_first_available
                0x00020d82       0x64 _build/nrf51422_xxac_pm_mutex.c.o
                0x00020d82                pm_mutex_lock_first_available
 .text.pm_mutex_lock_status_get
                0x00020de6       0x1e _build/nrf51422_xxac_pm_mutex.c.o
                0x00020de6                pm_mutex_lock_status_get
 .text.sd_ble_gap_authenticate
                0x00020e04        0x4 _build/nrf51422_xxac_security_dispatcher.c.o
 .text.sd_ble_gap_sec_params_reply
                0x00020e08        0x4 _build/nrf51422_xxac_security_dispatcher.c.o
 .text.sd_ble_gap_encrypt
                0x00020e0c        0x4 _build/nrf51422_xxac_security_dispatcher.c.o
 .text.sd_ble_gap_sec_info_reply
                0x00020e10        0x4 _build/nrf51422_xxac_security_dispatcher.c.o
 .text.evt_send
                0x00020e14       0x10 _build/nrf51422_xxac_security_dispatcher.c.o
 .text.sec_start_send
                0x00020e24       0x22 _build/nrf51422_xxac_security_dispatcher.c.o
 *fill*         0x00020e46        0x2 
 .text.encryption_failure
                0x00020e48       0x3c _build/nrf51422_xxac_security_dispatcher.c.o
 .text.sec_proc_start
                0x00020e84       0x58 _build/nrf51422_xxac_security_dispatcher.c.o
 .text.link_secure_failure.part.2
                0x00020edc       0xa0 _build/nrf51422_xxac_security_dispatcher.c.o
 .text.smd_pdb_evt_handler
                0x00020f7c       0x30 _build/nrf51422_xxac_security_dispatcher.c.o
                0x00020f7c                smd_pdb_evt_handler
 .text.smd_params_reply
                0x00020fac      0x138 _build/nrf51422_xxac_security_dispatcher.c.o
                0x00020fac                smd_params_reply
 .text.smd_link_secure
                0x000210e4      0x194 _build/nrf51422_xxac_security_dispatcher.c.o
                0x000210e4                smd_link_secure
 .text.smd_ble_evt_handler
                0x00021278      0x250 _build/nrf51422_xxac_security_dispatcher.c.o
                0x00021278                smd_ble_evt_handler
 .text.events_send_from_err_code.part.1
                0x000214c8       0x2e _build/nrf51422_xxac_security_manager.c.o
 *fill*         0x000214f6        0x2 
 .text.link_secure
                0x000214f8       0xf0 _build/nrf51422_xxac_security_manager.c.o
 .text.link_secure_pending_process
                0x000215e8       0x64 _build/nrf51422_xxac_security_manager.c.o
 .text.smd_params_reply_perform
                0x0002164c       0xf8 _build/nrf51422_xxac_security_manager.c.o
 .text.params_reply_pending_process.part.2
                0x00021744       0x36 _build/nrf51422_xxac_security_manager.c.o
 *fill*         0x0002177a        0x2 
 .text.sm_smd_evt_handler
                0x0002177c       0x74 _build/nrf51422_xxac_security_manager.c.o
                0x0002177c                sm_smd_evt_handler
 .text.sm_pdb_evt_handler
                0x000217f0       0x58 _build/nrf51422_xxac_security_manager.c.o
                0x000217f0                sm_pdb_evt_handler
 .text.sm_ble_evt_handler
                0x00021848       0x14 _build/nrf51422_xxac_security_manager.c.o
                0x00021848                sm_ble_evt_handler
 .text          0x0002185c       0x4c _build/nrf51422_xxac_gcc_startup_nrf51.S.o
                0x0002185c                Reset_Handler
                0x0002189c                NMI_Handler
                0x0002189e                HardFault_Handler
                0x000218a0                SVC_Handler
                0x000218a2                PendSV_Handler
                0x000218a4                SysTick_Handler
                0x000218a6                RADIO_IRQHandler
                0x000218a6                RTC0_IRQHandler
                0x000218a6                SWI4_IRQHandler
                0x000218a6                TEMP_IRQHandler
                0x000218a6                QDEC_IRQHandler
                0x000218a6                SWI5_IRQHandler
                0x000218a6                TIMER0_IRQHandler
                0x000218a6                LPCOMP_IRQHandler
                0x000218a6                TIMER1_IRQHandler
                0x000218a6                ECB_IRQHandler
                0x000218a6                Default_Handler
                0x000218a6                ADC_IRQHandler
                0x000218a6                SWI3_IRQHandler
                0x000218a6                CCM_AAR_IRQHandler
                0x000218a6                WDT_IRQHandler
                0x000218a6                TIMER2_IRQHandler
                0x000218a6                RNG_IRQHandler
                0x000218a6                SPI1_TWI1_IRQHandler
                0x000218a6                SWI1_IRQHandler
 .text.SystemInit
                0x000218a8       0xd8 _build/nrf51422_xxac_system_nrf51.c.o
                0x000218a8                SystemInit
 .text.sd_ble_gatts_service_add
                0x00021980        0x4 _build/nrf51422_xxac_ble_bas.c.o
 .text.sd_ble_gatts_characteristic_add
                0x00021984        0x4 _build/nrf51422_xxac_ble_bas.c.o
 .text.sd_ble_gatts_descriptor_add
                0x00021988        0x4 _build/nrf51422_xxac_ble_bas.c.o
 .text.ble_bas_on_ble_evt
                0x0002198c       0x56 _build/nrf51422_xxac_ble_bas.c.o
                0x0002198c                ble_bas_on_ble_evt
 *fill*         0x000219e2        0x2 
 .text.ble_bas_init
                0x000219e4      0x174 _build/nrf51422_xxac_ble_bas.c.o
                0x000219e4                ble_bas_init
 .text.sd_ble_gatts_service_add
                0x00021b58        0x4 _build/nrf51422_xxac_ble_dis.c.o
 .text.sd_ble_gatts_characteristic_add
                0x00021b5c        0x4 _build/nrf51422_xxac_ble_dis.c.o
 .text.char_add
                0x00021b60       0xa4 _build/nrf51422_xxac_ble_dis.c.o
 .text.ble_dis_init
                0x00021c04      0x1a8 _build/nrf51422_xxac_ble_dis.c.o
                0x00021c04                ble_dis_init
 .text.sd_ble_gatts_service_add
                0x00021dac        0x4 _build/nrf51422_xxac_ble_hrs.c.o
 .text.sd_ble_gatts_characteristic_add
                0x00021db0        0x4 _build/nrf51422_xxac_ble_hrs.c.o
 .text.sd_ble_gatts_hvx
                0x00021db4        0x4 _build/nrf51422_xxac_ble_hrs.c.o
 .text.hrm_encode
                0x00021db8       0xa2 _build/nrf51422_xxac_ble_hrs.c.o
 .text.ble_hrs_on_ble_evt
                0x00021e5a       0x4a _build/nrf51422_xxac_ble_hrs.c.o
                0x00021e5a                ble_hrs_on_ble_evt
 .text.ble_hrs_init
                0x00021ea4      0x178 _build/nrf51422_xxac_ble_hrs.c.o
                0x00021ea4                ble_hrs_init
 .text.ble_hrs_heart_rate_measurement_send
                0x0002201c       0x60 _build/nrf51422_xxac_ble_hrs.c.o
                0x0002201c                ble_hrs_heart_rate_measurement_send
 .text.ble_hrs_rr_interval_add
                0x0002207c       0x30 _build/nrf51422_xxac_ble_hrs.c.o
                0x0002207c                ble_hrs_rr_interval_add
 .text.ble_hrs_on_gatt_evt
                0x000220ac       0x12 _build/nrf51422_xxac_ble_hrs.c.o
                0x000220ac                ble_hrs_on_gatt_evt
 .text.sd_evt_get
                0x000220be        0x4 _build/nrf51422_xxac_softdevice_handler.c.o
 .text.sd_softdevice_enable
                0x000220c2        0x4 _build/nrf51422_xxac_softdevice_handler.c.o
 .text.sd_ble_enable
                0x000220c6        0x4 _build/nrf51422_xxac_softdevice_handler.c.o
 .text.sd_ble_evt_get
                0x000220ca        0x4 _build/nrf51422_xxac_softdevice_handler.c.o
 .text.softdevice_fault_handler
                0x000220ce        0x8 _build/nrf51422_xxac_softdevice_handler.c.o
                0x000220ce                softdevice_fault_handler
 *fill*         0x000220d6        0x2 
 .text.sd_nvic_EnableIRQ.constprop.5
                0x000220d8       0x38 _build/nrf51422_xxac_softdevice_handler.c.o
 .text.intern_softdevice_events_execute
                0x00022110       0xb0 _build/nrf51422_xxac_softdevice_handler.c.o
                0x00022110                intern_softdevice_events_execute
 .text.softdevice_handler_is_enabled
                0x000221c0        0xc _build/nrf51422_xxac_softdevice_handler.c.o
                0x000221c0                softdevice_handler_is_enabled
 .text.softdevice_handler_init
                0x000221cc       0x6c _build/nrf51422_xxac_softdevice_handler.c.o
                0x000221cc                softdevice_handler_init
 .text.softdevice_ble_evt_handler_set
                0x00022238       0x14 _build/nrf51422_xxac_softdevice_handler.c.o
                0x00022238                softdevice_ble_evt_handler_set
 .text.softdevice_sys_evt_handler_set
                0x0002224c       0x14 _build/nrf51422_xxac_softdevice_handler.c.o
                0x0002224c                softdevice_sys_evt_handler_set
 .text.SWI2_IRQHandler
                0x00022260       0x20 _build/nrf51422_xxac_softdevice_handler.c.o
                0x00022260                SWI2_IRQHandler
 .text.softdevice_enable_get_default_config
                0x00022280       0x2e _build/nrf51422_xxac_softdevice_handler.c.o
                0x00022280                softdevice_enable_get_default_config
 *fill*         0x000222ae        0x2 
 .text.softdevice_enable
                0x000222b0       0x60 _build/nrf51422_xxac_softdevice_handler.c.o
                0x000222b0                softdevice_enable
 .text          0x00022310       0x14 c:/program files (x86)/gnu tools arm embedded/8 2019-q3-update/bin/../lib/gcc/arm-none-eabi/8.3.1/thumb/v6-m/nofp\libgcc.a(_thumb1_case_sqi.o)
                0x00022310                __gnu_thumb1_case_sqi
 .text          0x00022324       0x14 c:/program files (x86)/gnu tools arm embedded/8 2019-q3-update/bin/../lib/gcc/arm-none-eabi/8.3.1/thumb/v6-m/nofp\libgcc.a(_thumb1_case_uqi.o)
                0x00022324                __gnu_thumb1_case_uqi
 .text          0x00022338       0x14 c:/program files (x86)/gnu tools arm embedded/8 2019-q3-update/bin/../lib/gcc/arm-none-eabi/8.3.1/thumb/v6-m/nofp\libgcc.a(_thumb1_case_uhi.o)
                0x00022338                __gnu_thumb1_case_uhi
 .text          0x0002234c      0x114 c:/program files (x86)/gnu tools arm embedded/8 2019-q3-update/bin/../lib/gcc/arm-none-eabi/8.3.1/thumb/v6-m/nofp\libgcc.a(_udivsi3.o)
                0x0002234c                __aeabi_uidiv
                0x0002234c                __udivsi3
                0x00022458                __aeabi_uidivmod
 .text          0x00022460      0x1d4 c:/program files (x86)/gnu tools arm embedded/8 2019-q3-update/bin/../lib/gcc/arm-none-eabi/8.3.1/thumb/v6-m/nofp\libgcc.a(_divsi3.o)
                0x00022460                __divsi3
                0x00022460                __aeabi_idiv
                0x0002262c                __aeabi_idivmod
 .text          0x00022634        0x4 c:/program files (x86)/gnu tools arm embedded/8 2019-q3-update/bin/../lib/gcc/arm-none-eabi/8.3.1/thumb/v6-m/nofp\libgcc.a(_dvmd_tls.o)
                0x00022634                __aeabi_idiv0
                0x00022634                __aeabi_ldiv0
 .text          0x00022638       0x74 c:/program files (x86)/gnu tools arm embedded/8 2019-q3-update/bin/../lib/gcc/arm-none-eabi/8.3.1/thumb/v6-m/nofp\libgcc.a(_arm_cmpsf2.o)
                0x00022638                __aeabi_cfrcmple
                0x00022640                __aeabi_cfcmpeq
                0x00022640                __aeabi_cfcmple
                0x00022650                __aeabi_fcmpeq
                0x0002265c                __aeabi_fcmplt
                0x00022670                __aeabi_fcmple
                0x00022684                __aeabi_fcmpgt
                0x00022698                __aeabi_fcmpge
 .text          0x000226ac       0x30 c:/program files (x86)/gnu tools arm embedded/8 2019-q3-update/bin/../lib/gcc/arm-none-eabi/8.3.1/thumb/v6-m/nofp\libgcc.a(_fixunssfsi.o)
                0x000226ac                __fixunssfsi
                0x000226ac                __aeabi_f2uiz
 .text          0x000226dc       0x50 c:/program files (x86)/gnu tools arm embedded/8 2019-q3-update/bin/../lib/gcc/arm-none-eabi/8.3.1/thumb/v6-m/nofp\libgcc.a(eqsf2.o)
                0x000226dc                __eqsf2
                0x000226dc                __nesf2
 .text          0x0002272c       0x98 c:/program files (x86)/gnu tools arm embedded/8 2019-q3-update/bin/../lib/gcc/arm-none-eabi/8.3.1/thumb/v6-m/nofp\libgcc.a(gesf2.o)
                0x0002272c                __gesf2
                0x0002272c                __gtsf2
 .text          0x000227c4       0x94 c:/program files (x86)/gnu tools arm embedded/8 2019-q3-update/bin/../lib/gcc/arm-none-eabi/8.3.1/thumb/v6-m/nofp\libgcc.a(lesf2.o)
                0x000227c4                __ltsf2
                0x000227c4                __lesf2
 .text          0x00022858      0x22c c:/program files (x86)/gnu tools arm embedded/8 2019-q3-update/bin/../lib/gcc/arm-none-eabi/8.3.1/thumb/v6-m/nofp\libgcc.a(mulsf3.o)
                0x00022858                __aeabi_fmul
 .text          0x00022a84      0x348 c:/program files (x86)/gnu tools arm embedded/8 2019-q3-update/bin/../lib/gcc/arm-none-eabi/8.3.1/thumb/v6-m/nofp\libgcc.a(subsf3.o)
                0x00022a84                __aeabi_fsub
 .text          0x00022dcc       0x40 c:/program files (x86)/gnu tools arm embedded/8 2019-q3-update/bin/../lib/gcc/arm-none-eabi/8.3.1/thumb/v6-m/nofp\libgcc.a(fixsfsi.o)
                0x00022dcc                __aeabi_f2iz
 .text          0x00022e0c       0x94 c:/program files (x86)/gnu tools arm embedded/8 2019-q3-update/bin/../lib/gcc/arm-none-eabi/8.3.1/thumb/v6-m/nofp\libgcc.a(floatsisf.o)
                0x00022e0c                __aeabi_i2f
 .text          0x00022ea0      0x4e4 c:/program files (x86)/gnu tools arm embedded/8 2019-q3-update/bin/../lib/gcc/arm-none-eabi/8.3.1/thumb/v6-m/nofp\libgcc.a(muldf3.o)
                0x00022ea0                __aeabi_dmul
 .text          0x00023384      0x738 c:/program files (x86)/gnu tools arm embedded/8 2019-q3-update/bin/../lib/gcc/arm-none-eabi/8.3.1/thumb/v6-m/nofp\libgcc.a(subdf3.o)
                0x00023384                __aeabi_dsub
 .text          0x00023abc       0x78 c:/program files (x86)/gnu tools arm embedded/8 2019-q3-update/bin/../lib/gcc/arm-none-eabi/8.3.1/thumb/v6-m/nofp\libgcc.a(floatsidf.o)
                0x00023abc                __aeabi_i2d
 .text          0x00023b34      0x110 c:/program files (x86)/gnu tools arm embedded/8 2019-q3-update/bin/../lib/gcc/arm-none-eabi/8.3.1/thumb/v6-m/nofp\libgcc.a(truncdfsf2.o)
                0x00023b34                __aeabi_d2f
 .text          0x00023c44       0x3c c:/program files (x86)/gnu tools arm embedded/8 2019-q3-update/bin/../lib/gcc/arm-none-eabi/8.3.1/thumb/v6-m/nofp\libgcc.a(_clzsi2.o)
                0x00023c44                __clzsi2
 .text.memcmp   0x00023c80       0x1c c:/program files (x86)/gnu tools arm embedded/8 2019-q3-update/bin/../lib/gcc/arm-none-eabi/8.3.1/../../../../arm-none-eabi/lib/thumb/v6-m/nofp\libc_nano.a(lib_a-memcmp.o)
                0x00023c80                memcmp
 .text.memcpy   0x00023c9c       0x12 c:/program files (x86)/gnu tools arm embedded/8 2019-q3-update/bin/../lib/gcc/arm-none-eabi/8.3.1/../../../../arm-none-eabi/lib/thumb/v6-m/nofp\libc_nano.a(lib_a-memcpy-stub.o)
                0x00023c9c                memcpy
 .text.memmove  0x00023cae       0x26 c:/program files (x86)/gnu tools arm embedded/8 2019-q3-update/bin/../lib/gcc/arm-none-eabi/8.3.1/../../../../arm-none-eabi/lib/thumb/v6-m/nofp\libc_nano.a(lib_a-memmove.o)
                0x00023cae                memmove
 .text.snprintf
                0x00023cd4       0x64 c:/program files (x86)/gnu tools arm embedded/8 2019-q3-update/bin/../lib/gcc/arm-none-eabi/8.3.1/../../../../arm-none-eabi/lib/thumb/v6-m/nofp\libc_nano.a(lib_a-snprintf.o)
                0x00023cd4                sniprintf
                0x00023cd4                snprintf
 .text.strcpy   0x00023d38       0x10 c:/program files (x86)/gnu tools arm embedded/8 2019-q3-update/bin/../lib/gcc/arm-none-eabi/8.3.1/../../../../arm-none-eabi/lib/thumb/v6-m/nofp\libc_nano.a(lib_a-strcpy.o)
                0x00023d38                strcpy
 .text          0x00023d48        0xe c:/program files (x86)/gnu tools arm embedded/8 2019-q3-update/bin/../lib/gcc/arm-none-eabi/8.3.1/../../../../arm-none-eabi/lib/thumb/v6-m/nofp\libc_nano.a(lib_a-strlen.o)
                0x00023d48                strlen
 *fill*         0x00023d56        0x2 
 .text.__ssputs_r
                0x00023d58       0xc4 c:/program files (x86)/gnu tools arm embedded/8 2019-q3-update/bin/../lib/gcc/arm-none-eabi/8.3.1/../../../../arm-none-eabi/lib/thumb/v6-m/nofp\libc_nano.a(lib_a-nano-svfprintf.o)
                0x00023d58                __ssputs_r
 .text._svfprintf_r
                0x00023e1c      0x1fc c:/program files (x86)/gnu tools arm embedded/8 2019-q3-update/bin/../lib/gcc/arm-none-eabi/8.3.1/../../../../arm-none-eabi/lib/thumb/v6-m/nofp\libc_nano.a(lib_a-nano-svfprintf.o)
                0x00023e1c                _svfiprintf_r
                0x00023e1c                _svfprintf_r
 .text._printf_common
                0x00024018       0xda c:/program files (x86)/gnu tools arm embedded/8 2019-q3-update/bin/../lib/gcc/arm-none-eabi/8.3.1/../../../../arm-none-eabi/lib/thumb/v6-m/nofp\libc_nano.a(lib_a-nano-vfprintf_i.o)
                0x00024018                _printf_common
 *fill*         0x000240f2        0x2 
 .text._printf_i
                0x000240f4      0x214 c:/program files (x86)/gnu tools arm embedded/8 2019-q3-update/bin/../lib/gcc/arm-none-eabi/8.3.1/../../../../arm-none-eabi/lib/thumb/v6-m/nofp\libc_nano.a(lib_a-nano-vfprintf_i.o)
                0x000240f4                _printf_i
 .text.memchr   0x00024308       0x16 c:/program files (x86)/gnu tools arm embedded/8 2019-q3-update/bin/../lib/gcc/arm-none-eabi/8.3.1/../../../../arm-none-eabi/lib/thumb/v6-m/nofp\libc_nano.a(lib_a-memchr-stub.o)
                0x00024308                memchr
 *fill*         0x0002431e        0x2 
 .text._free_r  0x00024320       0x94 c:/program files (x86)/gnu tools arm embedded/8 2019-q3-update/bin/../lib/gcc/arm-none-eabi/8.3.1/../../../../arm-none-eabi/lib/thumb/v6-m/nofp\libc_nano.a(lib_a-nano-freer.o)
                0x00024320                _free_r
 .text._malloc_r
                0x000243b4       0xbc c:/program files (x86)/gnu tools arm embedded/8 2019-q3-update/bin/../lib/gcc/arm-none-eabi/8.3.1/../../../../arm-none-eabi/lib/thumb/v6-m/nofp\libc_nano.a(lib_a-nano-mallocr.o)
                0x000243b4                _malloc_r
 .text._realloc_r
                0x00024470       0x4c c:/program files (x86)/gnu tools arm embedded/8 2019-q3-update/bin/../lib/gcc/arm-none-eabi/8.3.1/../../../../arm-none-eabi/lib/thumb/v6-m/nofp\libc_nano.a(lib_a-nano-reallocr.o)
                0x00024470                _realloc_r
 .text._sbrk_r  0x000244bc       0x24 c:/program files (x86)/gnu tools arm embedded/8 2019-q3-update/bin/../lib/gcc/arm-none-eabi/8.3.1/../../../../arm-none-eabi/lib/thumb/v6-m/nofp\libc_nano.a(lib_a-sbrkr.o)
                0x000244bc                _sbrk_r
 .text.__malloc_lock
                0x000244e0       0x10 c:/program files (x86)/gnu tools arm embedded/8 2019-q3-update/bin/../lib/gcc/arm-none-eabi/8.3.1/../../../../arm-none-eabi/lib/thumb/v6-m/nofp\libc_nano.a(lib_a-mlock.o)
                0x000244e0                __malloc_lock
 .text.__malloc_unlock
                0x000244f0       0x10 c:/program files (x86)/gnu tools arm embedded/8 2019-q3-update/bin/../lib/gcc/arm-none-eabi/8.3.1/../../../../arm-none-eabi/lib/thumb/v6-m/nofp\libc_nano.a(lib_a-mlock.o)
                0x000244f0                __malloc_unlock
 .text._malloc_usable_size_r
                0x00024500       0x10 c:/program files (x86)/gnu tools arm embedded/8 2019-q3-update/bin/../lib/gcc/arm-none-eabi/8.3.1/../../../../arm-none-eabi/lib/thumb/v6-m/nofp\libc_nano.a(lib_a-nano-msizer.o)
                0x00024500                _malloc_usable_size_r
 .text.__retarget_lock_acquire_recursive
                0x00024510        0x2 c:/program files (x86)/gnu tools arm embedded/8 2019-q3-update/bin/../lib/gcc/arm-none-eabi/8.3.1/../../../../arm-none-eabi/lib/thumb/v6-m/nofp\libc_nano.a(lib_a-lock.o)
                0x00024510                __retarget_lock_acquire_recursive
 .text.__retarget_lock_release_recursive
                0x00024512        0x2 c:/program files (x86)/gnu tools arm embedded/8 2019-q3-update/bin/../lib/gcc/arm-none-eabi/8.3.1/../../../../arm-none-eabi/lib/thumb/v6-m/nofp\libc_nano.a(lib_a-lock.o)
                0x00024512                __retarget_lock_release_recursive
 .text._sbrk    0x00024514       0x1c c:/program files (x86)/gnu tools arm embedded/8 2019-q3-update/bin/../lib/gcc/arm-none-eabi/8.3.1/../../../../arm-none-eabi/lib/thumb/v6-m/nofp\libnosys.a(sbrk.o)
                0x00024514                _sbrk
 *(.init)
 .init          0x00024530        0x4 c:/program files (x86)/gnu tools arm embedded/8 2019-q3-update/bin/../lib/gcc/arm-none-eabi/8.3.1/thumb/v6-m/nofp/crti.o
                0x00024530                _init
 .init          0x00024534        0x8 c:/program files (x86)/gnu tools arm embedded/8 2019-q3-update/bin/../lib/gcc/arm-none-eabi/8.3.1/thumb/v6-m/nofp/crtn.o
 *(.fini)
 .fini          0x0002453c        0x4 c:/program files (x86)/gnu tools arm embedded/8 2019-q3-update/bin/../lib/gcc/arm-none-eabi/8.3.1/thumb/v6-m/nofp/crti.o
                0x0002453c                _fini
 .fini          0x00024540        0x8 c:/program files (x86)/gnu tools arm embedded/8 2019-q3-update/bin/../lib/gcc/arm-none-eabi/8.3.1/thumb/v6-m/nofp/crtn.o
 *crtbegin.o(.ctors)
 *crtbegin?.o(.ctors)
 *(EXCLUDE_FILE(*crtend.o *crtend?.o) .ctors)
 *(SORT_BY_NAME(.ctors.*))
 *(.ctors)
 *crtbegin.o(.dtors)
 *crtbegin?.o(.dtors)
 *(EXCLUDE_FILE(*crtend.o *crtend?.o) .dtors)
 *(SORT_BY_NAME(.dtors.*))
 *(.dtors)
 *(.rodata*)
 .rodata._global_impure_ptr
                0x00024548        0x4 c:/program files (x86)/gnu tools arm embedded/8 2019-q3-update/bin/../lib/gcc/arm-none-eabi/8.3.1/../../../../arm-none-eabi/lib/thumb/v6-m/nofp\libc_nano.a(lib_a-impure.o)
                0x00024548                _global_impure_ptr
 .rodata.nrf_log_backend_serial_hexdump_handler.str1.1
                0x0002454c        0x7 _build/nrf51422_xxac_nrf_log_backend_serial.c.o
 .rodata.app_error_fault_handler.str1.1
                0x00024553       0x18 _build/nrf51422_xxac_app_error_weak.c.o
 *fill*         0x0002456b        0x1 
 .rodata.m_fds_tl_dirty
                0x0002456c        0x4 _build/nrf51422_xxac_fds.c.o
 .rodata.page_tag_data.6332
                0x00024570        0x8 _build/nrf51422_xxac_fds.c.o
 .rodata.page_tag_swap.6328
                0x00024578        0x8 _build/nrf51422_xxac_fds.c.o
 .rodata._DoInit.str1.1
                0x00024580       0x14 _build/nrf51422_xxac_SEGGER_RTT.c.o
 .rodata.m_board_btn_list
                0x00024594        0x4 _build/nrf51422_xxac_boards.c.o
 .rodata.m_board_led_list
                0x00024598        0x4 _build/nrf51422_xxac_boards.c.o
 .rodata.m_twi_sht3x
                0x0002459c        0x8 _build/nrf51422_xxac_cpt_sht3x_data.c.o
 .rodata.read_data.str1.1
                0x000245a4       0x2a _build/nrf51422_xxac_cpt_sht3x_data.c.o
 .rodata.sht3x_set_SENSOR.str1.1
                0x000245ce       0x19 _build/nrf51422_xxac_cpt_sht3x_data.c.o
 .rodata.sht3x_set_mode.str1.1
                0x000245e7       0x16 _build/nrf51422_xxac_cpt_sht3x_data.c.o
 .rodata.twi_handler.str1.1
                0x000245fd       0x39 _build/nrf51422_xxac_cpt_sht3x_data.c.o
 .rodata.bsp_ReadSensor0read.str1.1
                0x00024636       0x32 _build/nrf51422_xxac_bsp_sensor.c.o
 .rodata.bsp_ReadSensor1read.str1.1
                0x00024668       0x33 _build/nrf51422_xxac_bsp_sensor.c.o
 .rodata.bsp_ReadSensor2read.str1.1
                0x0002469b       0x33 _build/nrf51422_xxac_bsp_sensor.c.o
 .rodata.bsp_ReadSensor3read.str1.1
                0x000246ce       0x34 _build/nrf51422_xxac_bsp_sensor.c.o
 .rodata.bsp_ReadSensor4read.str1.1
                0x00024702       0x35 _build/nrf51422_xxac_bsp_sensor.c.o
 .rodata.bsp_ReadSensor5read.str1.1
                0x00024737       0x36 _build/nrf51422_xxac_bsp_sensor.c.o
 .rodata.bsp_ReadSensor6read.str1.1
                0x0002476d       0x33 _build/nrf51422_xxac_bsp_sensor.c.o
 .rodata.bsp_ReadSensor7read.str1.1
                0x000247a0       0x33 _build/nrf51422_xxac_bsp_sensor.c.o
 .rodata.main.str1.1
                0x000247d3       0x19 _build/nrf51422_xxac_main.c.o
 .rodata        0x000247ec        0x4 _build/nrf51422_xxac_ble_interface.c.o
 .rodata.ble_evt_dispatch.str1.1
                0x000247f0       0x32 _build/nrf51422_xxac_ble_interface.c.o
 .rodata.ble_init.str1.1
                0x00024822       0xa9 _build/nrf51422_xxac_ble_interface.c.o
 *fill*         0x000248cb        0x1 
 .rodata.m_battery_timer_id
                0x000248cc        0x4 _build/nrf51422_xxac_ble_interface.c.o
 .rodata.m_heart_rate_timer_id
                0x000248d0        0x4 _build/nrf51422_xxac_ble_interface.c.o
 .rodata.m_rr_interval_timer_id
                0x000248d4        0x4 _build/nrf51422_xxac_ble_interface.c.o
 .rodata.m_sensor_contact_timer_id
                0x000248d8        0x4 _build/nrf51422_xxac_ble_interface.c.o
 .rodata.on_adv_evt.str1.1
                0x000248dc       0x19 _build/nrf51422_xxac_ble_interface.c.o
 *fill*         0x000248f5        0x3 
 .rodata.m_conn_params_timer_id
                0x000248f8        0x4 _build/nrf51422_xxac_ble_conn_params.c.o
 .rodata        0x000248fc       0x10 _build/nrf51422_xxac_gatts_cache_manager.c.o
 .rodata.service_changed_pending.7203
                0x0002490c        0x4 _build/nrf51422_xxac_gatts_cache_manager.c.o
 .rodata.service_changed_pending.7266
                0x00024910        0x4 _build/nrf51422_xxac_gatts_cache_manager.c.o
 .rodata.CSWTCH.10
                0x00024914        0xa _build/nrf51422_xxac_peer_data_storage.c.o
 *fill*         0x0002491e        0x2 
 .rodata.m_evt_handlers
                0x00024920       0x14 _build/nrf51422_xxac_peer_database.c.o
 .rodata.softdevice_enable.str1.1
                0x00024934       0x9b _build/nrf51422_xxac_softdevice_handler.c.o
 *fill*         0x000249cf        0x1 
 .rodata        0x000249d0       0x40 c:/program files (x86)/gnu tools arm embedded/8 2019-q3-update/bin/../lib/gcc/arm-none-eabi/8.3.1/thumb/v6-m/nofp\libgcc.a(mulsf3.o)
 .rodata        0x00024a10       0x40 c:/program files (x86)/gnu tools arm embedded/8 2019-q3-update/bin/../lib/gcc/arm-none-eabi/8.3.1/thumb/v6-m/nofp\libgcc.a(muldf3.o)
 .rodata._ctype_
                0x00024a50      0x101 c:/program files (x86)/gnu tools arm embedded/8 2019-q3-update/bin/../lib/gcc/arm-none-eabi/8.3.1/../../../../arm-none-eabi/lib/thumb/v6-m/nofp\libc_nano.a(lib_a-ctype_.o)
                0x00024a50                _ctype_
 .rodata._svfprintf_r.str1.1
                0x00024b51       0x11 c:/program files (x86)/gnu tools arm embedded/8 2019-q3-update/bin/../lib/gcc/arm-none-eabi/8.3.1/../../../../arm-none-eabi/lib/thumb/v6-m/nofp\libc_nano.a(lib_a-nano-svfprintf.o)
 .rodata._printf_i.str1.1
                0x00024b62       0x22 c:/program files (x86)/gnu tools arm embedded/8 2019-q3-update/bin/../lib/gcc/arm-none-eabi/8.3.1/../../../../arm-none-eabi/lib/thumb/v6-m/nofp\libc_nano.a(lib_a-nano-vfprintf_i.o)
 *(.eh_frame*)
 .eh_frame      0x00024b84        0x0 c:/program files (x86)/gnu tools arm embedded/8 2019-q3-update/bin/../lib/gcc/arm-none-eabi/8.3.1/thumb/v6-m/nofp/crtbegin.o
 .eh_frame      0x00024b84        0x4 c:/program files (x86)/gnu tools arm embedded/8 2019-q3-update/bin/../lib/gcc/arm-none-eabi/8.3.1/thumb/v6-m/nofp/crtend.o

.glue_7         0x00024b88        0x0
 .glue_7        0x00024b88        0x0 linker stubs

.glue_7t        0x00024b88        0x0
 .glue_7t       0x00024b88        0x0 linker stubs

.vfp11_veneer   0x00024b88        0x0
 .vfp11_veneer  0x00024b88        0x0 linker stubs

.v4_bx          0x00024b88        0x0
 .v4_bx         0x00024b88        0x0 linker stubs

.iplt           0x00024b88        0x0
 .iplt          0x00024b88        0x0 c:/program files (x86)/gnu tools arm embedded/8 2019-q3-update/bin/../lib/gcc/arm-none-eabi/8.3.1/thumb/v6-m/nofp/crtbegin.o

.ARM.extab
 *(.ARM.extab* .gnu.linkonce.armextab.*)
                0x00024b88                __exidx_start = .

.ARM.exidx      0x00024b88        0x8
 *(.ARM.exidx* .gnu.linkonce.armexidx.*)
 .ARM.exidx     0x00024b88        0x8 c:/program files (x86)/gnu tools arm embedded/8 2019-q3-update/bin/../lib/gcc/arm-none-eabi/8.3.1/../../../../arm-none-eabi/lib/thumb/v6-m/nofp/crt0.o
                0x00024b90                __exidx_end = .
                0x00024b90                __etext = .

.rel.dyn        0x00024b90        0x0
 .rel.iplt      0x00024b90        0x0 c:/program files (x86)/gnu tools arm embedded/8 2019-q3-update/bin/../lib/gcc/arm-none-eabi/8.3.1/thumb/v6-m/nofp/crtbegin.o

.data           0x20001fe8       0x9c load address 0x00024b90
                0x20001fe8                __data_start__ = .
 *(vtable)
 *(.data*)
 .data._impure_ptr
                0x20001fe8        0x4 c:/program files (x86)/gnu tools arm embedded/8 2019-q3-update/bin/../lib/gcc/arm-none-eabi/8.3.1/../../../../arm-none-eabi/lib/thumb/v6-m/nofp\libc_nano.a(lib_a-impure.o)
                0x20001fe8                _impure_ptr
 .data.impure_data
                0x20001fec       0x60 c:/program files (x86)/gnu tools arm embedded/8 2019-q3-update/bin/../lib/gcc/arm-none-eabi/8.3.1/../../../../arm-none-eabi/lib/thumb/v6-m/nofp\libc_nano.a(lib_a-impure.o)
 .data.m_adv_uuids
                0x2000204c        0xc _build/nrf51422_xxac_ble_interface.c.o
 .data.m_conn_handle
                0x20002058        0x2 _build/nrf51422_xxac_ble_interface.c.o
 .data.m_rr_interval_enabled
                0x2000205a        0x1 _build/nrf51422_xxac_ble_interface.c.o
 *fill*         0x2000205b        0x1 
 .data.m_whitelist
                0x2000205c       0x10 _build/nrf51422_xxac_ble_advertising.c.o
 .data.m_flag_sec_proc
                0x2000206c        0x1 _build/nrf51422_xxac_security_dispatcher.c.o
 .data.m_flag_sec_proc_new_peer
                0x2000206d        0x1 _build/nrf51422_xxac_security_dispatcher.c.o
 .data.m_flag_sec_proc_pairing
                0x2000206e        0x1 _build/nrf51422_xxac_security_dispatcher.c.o
 .data.m_flag_link_secure_force_repairing
                0x2000206f        0x1 _build/nrf51422_xxac_security_manager.c.o
 .data.m_flag_link_secure_null_params
                0x20002070        0x1 _build/nrf51422_xxac_security_manager.c.o
 .data.m_flag_link_secure_pending_busy
                0x20002071        0x1 _build/nrf51422_xxac_security_manager.c.o
 .data.m_flag_link_secure_pending_flash_full
                0x20002072        0x1 _build/nrf51422_xxac_security_manager.c.o
 .data.m_flag_params_reply_pending_busy
                0x20002073        0x1 _build/nrf51422_xxac_security_manager.c.o
 .data.m_flag_params_reply_pending_flash_full
                0x20002074        0x1 _build/nrf51422_xxac_security_manager.c.o
 .data.m_flag_reject_pairing
                0x20002075        0x1 _build/nrf51422_xxac_security_manager.c.o
 *fill*         0x20002076        0x2 
 .data.SystemCoreClock
                0x20002078        0x4 _build/nrf51422_xxac_system_nrf51.c.o
                0x20002078                SystemCoreClock
                0x2000207c                . = ALIGN (0x4)
                0x2000207c                PROVIDE (__preinit_array_start = .)
 *(.preinit_array)
                0x2000207c                PROVIDE (__preinit_array_end = .)
                0x2000207c                . = ALIGN (0x4)
                0x2000207c                PROVIDE (__init_array_start = .)
 *(SORT_BY_NAME(.init_array.*))
 *(.init_array)
 .init_array    0x2000207c        0x4 c:/program files (x86)/gnu tools arm embedded/8 2019-q3-update/bin/../lib/gcc/arm-none-eabi/8.3.1/thumb/v6-m/nofp/crtbegin.o
                0x20002080                PROVIDE (__init_array_end = .)
                0x20002080                . = ALIGN (0x4)
                [!provide]                PROVIDE (__fini_array_start = .)
 *(SORT_BY_NAME(.fini_array.*))
 *(.fini_array)
 .fini_array    0x20002080        0x4 c:/program files (x86)/gnu tools arm embedded/8 2019-q3-update/bin/../lib/gcc/arm-none-eabi/8.3.1/thumb/v6-m/nofp/crtbegin.o
                [!provide]                PROVIDE (__fini_array_end = .)
 *(.jcr*)
                0x20002084                . = ALIGN (0x4)
                0x20002084                __data_end__ = .
LOAD c:/program files (x86)/gnu tools arm embedded/8 2019-q3-update/bin/../lib/gcc/arm-none-eabi/8.3.1/thumb/v6-m/nofp/crti.o
LOAD c:/program files (x86)/gnu tools arm embedded/8 2019-q3-update/bin/../lib/gcc/arm-none-eabi/8.3.1/thumb/v6-m/nofp/crtbegin.o
LOAD c:/program files (x86)/gnu tools arm embedded/8 2019-q3-update/bin/../lib/gcc/arm-none-eabi/8.3.1/../../../../arm-none-eabi/lib/thumb/v6-m/nofp/crt0.o
LOAD c:/program files (x86)/gnu tools arm embedded/8 2019-q3-update/bin/../lib/gcc/arm-none-eabi/8.3.1/../../../../arm-none-eabi/lib/thumb/v6-m/nofp\libc_nano.a
LOAD c:/program files (x86)/gnu tools arm embedded/8 2019-q3-update/bin/../lib/gcc/arm-none-eabi/8.3.1/../../../../arm-none-eabi/lib/thumb/v6-m/nofp\libnosys.a
LOAD _build/nrf51422_xxac_nrf_log_backend_serial.c.o
LOAD _build/nrf51422_xxac_nrf_log_frontend.c.o
LOAD _build/nrf51422_xxac_app_button.c.o
LOAD _build/nrf51422_xxac_app_error.c.o
LOAD _build/nrf51422_xxac_app_error_weak.c.o
LOAD _build/nrf51422_xxac_app_timer.c.o
LOAD _build/nrf51422_xxac_app_util_platform.c.o
LOAD _build/nrf51422_xxac_crc16.c.o
LOAD _build/nrf51422_xxac_fds.c.o
LOAD _build/nrf51422_xxac_fstorage.c.o
LOAD _build/nrf51422_xxac_hardfault_implementation.c.o
LOAD _build/nrf51422_xxac_nrf_assert.c.o
LOAD _build/nrf51422_xxac_sdk_errors.c.o
LOAD _build/nrf51422_xxac_sdk_mapped_flags.c.o
LOAD _build/nrf51422_xxac_RTT_Syscalls_GCC.c.o
LOAD _build/nrf51422_xxac_SEGGER_RTT.c.o
LOAD _build/nrf51422_xxac_SEGGER_RTT_printf.c.o
LOAD _build/nrf51422_xxac_sensorsim.c.o
LOAD _build/nrf51422_xxac_boards.c.o
LOAD _build/nrf51422_xxac_nrf_drv_clock.c.o
LOAD _build/nrf51422_xxac_nrf_drv_common.c.o
LOAD _build/nrf51422_xxac_nrf_drv_gpiote.c.o
LOAD _build/nrf51422_xxac_nrf_drv_uart.c.o
LOAD _build/nrf51422_xxac_hal_drv_twi.c.o
LOAD _build/nrf51422_xxac_cpt_sht3x_data.c.o
LOAD _build/nrf51422_xxac_bsp_sensor.c.o
LOAD _build/nrf51422_xxac_bsp.c.o
LOAD _build/nrf51422_xxac_bsp_btn_ble.c.o
LOAD _build/nrf51422_xxac_bsp_nfc.c.o
LOAD _build/nrf51422_xxac_main.c.o
LOAD _build/nrf51422_xxac_ble_interface.c.o
LOAD _build/nrf51422_xxac_ble_advdata.c.o
LOAD _build/nrf51422_xxac_ble_advertising.c.o
LOAD _build/nrf51422_xxac_ble_conn_params.c.o
LOAD _build/nrf51422_xxac_ble_conn_state.c.o
LOAD _build/nrf51422_xxac_ble_srv_common.c.o
LOAD _build/nrf51422_xxac_gatt_cache_manager.c.o
LOAD _build/nrf51422_xxac_gatts_cache_manager.c.o
LOAD _build/nrf51422_xxac_id_manager.c.o
LOAD _build/nrf51422_xxac_nrf_ble_gatt.c.o
LOAD _build/nrf51422_xxac_peer_data.c.o
LOAD _build/nrf51422_xxac_peer_data_storage.c.o
LOAD _build/nrf51422_xxac_peer_database.c.o
LOAD _build/nrf51422_xxac_peer_id.c.o
LOAD _build/nrf51422_xxac_peer_manager.c.o
LOAD _build/nrf51422_xxac_pm_buffer.c.o
LOAD _build/nrf51422_xxac_pm_mutex.c.o
LOAD _build/nrf51422_xxac_security_dispatcher.c.o
LOAD _build/nrf51422_xxac_security_manager.c.o
LOAD _build/nrf51422_xxac_gcc_startup_nrf51.S.o
LOAD _build/nrf51422_xxac_system_nrf51.c.o
LOAD _build/nrf51422_xxac_ble_bas.c.o
LOAD _build/nrf51422_xxac_ble_dis.c.o
LOAD _build/nrf51422_xxac_ble_hrs.c.o
LOAD _build/nrf51422_xxac_softdevice_handler.c.o
LOAD c:/program files (x86)/gnu tools arm embedded/8 2019-q3-update/bin/../lib/gcc/arm-none-eabi/8.3.1/../../../../arm-none-eabi/lib/thumb/v6-m/nofp\libm.a
START GROUP
LOAD c:/program files (x86)/gnu tools arm embedded/8 2019-q3-update/bin/../lib/gcc/arm-none-eabi/8.3.1/thumb/v6-m/nofp\libgcc.a
LOAD c:/program files (x86)/gnu tools arm embedded/8 2019-q3-update/bin/../lib/gcc/arm-none-eabi/8.3.1/../../../../arm-none-eabi/lib/thumb/v6-m/nofp\libc_nano.a
END GROUP
START GROUP
LOAD c:/program files (x86)/gnu tools arm embedded/8 2019-q3-update/bin/../lib/gcc/arm-none-eabi/8.3.1/thumb/v6-m/nofp\libgcc.a
LOAD c:/program files (x86)/gnu tools arm embedded/8 2019-q3-update/bin/../lib/gcc/arm-none-eabi/8.3.1/../../../../arm-none-eabi/lib/thumb/v6-m/nofp\libc_nano.a
END GROUP
LOAD c:/program files (x86)/gnu tools arm embedded/8 2019-q3-update/bin/../lib/gcc/arm-none-eabi/8.3.1/thumb/v6-m/nofp/crtend.o
LOAD c:/program files (x86)/gnu tools arm embedded/8 2019-q3-update/bin/../lib/gcc/arm-none-eabi/8.3.1/thumb/v6-m/nofp/crtn.o
START GROUP
LOAD c:/program files (x86)/gnu tools arm embedded/8 2019-q3-update/bin/../lib/gcc/arm-none-eabi/8.3.1/thumb/v6-m/nofp\libgcc.a
LOAD c:/program files (x86)/gnu tools arm embedded/8 2019-q3-update/bin/../lib/gcc/arm-none-eabi/8.3.1/../../../../arm-none-eabi/lib/thumb/v6-m/nofp\libc.a
LOAD c:/program files (x86)/gnu tools arm embedded/8 2019-q3-update/bin/../lib/gcc/arm-none-eabi/8.3.1/../../../../arm-none-eabi/lib/thumb/v6-m/nofp\libnosys.a
END GROUP

.igot.plt       0x20002084        0x0 load address 0x00024c2c
 .igot.plt      0x20002084        0x0 c:/program files (x86)/gnu tools arm embedded/8 2019-q3-update/bin/../lib/gcc/arm-none-eabi/8.3.1/thumb/v6-m/nofp/crtbegin.o

.fs_data        0x20002084       0x10 load address 0x00024c2c
                0x20002084                PROVIDE (__start_fs_data = .)
 *(.fs_data)
 .fs_data       0x20002084       0x10 _build/nrf51422_xxac_fds.c.o
                0x20002094                PROVIDE (__stop_fs_data = .)

.pwr_mgmt_data  0x20002094        0x0
                [!provide]                PROVIDE (__start_pwr_mgmt_data = .)
 *(.pwr_mgmt_data)
                [!provide]                PROVIDE (__stop_pwr_mgmt_data = .)

.bss            0x20002094      0xf00 load address 0x00024c3c
                0x20002094                . = ALIGN (0x4)
                0x20002094                __bss_start__ = .
 *(.bss*)
 .bss           0x20002094       0x1c c:/program files (x86)/gnu tools arm embedded/8 2019-q3-update/bin/../lib/gcc/arm-none-eabi/8.3.1/thumb/v6-m/nofp/crtbegin.o
 .bss.m_blocking_mode
                0x200020b0        0x1 _build/nrf51422_xxac_nrf_log_backend_serial.c.o
 .bss.m_initialized
                0x200020b1        0x1 _build/nrf51422_xxac_nrf_log_backend_serial.c.o
 *fill*         0x200020b2        0x2 
 .bss.m_log_data
                0x200020b4       0x1c _build/nrf51422_xxac_nrf_log_frontend.c.o
 .bss.m_evt_schedule_func
                0x200020d0        0x4 _build/nrf51422_xxac_app_timer.c.o
 .bss.m_op_queue
                0x200020d4        0x8 _build/nrf51422_xxac_app_timer.c.o
 .bss.m_rtc1_reset
                0x200020dc        0x1 _build/nrf51422_xxac_app_timer.c.o
 .bss.m_rtc1_running
                0x200020dd        0x1 _build/nrf51422_xxac_app_timer.c.o
 *fill*         0x200020de        0x2 
 .bss.m_ticks_elapsed
                0x200020e0        0x8 _build/nrf51422_xxac_app_timer.c.o
 .bss.m_ticks_elapsed_q_read_ind
                0x200020e8        0x1 _build/nrf51422_xxac_app_timer.c.o
 .bss.m_ticks_elapsed_q_write_ind
                0x200020e9        0x1 _build/nrf51422_xxac_app_timer.c.o
 *fill*         0x200020ea        0x2 
 .bss.m_ticks_latest
                0x200020ec        0x4 _build/nrf51422_xxac_app_timer.c.o
 .bss.mp_timer_id_head
                0x200020f0        0x4 _build/nrf51422_xxac_app_timer.c.o
 .bss.desc.6561
                0x200020f4        0xc _build/nrf51422_xxac_fds.c.o
 .bss.m_cb_table
                0x20002100       0x20 _build/nrf51422_xxac_fds.c.o
 .bss.m_chunk_queue
                0x20002120       0x48 _build/nrf51422_xxac_fds.c.o
 .bss.m_flags   0x20002168        0x1 _build/nrf51422_xxac_fds.c.o
 *fill*         0x20002169        0x3 
 .bss.m_gc      0x2000216c       0x10 _build/nrf51422_xxac_fds.c.o
 .bss.m_latest_rec_id
                0x2000217c        0x4 _build/nrf51422_xxac_fds.c.o
 .bss.m_op_queue
                0x20002180       0x78 _build/nrf51422_xxac_fds.c.o
 .bss.m_pages   0x200021f8       0x20 _build/nrf51422_xxac_fds.c.o
 .bss.m_swap_page
                0x20002218        0x8 _build/nrf51422_xxac_fds.c.o
 .bss.page.6562
                0x20002220        0x2 _build/nrf51422_xxac_fds.c.o
 *fill*         0x20002222        0x2 
 .bss.tok.6467  0x20002224        0x8 _build/nrf51422_xxac_fds.c.o
 .bss.m_flags   0x2000222c        0x1 _build/nrf51422_xxac_fstorage.c.o
 *fill*         0x2000222d        0x3 
 .bss.m_queue   0x20002230       0x68 _build/nrf51422_xxac_fstorage.c.o
 .bss.m_retry_count
                0x20002298        0x1 _build/nrf51422_xxac_fstorage.c.o
 .bss._acDownBuffer
                0x20002299       0x40 _build/nrf51422_xxac_SEGGER_RTT.c.o
 .bss._acUpBuffer
                0x200022d9      0x400 _build/nrf51422_xxac_SEGGER_RTT.c.o
 *fill*         0x200026d9        0x3 
 .bss.m_clock_cb
                0x200026dc       0x14 _build/nrf51422_xxac_nrf_drv_clock.c.o
 .bss.m_cb      0x200026f0       0x4c _build/nrf51422_xxac_nrf_drv_gpiote.c.o
 .bss.m_cb      0x2000273c       0x1c _build/nrf51422_xxac_nrf_drv_uart.c.o
 .bss.m_cb      0x20002758       0x28 _build/nrf51422_xxac_hal_drv_twi.c.o
 .bss.m_sample.6273
                0x20002780        0x6 _build/nrf51422_xxac_cpt_sht3x_data.c.o
 *fill*         0x20002786        0x2 
 .bss.m_sensor_val_f
                0x20002788        0x8 _build/nrf51422_xxac_cpt_sht3x_data.c.o
 .bss.m_xfer_done
                0x20002790        0x1 _build/nrf51422_xxac_cpt_sht3x_data.c.o
 .bss.reg.6297  0x20002791        0x2 _build/nrf51422_xxac_cpt_sht3x_data.c.o
 *fill*         0x20002793        0x1 
 .bss.m_alert_timer_id_data
                0x20002794       0x20 _build/nrf51422_xxac_bsp.c.o
 .bss.m_app_ticks_per_100ms
                0x200027b4        0x4 _build/nrf51422_xxac_bsp.c.o
 .bss.m_events_list
                0x200027b8        0xc _build/nrf51422_xxac_bsp.c.o
 .bss.m_indication_type
                0x200027c4        0x4 _build/nrf51422_xxac_bsp.c.o
 .bss.m_leds_clear
                0x200027c8        0x1 _build/nrf51422_xxac_bsp.c.o
 *fill*         0x200027c9        0x3 
 .bss.m_leds_timer_id_data
                0x200027cc       0x20 _build/nrf51422_xxac_bsp.c.o
 .bss.m_stable_state
                0x200027ec        0x1 _build/nrf51422_xxac_bsp.c.o
 *fill*         0x200027ed        0x3 
 .bss.m_error_handler
                0x200027f0        0x4 _build/nrf51422_xxac_bsp_btn_ble.c.o
 .bss.m_num_connections
                0x200027f4        0x4 _build/nrf51422_xxac_bsp_btn_ble.c.o
 .bss.APP_TIMER_BUF.8973
                0x200027f8       0x78 _build/nrf51422_xxac_ble_interface.c.o
 .bss.BLE_EVT_BUFFER.9068
                0x20002870       0xd0 _build/nrf51422_xxac_ble_interface.c.o
 .bss.CheckSum  0x20002940        0x2 _build/nrf51422_xxac_ble_interface.c.o
 *fill*         0x20002942        0x2 
 .bss.dataPacket
                0x20002944        0x4 _build/nrf51422_xxac_ble_interface.c.o
 .bss.heart_rate
                0x20002948        0x2 _build/nrf51422_xxac_ble_interface.c.o
 .bss.hrm_value
                0x2000294a        0x2 _build/nrf51422_xxac_ble_interface.c.o
 .bss.i         0x2000294c        0x4 _build/nrf51422_xxac_ble_interface.c.o
 .bss.m_bas     0x20002950       0x18 _build/nrf51422_xxac_ble_interface.c.o
 .bss.m_battery_timer_id_data
                0x20002968       0x20 _build/nrf51422_xxac_ble_interface.c.o
 .bss.m_gatt    0x20002988       0x10 _build/nrf51422_xxac_ble_interface.c.o
 .bss.m_heart_rate_timer_id_data
                0x20002998       0x20 _build/nrf51422_xxac_ble_interface.c.o
 .bss.m_hrs     0x200029b8       0x50 _build/nrf51422_xxac_ble_interface.c.o
 .bss.m_rr_interval_timer_id_data
                0x20002a08       0x20 _build/nrf51422_xxac_ble_interface.c.o
 .bss.m_sensor_contact_timer_id_data
                0x20002a28       0x20 _build/nrf51422_xxac_ble_interface.c.o
 .bss.m_adv_evt
                0x20002a48        0x1 _build/nrf51422_xxac_ble_advertising.c.o
 .bss.m_adv_mode_current
                0x20002a49        0x1 _build/nrf51422_xxac_ble_advertising.c.o
 *fill*         0x20002a4a        0x2 
 .bss.m_adv_modes_config
                0x20002a4c       0x20 _build/nrf51422_xxac_ble_advertising.c.o
 .bss.m_advdata
                0x20002a6c       0x3c _build/nrf51422_xxac_ble_advertising.c.o
 .bss.m_advertising_start_pending
                0x20002aa8        0x1 _build/nrf51422_xxac_ble_advertising.c.o
 *fill*         0x20002aa9        0x1 
 .bss.m_current_slave_link_conn_handle
                0x20002aaa        0x2 _build/nrf51422_xxac_ble_advertising.c.o
 .bss.m_error_handler
                0x20002aac        0x4 _build/nrf51422_xxac_ble_advertising.c.o
 .bss.m_evt_handler
                0x20002ab0        0x4 _build/nrf51422_xxac_ble_advertising.c.o
 .bss.m_initialized
                0x20002ab4        0x1 _build/nrf51422_xxac_ble_advertising.c.o
 .bss.m_manuf_data_array
                0x20002ab5       0x1f _build/nrf51422_xxac_ble_advertising.c.o
 .bss.m_manuf_specific_data
                0x20002ad4        0xc _build/nrf51422_xxac_ble_advertising.c.o
 .bss.m_p_whitelist_addrs
                0x20002ae0       0x20 _build/nrf51422_xxac_ble_advertising.c.o
 .bss.m_p_whitelist_irks
                0x20002b00       0x20 _build/nrf51422_xxac_ble_advertising.c.o
 .bss.m_peer_addr_reply_expected
                0x20002b20        0x1 _build/nrf51422_xxac_ble_advertising.c.o
 .bss.m_peer_address
                0x20002b21        0x7 _build/nrf51422_xxac_ble_advertising.c.o
 .bss.m_service_data
                0x20002b28        0xc _build/nrf51422_xxac_ble_advertising.c.o
 .bss.m_service_data_array
                0x20002b34       0x1f _build/nrf51422_xxac_ble_advertising.c.o
 *fill*         0x20002b53        0x1 
 .bss.m_slave_conn_int
                0x20002b54        0x4 _build/nrf51422_xxac_ble_advertising.c.o
 .bss.m_whitelist_addrs
                0x20002b58       0x38 _build/nrf51422_xxac_ble_advertising.c.o
 .bss.m_whitelist_irks
                0x20002b90       0x80 _build/nrf51422_xxac_ble_advertising.c.o
 .bss.m_whitelist_reply_expected
                0x20002c10        0x1 _build/nrf51422_xxac_ble_advertising.c.o
 .bss.m_whitelist_temporarily_disabled
                0x20002c11        0x1 _build/nrf51422_xxac_ble_advertising.c.o
 .bss.m_change_param
                0x20002c12        0x1 _build/nrf51422_xxac_ble_conn_params.c.o
 *fill*         0x20002c13        0x1 
 .bss.m_conn_handle
                0x20002c14        0x2 _build/nrf51422_xxac_ble_conn_params.c.o
 *fill*         0x20002c16        0x2 
 .bss.m_conn_params_config
                0x20002c18       0x1c _build/nrf51422_xxac_ble_conn_params.c.o
 .bss.m_conn_params_timer_id_data
                0x20002c34       0x20 _build/nrf51422_xxac_ble_conn_params.c.o
 .bss.m_current_conn_params
                0x20002c54        0x8 _build/nrf51422_xxac_ble_conn_params.c.o
 .bss.m_preferred_conn_params
                0x20002c5c        0x8 _build/nrf51422_xxac_ble_conn_params.c.o
 .bss.m_update_count
                0x20002c64        0x1 _build/nrf51422_xxac_ble_conn_params.c.o
 *fill*         0x20002c65        0x3 
 .bss.m_bcs     0x20002c68       0x34 _build/nrf51422_xxac_ble_conn_state.c.o
 .bss.m_flag_local_db_apply_pending
                0x20002c9c        0x1 _build/nrf51422_xxac_gatt_cache_manager.c.o
 .bss.m_flag_local_db_update_pending
                0x20002c9d        0x1 _build/nrf51422_xxac_gatt_cache_manager.c.o
 .bss.m_flag_service_changed_pending
                0x20002c9e        0x1 _build/nrf51422_xxac_gatt_cache_manager.c.o
 .bss.m_flag_service_changed_sent
                0x20002c9f        0x1 _build/nrf51422_xxac_gatt_cache_manager.c.o
 .bss.m_current_sc_store_peer_id
                0x20002ca0        0x2 _build/nrf51422_xxac_gatts_cache_manager.c.o
 .bss.start_handle.7258
                0x20002ca2        0x2 _build/nrf51422_xxac_gatts_cache_manager.c.o
 .bss.m_conn_state_user_flag_id
                0x20002ca4        0x1 _build/nrf51422_xxac_id_manager.c.o
 *fill*         0x20002ca5        0x1 
 .bss.m_connections
                0x20002ca6       0x60 _build/nrf51422_xxac_id_manager.c.o
 *fill*         0x20002d06        0x2 
 .bss.m_fds_ftok
                0x20002d08        0x8 _build/nrf51422_xxac_peer_data_storage.c.o
 .bss.m_peer_delete_ongoing
                0x20002d10        0x1 _build/nrf51422_xxac_peer_data_storage.c.o
 .bss.m_peer_delete_queued
                0x20002d11        0x1 _build/nrf51422_xxac_peer_data_storage.c.o
 *fill*         0x20002d12        0x2 
 .bss.m_n_writes
                0x20002d14        0x4 _build/nrf51422_xxac_peer_database.c.o
 .bss.m_write_buffer
                0x20002d18       0x10 _build/nrf51422_xxac_peer_database.c.o
 .bss.m_write_buffer_records
                0x20002d28       0xa0 _build/nrf51422_xxac_peer_database.c.o
 .bss.m_pi      0x20002dc8       0x40 _build/nrf51422_xxac_peer_id.c.o
 .bss.m_bonding_flag_id
                0x20002e08        0x1 _build/nrf51422_xxac_peer_manager.c.o
 *fill*         0x20002e09        0x3 
 .bss.m_current_highest_peer_rank
                0x20002e0c        0x4 _build/nrf51422_xxac_peer_manager.c.o
 .bss.m_deleting_all
                0x20002e10        0x1 _build/nrf51422_xxac_peer_manager.c.o
 *fill*         0x20002e11        0x3 
 .bss.m_evt_handlers
                0x20002e14        0xc _build/nrf51422_xxac_peer_manager.c.o
 .bss.m_highest_ranked_peer
                0x20002e20        0x2 _build/nrf51422_xxac_peer_manager.c.o
 .bss.m_module_initialized
                0x20002e22        0x1 _build/nrf51422_xxac_peer_manager.c.o
 .bss.m_n_registrants
                0x20002e23        0x1 _build/nrf51422_xxac_peer_manager.c.o
 .bss.m_pairing_flag_id
                0x20002e24        0x1 _build/nrf51422_xxac_peer_manager.c.o
 *fill*         0x20002e25        0x3 
 .bss.m_peer_rank_token
                0x20002e28        0x4 _build/nrf51422_xxac_peer_manager.c.o
 .bss.m_peer_pk
                0x20002e2c       0x40 _build/nrf51422_xxac_security_dispatcher.c.o
 .bss.m_p_public_key
                0x20002e6c        0x4 _build/nrf51422_xxac_security_manager.c.o
 .bss.m_sec_params
                0x20002e70        0x5 _build/nrf51422_xxac_security_manager.c.o
 .bss.m_sec_params_valid
                0x20002e75        0x1 _build/nrf51422_xxac_security_manager.c.o
 .bss.fw_rev_handles
                0x20002e76        0x8 _build/nrf51422_xxac_ble_dis.c.o
 .bss.hw_rev_handles
                0x20002e7e        0x8 _build/nrf51422_xxac_ble_dis.c.o
 .bss.manufact_name_handles
                0x20002e86        0x8 _build/nrf51422_xxac_ble_dis.c.o
 .bss.model_num_handles
                0x20002e8e        0x8 _build/nrf51422_xxac_ble_dis.c.o
 .bss.pnp_id_handles
                0x20002e96        0x8 _build/nrf51422_xxac_ble_dis.c.o
 .bss.reg_cert_data_list_handles
                0x20002e9e        0x8 _build/nrf51422_xxac_ble_dis.c.o
 .bss.serial_num_handles
                0x20002ea6        0x8 _build/nrf51422_xxac_ble_dis.c.o
 .bss.service_handle
                0x20002eae        0x2 _build/nrf51422_xxac_ble_dis.c.o
 .bss.sw_rev_handles
                0x20002eb0        0x8 _build/nrf51422_xxac_ble_dis.c.o
 .bss.sys_id_handles
                0x20002eb8        0x8 _build/nrf51422_xxac_ble_dis.c.o
 .bss.m_ble_evt_buffer_size
                0x20002ec0        0x2 _build/nrf51422_xxac_softdevice_handler.c.o
 *fill*         0x20002ec2        0x2 
 .bss.m_ble_evt_handler
                0x20002ec4        0x4 _build/nrf51422_xxac_softdevice_handler.c.o
 .bss.m_evt_schedule_func
                0x20002ec8        0x4 _build/nrf51422_xxac_softdevice_handler.c.o
 .bss.m_softdevice_enabled
                0x20002ecc        0x1 _build/nrf51422_xxac_softdevice_handler.c.o
 .bss.m_suspended
                0x20002ecd        0x1 _build/nrf51422_xxac_softdevice_handler.c.o
 *fill*         0x20002ece        0x2 
 .bss.m_sys_evt_handler
                0x20002ed0        0x4 _build/nrf51422_xxac_softdevice_handler.c.o
 .bss.mp_ble_evt_buffer
                0x20002ed4        0x4 _build/nrf51422_xxac_softdevice_handler.c.o
 .bss.__malloc_free_list
                0x20002ed8        0x4 c:/program files (x86)/gnu tools arm embedded/8 2019-q3-update/bin/../lib/gcc/arm-none-eabi/8.3.1/../../../../arm-none-eabi/lib/thumb/v6-m/nofp\libc_nano.a(lib_a-nano-mallocr.o)
                0x20002ed8                __malloc_free_list
 .bss.__malloc_sbrk_start
                0x20002edc        0x4 c:/program files (x86)/gnu tools arm embedded/8 2019-q3-update/bin/../lib/gcc/arm-none-eabi/8.3.1/../../../../arm-none-eabi/lib/thumb/v6-m/nofp\libc_nano.a(lib_a-nano-mallocr.o)
                0x20002edc                __malloc_sbrk_start
 .bss.heap_end.4194